[4mInitializing[24m
Command-line options: [36m--verbose[39m

Reading "Gruntfile.js" Gruntfile...[32mOK[39m

[1mRegistering Gruntfile tasks.[22m

[1mRegistering "grunt-autoprefixer" local Npm module tasks.[22m
Reading C:\repos\encompass\encompass-aquiferium\node_modules\grunt-autoprefixer\package.json...[32mOK[39m
Parsing C:\repos\encompass\encompass-aquiferium\node_modules\grunt-autoprefixer\package.json...[32mOK[39m
Loading "autoprefixer.js" tasks...[32mOK[39m
+ [36mautoprefixer[39m

[1mRegistering "grunt-bower-install" local Npm module tasks.[22m
Reading C:\repos\encompass\encompass-aquiferium\node_modules\grunt-bower-install\package.json...[32mOK[39m
Parsing C:\repos\encompass\encompass-aquiferium\node_modules\grunt-bower-install\package.json...[32mOK[39m
Loading "bower-install.js" tasks...[32mOK[39m
+ [36mbowerInstall[39m

[1mRegistering "grunt-concurrent" local Npm module tasks.[22m
Reading C:\repos\encompass\encompass-aquiferium\node_modules\grunt-concurrent\package.json...[32mOK[39m
Parsing C:\repos\encompass\encompass-aquiferium\node_modules\grunt-concurrent\package.json...[32mOK[39m
Loading "concurrent.js" tasks...[32mOK[39m
+ [36mconcurrent[39m

[1mRegistering "grunt-contrib-clean" local Npm module tasks.[22m
Reading C:\repos\encompass\encompass-aquiferium\node_modules\grunt-contrib-clean\package.json...[32mOK[39m
Parsing C:\repos\encompass\encompass-aquiferium\node_modules\grunt-contrib-clean\package.json...[32mOK[39m
Loading "clean.js" tasks...[32mOK[39m
+ [36mclean[39m

[1mRegistering "grunt-contrib-compass" local Npm module tasks.[22m
Reading C:\repos\encompass\encompass-aquiferium\node_modules\grunt-contrib-compass\package.json...[32mOK[39m
Parsing C:\repos\encompass\encompass-aquiferium\node_modules\grunt-contrib-compass\package.json...[32mOK[39m
Loading "compass.js" tasks...[32mOK[39m
+ [36mcompass[39m

[1mRegistering "grunt-contrib-concat" local Npm module tasks.[22m
Reading C:\repos\encompass\encompass-aquiferium\node_modules\grunt-contrib-concat\package.json...[32mOK[39m
Parsing C:\repos\encompass\encompass-aquiferium\node_modules\grunt-contrib-concat\package.json...[32mOK[39m
Loading "concat.js" tasks...[32mOK[39m
+ [36mconcat[39m

[1mRegistering "grunt-contrib-connect" local Npm module tasks.[22m
Reading C:\repos\encompass\encompass-aquiferium\node_modules\grunt-contrib-connect\package.json...[32mOK[39m
Parsing C:\repos\encompass\encompass-aquiferium\node_modules\grunt-contrib-connect\package.json...[32mOK[39m
Loading "connect.js" tasks...[32mOK[39m
+ [36mconnect[39m

[1mRegistering "grunt-contrib-copy" local Npm module tasks.[22m
Reading C:\repos\encompass\encompass-aquiferium\node_modules\grunt-contrib-copy\package.json...[32mOK[39m
Parsing C:\repos\encompass\encompass-aquiferium\node_modules\grunt-contrib-copy\package.json...[32mOK[39m
Loading "copy.js" tasks...[32mOK[39m
+ [36mcopy[39m

[1mRegistering "grunt-contrib-cssmin" local Npm module tasks.[22m
Reading C:\repos\encompass\encompass-aquiferium\node_modules\grunt-contrib-cssmin\package.json...[32mOK[39m
Parsing C:\repos\encompass\encompass-aquiferium\node_modules\grunt-contrib-cssmin\package.json...[32mOK[39m
Loading "cssmin.js" tasks...[32mOK[39m
+ [36mcssmin[39m

[1mRegistering "grunt-contrib-htmlmin" local Npm module tasks.[22m
Reading C:\repos\encompass\encompass-aquiferium\node_modules\grunt-contrib-htmlmin\package.json...[32mOK[39m
Parsing C:\repos\encompass\encompass-aquiferium\node_modules\grunt-contrib-htmlmin\package.json...[32mOK[39m
Loading "htmlmin.js" tasks...[32mOK[39m
+ [36mhtmlmin[39m

[1mRegistering "grunt-contrib-imagemin" local Npm module tasks.[22m
Reading C:\repos\encompass\encompass-aquiferium\node_modules\grunt-contrib-imagemin\package.json...[32mOK[39m
Parsing C:\repos\encompass\encompass-aquiferium\node_modules\grunt-contrib-imagemin\package.json...[32mOK[39m
Loading "imagemin.js" tasks...[32mOK[39m
+ [36mimagemin[39m

[1mRegistering "grunt-contrib-jshint" local Npm module tasks.[22m
Reading C:\repos\encompass\encompass-aquiferium\node_modules\grunt-contrib-jshint\package.json...[32mOK[39m
Parsing C:\repos\encompass\encompass-aquiferium\node_modules\grunt-contrib-jshint\package.json...[32mOK[39m
Loading "jshint.js" tasks...[32mOK[39m
+ [36mjshint[39m

[1mRegistering "grunt-contrib-uglify" local Npm module tasks.[22m
Reading C:\repos\encompass\encompass-aquiferium\node_modules\grunt-contrib-uglify\package.json...[32mOK[39m
Parsing C:\repos\encompass\encompass-aquiferium\node_modules\grunt-contrib-uglify\package.json...[32mOK[39m
Loading "uglify.js" tasks...[32mOK[39m
+ [36muglify[39m

[1mRegistering "grunt-contrib-watch" local Npm module tasks.[22m
Reading C:\repos\encompass\encompass-aquiferium\node_modules\grunt-contrib-watch\package.json...[32mOK[39m
Parsing C:\repos\encompass\encompass-aquiferium\node_modules\grunt-contrib-watch\package.json...[32mOK[39m
Loading "watch.js" tasks...[32mOK[39m
+ [36mwatch[39m

[1mRegistering "grunt-google-cdn" local Npm module tasks.[22m
Reading C:\repos\encompass\encompass-aquiferium\node_modules\grunt-google-cdn\package.json...[32mOK[39m
Parsing C:\repos\encompass\encompass-aquiferium\node_modules\grunt-google-cdn\package.json...[32mOK[39m
Loading "cdnify.js" tasks...[32mOK[39m
+ [36mcdnify[39m

[1mRegistering "grunt-newer" local Npm module tasks.[22m
Reading C:\repos\encompass\encompass-aquiferium\node_modules\grunt-newer\package.json...[32mOK[39m
Parsing C:\repos\encompass\encompass-aquiferium\node_modules\grunt-newer\package.json...[32mOK[39m
Loading "newer.js" tasks...[32mOK[39m
+ [36many-newer[39m, [36mnewer[39m, [36mnewer-clean[39m, [36mnewer-postrun[39m

[1mRegistering "grunt-ngmin" local Npm module tasks.[22m
Reading C:\repos\encompass\encompass-aquiferium\node_modules\grunt-ngmin\package.json...[32mOK[39m
Parsing C:\repos\encompass\encompass-aquiferium\node_modules\grunt-ngmin\package.json...[32mOK[39m
Loading "ngmin.js" tasks...[32mOK[39m
+ [36mngmin[39m

[1mRegistering "grunt-rev" local Npm module tasks.[22m
Reading C:\repos\encompass\encompass-aquiferium\node_modules\grunt-rev\package.json...[32mOK[39m
Parsing C:\repos\encompass\encompass-aquiferium\node_modules\grunt-rev\package.json...[32mOK[39m
Loading "rev.js" tasks...[32mOK[39m
+ [36mrev[39m

[1mRegistering "grunt-svgmin" local Npm module tasks.[22m
Reading C:\repos\encompass\encompass-aquiferium\node_modules\grunt-svgmin\package.json...[32mOK[39m
Parsing C:\repos\encompass\encompass-aquiferium\node_modules\grunt-svgmin\package.json...[32mOK[39m
Loading "svgmin.js" tasks...[32mOK[39m
+ [36msvgmin[39m

[1mRegistering "grunt-usemin" local Npm module tasks.[22m
Reading C:\repos\encompass\encompass-aquiferium\node_modules\grunt-usemin\package.json...[32mOK[39m
Parsing C:\repos\encompass\encompass-aquiferium\node_modules\grunt-usemin\package.json...[32mOK[39m
Loading "usemin.js" tasks...[32mOK[39m
+ [36musemin[39m, [36museminPrepare[39m

[1mRegistering "grunt-karma" local Npm module tasks.[22m
Reading C:\repos\encompass\encompass-aquiferium\node_modules\grunt-karma\package.json...[32mOK[39m
Parsing C:\repos\encompass\encompass-aquiferium\node_modules\grunt-karma\package.json...[32mOK[39m
Loading "grunt-karma.js" tasks...[32mOK[39m
+ [36mkarma[39m
Initializing config...[32mOK[39m
Loading "Gruntfile.js" tasks...[32mOK[39m
+ [36mbuild[39m, [36mdefault[39m, [36mserve[39m, [36mserver[39m, [36mtest:e2e[39m, [36mtest:unit[39m

Running tasks: [36mbuild[39m

[4mRunning "build" task[24m

[4mRunning "clean:dist" (clean) task[24m
Verifying property [36mclean.dist[39m exists in config...[32mOK[39m
Files: [36m.tmp[39m, [36mdist/.htaccess[39m, [36mdist/404.html[39m, [36mdist/data[39m, [36mdist/favicon.ico[39m, [36mdist/images[39m, [36mdist/index.html[39m, [36mdist/robots.txt[39m, [36mdist/scripts[39m, [36mdist/videos[39m, [36mdist/views[39m
Options: [36mforce[39m, [36mno-write=false[39m
Options: [36mforce[39m, [36mno-write=false[39m
Cleaning .tmp...[32mOK[39m
Cleaning dist/.htaccess...[32mOK[39m
Cleaning dist/404.html...[32mOK[39m
Cleaning dist/data...[32mOK[39m
Cleaning dist/favicon.ico...[32mOK[39m
Cleaning dist/images...[32mOK[39m
Cleaning dist/index.html...[32mOK[39m
Cleaning dist/robots.txt...[32mOK[39m
Cleaning dist/scripts...[32mOK[39m
Cleaning dist/videos...[32mOK[39m
Cleaning dist/views...[32mOK[39m

[4mRunning "bowerInstall" task[24m

[4mRunning "bowerInstall:app" (bowerInstall) task[24m
Verifying property [36mbowerInstall.app[39m exists in config...[32mOK[39m
Files: [36mapp/index.html[39m
Verifying property [36mbowerInstall.app.src[39m exists in config...[32mOK[39m
Reading bower.json...[32mOK[39m
Parsing bower.json...[32mOK[39m

[4mRunning "bowerInstall:sass" (bowerInstall) task[24m
Verifying property [36mbowerInstall.sass[39m exists in config...[32mOK[39m
Files: [36mapp/styles/main.scss[39m
Verifying property [36mbowerInstall.sass.src[39m exists in config...[32mOK[39m
Reading bower.json...[32mOK[39m
Parsing bower.json...[32mOK[39m

[4mRunning "useminPrepare" task[24m

[4mRunning "useminPrepare:html" (useminPrepare) task[24m
Verifying property [36museminPrepare.html[39m exists in config...[32mOK[39m
Files: [36mapp/index.html[39m -> [36mhtml[39m
Options: [36mdest="dist"[39m, [36mflow={"html":{"steps":{"js":["concat","uglifyjs"]},"post":{}}}[39m
Going through [36mapp/index.html[39m to update the config
Looking for build script HTML comment blocks

[1mConfiguration is now:[22m

[1m  concat:[22m
  { generated: 
   { files: 
      [ { dest: [32m'.tmp\\concat\\scripts\\vendor.js'[39m,
          src: 
           [ [32m'app\\bower_components\\modernizr\\modernizr.js'[39m,
             [32m'app\\bower_components\\jquery\\dist\\jquery.js'[39m,
             [32m'app\\bower_components\\d3\\d3.js'[39m,
             [32m'app\\bower_components\\gsap\\src\\uncompressed\\TweenMax.js'[39m,
             [32m'app\\bower_components\\angular\\angular.js'[39m,
             [32m'app\\bower_components\\angular-animate\\angular-animate.js'[39m,
             [32m'app\\bower_components\\bootstrap-sass-official\\vendor\\assets\\javascripts\\bootstrap\\affix.js'[39m,
             [32m'app\\bower_components\\bootstrap-sass-official\\vendor\\assets\\javascripts\\bootstrap\\alert.js'[39m,
             [32m'app\\bower_components\\bootstrap-sass-official\\vendor\\assets\\javascripts\\bootstrap\\button.js'[39m,
             [32m'app\\bower_components\\bootstrap-sass-official\\vendor\\assets\\javascripts\\bootstrap\\carousel.js'[39m,
             [32m'app\\bower_components\\bootstrap-sass-official\\vendor\\assets\\javascripts\\bootstrap\\collapse.js'[39m,
             [32m'app\\bower_components\\bootstrap-sass-official\\vendor\\assets\\javascripts\\bootstrap\\dropdown.js'[39m,
             [32m'app\\bower_components\\bootstrap-sass-official\\vendor\\assets\\javascripts\\bootstrap\\tab.js'[39m,
             [32m'app\\bower_components\\bootstrap-sass-official\\vendor\\assets\\javascripts\\bootstrap\\transition.js'[39m,
             [32m'app\\bower_components\\bootstrap-sass-official\\vendor\\assets\\javascripts\\bootstrap\\scrollspy.js'[39m,
             [32m'app\\bower_components\\bootstrap-sass-official\\vendor\\assets\\javascripts\\bootstrap\\modal.js'[39m,
             [32m'app\\bower_components\\bootstrap-sass-official\\vendor\\assets\\javascripts\\bootstrap\\tooltip.js'[39m,
             [32m'app\\bower_components\\bootstrap-sass-official\\vendor\\assets\\javascripts\\bootstrap\\popover.js'[39m,
             [32m'app\\bower_components\\angular-resource\\angular-resource.js'[39m,
             [32m'app\\bower_components\\angular-cookies\\angular-cookies.js'[39m,
             [32m'app\\bower_components\\angular-sanitize\\angular-sanitize.js'[39m,
             [32m'app\\bower_components\\angular-route\\angular-route.js'[39m,
             [32m'app\\bower_components\\angular-mocks\\angular-mocks.js'[39m,
             [32m'app\\bower_components\\angular-scenario\\angular-scenario.js'[39m,
             [32m'app\\bower_components\\jquery.easing\\js\\jquery.easing.min.js'[39m,
             [32m'app\\bower_components\\jquery-waypoints\\waypoints.js'[39m,
             [32m'app\\bower_components\\angular-touch\\angular-touch.js'[39m,
             [32m'app\\bower_components\\angular-carousel\\dist\\angular-carousel.js'[39m,
             [32m'app\\bower_components\\angular-parallax\\scripts\\angular-parallax.js'[39m,
             [32m'app\\bower_components\\ng-videosharing-embed\\build\\ng-videosharing-embed.min.js'[39m ] },
        { dest: [32m'.tmp\\concat\\scripts\\scripts.js'[39m,
          src: 
           [ [32m'{.tmp,app}\\scripts\\app.js'[39m,
             [32m'{.tmp,app}\\scripts\\controllers\\navigation-controller.js'[39m,
             [32m'{.tmp,app}\\scripts\\controllers\\explore-controller.js'[39m,
             [32m'{.tmp,app}\\scripts\\controllers\\caves-karsts-controller.js'[39m,
             [32m'{.tmp,app}\\scripts\\controllers\\conservation-controller.js'[39m,
             [32m'{.tmp,app}\\scripts\\controllers\\springs-controller.js'[39m,
             [32m'{.tmp,app}\\scripts\\controllers\\about-controller.js'[39m,
             [32m'{.tmp,app}\\scripts\\controllers\\contact-controller.js'[39m,
             [32m'{.tmp,app}\\scripts\\directives\\eaa-aquifers-map-directive.js'[39m,
             [32m'{.tmp,app}\\scripts\\directives\\eaa-gauge-data-interactive-springs-directive.js'[39m ] } ] } }

[1m  uglify:[22m
  { generated: 
   { files: 
      [ { dest: [32m'dist\\scripts\\vendor.js'[39m,
          src: [ [32m'.tmp\\concat\\scripts\\vendor.js'[39m ] },
        { dest: [32m'dist\\scripts\\scripts.js'[39m,
          src: [ [32m'.tmp\\concat\\scripts\\scripts.js'[39m ] } ] } }

[4mRunning "concurrent:dist" (concurrent) task[24m
Verifying property [36mconcurrent.dist[39m exists in config...[32mOK[39m
Files: [33m[no src][39m -> [36mdist[39m
Options: [36mlimit=8[39m
    
[4mInitializing[24m
Command-line options: [36m--verbose[39m

Reading "Gruntfile.js" Gruntfile...[32mOK[39m

[1mRegistering Gruntfile tasks.[22m

[1mRegistering "grunt-autoprefixer" local Npm module tasks.[22m
Reading C:\repos\encompass\encompass-aquiferium\node_modules\grunt-autoprefixer\package.json...[32mOK[39m
Parsing C:\repos\encompass\encompass-aquiferium\node_modules\grunt-autoprefixer\package.json...[32mOK[39m
Loading "autoprefixer.js" tasks...[32mOK[39m
+ [36mautoprefixer[39m

[1mRegistering "grunt-bower-install" local Npm module tasks.[22m
Reading C:\repos\encompass\encompass-aquiferium\node_modules\grunt-bower-install\package.json...[32mOK[39m
Parsing C:\repos\encompass\encompass-aquiferium\node_modules\grunt-bower-install\package.json...[32mOK[39m
Loading "bower-install.js" tasks...[32mOK[39m
+ [36mbowerInstall[39m

[1mRegistering "grunt-concurrent" local Npm module tasks.[22m
Reading C:\repos\encompass\encompass-aquiferium\node_modules\grunt-concurrent\package.json...[32mOK[39m
Parsing C:\repos\encompass\encompass-aquiferium\node_modules\grunt-concurrent\package.json...[32mOK[39m
Loading "concurrent.js" tasks...[32mOK[39m
+ [36mconcurrent[39m

[1mRegistering "grunt-contrib-clean" local Npm module tasks.[22m
Reading C:\repos\encompass\encompass-aquiferium\node_modules\grunt-contrib-clean\package.json...[32mOK[39m
Parsing C:\repos\encompass\encompass-aquiferium\node_modules\grunt-contrib-clean\package.json...[32mOK[39m
Loading "clean.js" tasks...[32mOK[39m
+ [36mclean[39m

[1mRegistering "grunt-contrib-compass" local Npm module tasks.[22m
Reading C:\repos\encompass\encompass-aquiferium\node_modules\grunt-contrib-compass\package.json...[32mOK[39m
Parsing C:\repos\encompass\encompass-aquiferium\node_modules\grunt-contrib-compass\package.json...[32mOK[39m
Loading "compass.js" tasks...[32mOK[39m
+ [36mcompass[39m

[1mRegistering "grunt-contrib-concat" local Npm module tasks.[22m
Reading C:\repos\encompass\encompass-aquiferium\node_modules\grunt-contrib-concat\package.json...[32mOK[39m
Parsing C:\repos\encompass\encompass-aquiferium\node_modules\grunt-contrib-concat\package.json...[32mOK[39m
Loading "concat.js" tasks...[32mOK[39m
+ [36mconcat[39m

[1mRegistering "grunt-contrib-connect" local Npm module tasks.[22m
Reading C:\repos\encompass\encompass-aquiferium\node_modules\grunt-contrib-connect\package.json...[32mOK[39m
Parsing C:\repos\encompass\encompass-aquiferium\node_modules\grunt-contrib-connect\package.json...[32mOK[39m
Loading "connect.js" tasks...[32mOK[39m
+ [36mconnect[39m

[1mRegistering "grunt-contrib-copy" local Npm module tasks.[22m
Reading C:\repos\encompass\encompass-aquiferium\node_modules\grunt-contrib-copy\package.json...[32mOK[39m
Parsing C:\repos\encompass\encompass-aquiferium\node_modules\grunt-contrib-copy\package.json...[32mOK[39m
Loading "copy.js" tasks...[32mOK[39m
+ [36mcopy[39m

[1mRegistering "grunt-contrib-cssmin" local Npm module tasks.[22m
Reading C:\repos\encompass\encompass-aquiferium\node_modules\grunt-contrib-cssmin\package.json...[32mOK[39m
Parsing C:\repos\encompass\encompass-aquiferium\node_modules\grunt-contrib-cssmin\package.json...[32mOK[39m
Loading "cssmin.js" tasks...[32mOK[39m
+ [36mcssmin[39m

[1mRegistering "grunt-contrib-htmlmin" local Npm module tasks.[22m
Reading C:\repos\encompass\encompass-aquiferium\node_modules\grunt-contrib-htmlmin\package.json...[32mOK[39m
Parsing C:\repos\encompass\encompass-aquiferium\node_modules\grunt-contrib-htmlmin\package.json...[32mOK[39m
Loading "htmlmin.js" tasks...[32mOK[39m
+ [36mhtmlmin[39m

[1mRegistering "grunt-contrib-imagemin" local Npm module tasks.[22m
Reading C:\repos\encompass\encompass-aquiferium\node_modules\grunt-contrib-imagemin\package.json...[32mOK[39m
Parsing C:\repos\encompass\encompass-aquiferium\node_modules\grunt-contrib-imagemin\package.json...[32mOK[39m
Loading "imagemin.js" tasks...[32mOK[39m
+ [36mimagemin[39m

[1mRegistering "grunt-contrib-jshint" local Npm module tasks.[22m
Reading C:\repos\encompass\encompass-aquiferium\node_modules\grunt-contrib-jshint\package.json...[32mOK[39m
Parsing C:\repos\encompass\encompass-aquiferium\node_modules\grunt-contrib-jshint\package.json...[32mOK[39m
Loading "jshint.js" tasks...[32mOK[39m
+ [36mjshint[39m

[1mRegistering "grunt-contrib-uglify" local Npm module tasks.[22m
Reading C:\repos\encompass\encompass-aquiferium\node_modules\grunt-contrib-uglify\package.json...[32mOK[39m
Parsing C:\repos\encompass\encompass-aquiferium\node_modules\grunt-contrib-uglify\package.json...[32mOK[39m
Loading "uglify.js" tasks...[32mOK[39m
+ [36muglify[39m

[1mRegistering "grunt-contrib-watch" local Npm module tasks.[22m
Reading C:\repos\encompass\encompass-aquiferium\node_modules\grunt-contrib-watch\package.json...[32mOK[39m
Parsing C:\repos\encompass\encompass-aquiferium\node_modules\grunt-contrib-watch\package.json...[32mOK[39m
Loading "watch.js" tasks...[32mOK[39m
+ [36mwatch[39m

[1mRegistering "grunt-google-cdn" local Npm module tasks.[22m
Reading C:\repos\encompass\encompass-aquiferium\node_modules\grunt-google-cdn\package.json...[32mOK[39m
Parsing C:\repos\encompass\encompass-aquiferium\node_modules\grunt-google-cdn\package.json...[32mOK[39m
Loading "cdnify.js" tasks...[32mOK[39m
+ [36mcdnify[39m

[1mRegistering "grunt-newer" local Npm module tasks.[22m
Reading C:\repos\encompass\encompass-aquiferium\node_modules\grunt-newer\package.json...[32mOK[39m
Parsing C:\repos\encompass\encompass-aquiferium\node_modules\grunt-newer\package.json...[32mOK[39m
Loading "newer.js" tasks...[32mOK[39m
+ [36many-newer[39m, [36mnewer[39m, [36mnewer-clean[39m, [36mnewer-postrun[39m

[1mRegistering "grunt-ngmin" local Npm module tasks.[22m
Reading C:\repos\encompass\encompass-aquiferium\node_modules\grunt-ngmin\package.json...[32mOK[39m
Parsing C:\repos\encompass\encompass-aquiferium\node_modules\grunt-ngmin\package.json...[32mOK[39m
Loading "ngmin.js" tasks...[32mOK[39m
+ [36mngmin[39m

[1mRegistering "grunt-rev" local Npm module tasks.[22m
Reading C:\repos\encompass\encompass-aquiferium\node_modules\grunt-rev\package.json...[32mOK[39m
Parsing C:\repos\encompass\encompass-aquiferium\node_modules\grunt-rev\package.json...[32mOK[39m
Loading "rev.js" tasks...[32mOK[39m
+ [36mrev[39m

[1mRegistering "grunt-svgmin" local Npm module tasks.[22m
Reading C:\repos\encompass\encompass-aquiferium\node_modules\grunt-svgmin\package.json...[32mOK[39m
Parsing C:\repos\encompass\encompass-aquiferium\node_modules\grunt-svgmin\package.json...[32mOK[39m
Loading "svgmin.js" tasks...[32mOK[39m
+ [36msvgmin[39m

[1mRegistering "grunt-usemin" local Npm module tasks.[22m
Reading C:\repos\encompass\encompass-aquiferium\node_modules\grunt-usemin\package.json...[32mOK[39m
Parsing C:\repos\encompass\encompass-aquiferium\node_modules\grunt-usemin\package.json...[32mOK[39m
Loading "usemin.js" tasks...[32mOK[39m
+ [36musemin[39m, [36museminPrepare[39m

[1mRegistering "grunt-karma" local Npm module tasks.[22m
Reading C:\repos\encompass\encompass-aquiferium\node_modules\grunt-karma\package.json...[32mOK[39m
Parsing C:\repos\encompass\encompass-aquiferium\node_modules\grunt-karma\package.json...[32mOK[39m
Loading "grunt-karma.js" tasks...[32mOK[39m
+ [36mkarma[39m
Initializing config...[32mOK[39m
Loading "Gruntfile.js" tasks...[32mOK[39m
+ [36mbuild[39m, [36mdefault[39m, [36mserve[39m, [36mserver[39m, [36mtest:e2e[39m, [36mtest:unit[39m

Running tasks: [36msvgmin[39m

[4mRunning "svgmin" task[24m

[4mRunning "svgmin:dist" (svgmin) task[24m
Verifying property [36msvgmin.dist[39m exists in config...[32mOK[39m
Options: [36m(none)[39m

[32mDone, without errors.[39m
    
[4mInitializing[24m
Command-line options: [36m--verbose[39m

Reading "Gruntfile.js" Gruntfile...[32mOK[39m

[1mRegistering Gruntfile tasks.[22m

[1mRegistering "grunt-autoprefixer" local Npm module tasks.[22m
Reading C:\repos\encompass\encompass-aquiferium\node_modules\grunt-autoprefixer\package.json...[32mOK[39m
Parsing C:\repos\encompass\encompass-aquiferium\node_modules\grunt-autoprefixer\package.json...[32mOK[39m
Loading "autoprefixer.js" tasks...[32mOK[39m
+ [36mautoprefixer[39m

[1mRegistering "grunt-bower-install" local Npm module tasks.[22m
Reading C:\repos\encompass\encompass-aquiferium\node_modules\grunt-bower-install\package.json...[32mOK[39m
Parsing C:\repos\encompass\encompass-aquiferium\node_modules\grunt-bower-install\package.json...[32mOK[39m
Loading "bower-install.js" tasks...[32mOK[39m
+ [36mbowerInstall[39m

[1mRegistering "grunt-concurrent" local Npm module tasks.[22m
Reading C:\repos\encompass\encompass-aquiferium\node_modules\grunt-concurrent\package.json...[32mOK[39m
Parsing C:\repos\encompass\encompass-aquiferium\node_modules\grunt-concurrent\package.json...[32mOK[39m
Loading "concurrent.js" tasks...[32mOK[39m
+ [36mconcurrent[39m

[1mRegistering "grunt-contrib-clean" local Npm module tasks.[22m
Reading C:\repos\encompass\encompass-aquiferium\node_modules\grunt-contrib-clean\package.json...[32mOK[39m
Parsing C:\repos\encompass\encompass-aquiferium\node_modules\grunt-contrib-clean\package.json...[32mOK[39m
Loading "clean.js" tasks...[32mOK[39m
+ [36mclean[39m

[1mRegistering "grunt-contrib-compass" local Npm module tasks.[22m
Reading C:\repos\encompass\encompass-aquiferium\node_modules\grunt-contrib-compass\package.json...[32mOK[39m
Parsing C:\repos\encompass\encompass-aquiferium\node_modules\grunt-contrib-compass\package.json...[32mOK[39m
Loading "compass.js" tasks...[32mOK[39m
+ [36mcompass[39m

[1mRegistering "grunt-contrib-concat" local Npm module tasks.[22m
Reading C:\repos\encompass\encompass-aquiferium\node_modules\grunt-contrib-concat\package.json...[32mOK[39m
Parsing C:\repos\encompass\encompass-aquiferium\node_modules\grunt-contrib-concat\package.json...[32mOK[39m
Loading "concat.js" tasks...[32mOK[39m
+ [36mconcat[39m

[1mRegistering "grunt-contrib-connect" local Npm module tasks.[22m
Reading C:\repos\encompass\encompass-aquiferium\node_modules\grunt-contrib-connect\package.json...[32mOK[39m
Parsing C:\repos\encompass\encompass-aquiferium\node_modules\grunt-contrib-connect\package.json...[32mOK[39m
Loading "connect.js" tasks...[32mOK[39m
+ [36mconnect[39m

[1mRegistering "grunt-contrib-copy" local Npm module tasks.[22m
Reading C:\repos\encompass\encompass-aquiferium\node_modules\grunt-contrib-copy\package.json...[32mOK[39m
Parsing C:\repos\encompass\encompass-aquiferium\node_modules\grunt-contrib-copy\package.json...[32mOK[39m
Loading "copy.js" tasks...[32mOK[39m
+ [36mcopy[39m

[1mRegistering "grunt-contrib-cssmin" local Npm module tasks.[22m
Reading C:\repos\encompass\encompass-aquiferium\node_modules\grunt-contrib-cssmin\package.json...[32mOK[39m
Parsing C:\repos\encompass\encompass-aquiferium\node_modules\grunt-contrib-cssmin\package.json...[32mOK[39m
Loading "cssmin.js" tasks...[32mOK[39m
+ [36mcssmin[39m

[1mRegistering "grunt-contrib-htmlmin" local Npm module tasks.[22m
Reading C:\repos\encompass\encompass-aquiferium\node_modules\grunt-contrib-htmlmin\package.json...[32mOK[39m
Parsing C:\repos\encompass\encompass-aquiferium\node_modules\grunt-contrib-htmlmin\package.json...[32mOK[39m
Loading "htmlmin.js" tasks...[32mOK[39m
+ [36mhtmlmin[39m

[1mRegistering "grunt-contrib-imagemin" local Npm module tasks.[22m
Reading C:\repos\encompass\encompass-aquiferium\node_modules\grunt-contrib-imagemin\package.json...[32mOK[39m
Parsing C:\repos\encompass\encompass-aquiferium\node_modules\grunt-contrib-imagemin\package.json...[32mOK[39m
Loading "imagemin.js" tasks...[32mOK[39m
+ [36mimagemin[39m

[1mRegistering "grunt-contrib-jshint" local Npm module tasks.[22m
Reading C:\repos\encompass\encompass-aquiferium\node_modules\grunt-contrib-jshint\package.json...[32mOK[39m
Parsing C:\repos\encompass\encompass-aquiferium\node_modules\grunt-contrib-jshint\package.json...[32mOK[39m
Loading "jshint.js" tasks...[32mOK[39m
+ [36mjshint[39m

[1mRegistering "grunt-contrib-uglify" local Npm module tasks.[22m
Reading C:\repos\encompass\encompass-aquiferium\node_modules\grunt-contrib-uglify\package.json...[32mOK[39m
Parsing C:\repos\encompass\encompass-aquiferium\node_modules\grunt-contrib-uglify\package.json...[32mOK[39m
Loading "uglify.js" tasks...[32mOK[39m
+ [36muglify[39m

[1mRegistering "grunt-contrib-watch" local Npm module tasks.[22m
Reading C:\repos\encompass\encompass-aquiferium\node_modules\grunt-contrib-watch\package.json...[32mOK[39m
Parsing C:\repos\encompass\encompass-aquiferium\node_modules\grunt-contrib-watch\package.json...[32mOK[39m
Loading "watch.js" tasks...[32mOK[39m
+ [36mwatch[39m

[1mRegistering "grunt-google-cdn" local Npm module tasks.[22m
Reading C:\repos\encompass\encompass-aquiferium\node_modules\grunt-google-cdn\package.json...[32mOK[39m
Parsing C:\repos\encompass\encompass-aquiferium\node_modules\grunt-google-cdn\package.json...[32mOK[39m
Loading "cdnify.js" tasks...[32mOK[39m
+ [36mcdnify[39m

[1mRegistering "grunt-newer" local Npm module tasks.[22m
Reading C:\repos\encompass\encompass-aquiferium\node_modules\grunt-newer\package.json...[32mOK[39m
Parsing C:\repos\encompass\encompass-aquiferium\node_modules\grunt-newer\package.json...[32mOK[39m
Loading "newer.js" tasks...[32mOK[39m
+ [36many-newer[39m, [36mnewer[39m, [36mnewer-clean[39m, [36mnewer-postrun[39m

[1mRegistering "grunt-ngmin" local Npm module tasks.[22m
Reading C:\repos\encompass\encompass-aquiferium\node_modules\grunt-ngmin\package.json...[32mOK[39m
Parsing C:\repos\encompass\encompass-aquiferium\node_modules\grunt-ngmin\package.json...[32mOK[39m
Loading "ngmin.js" tasks...[32mOK[39m
+ [36mngmin[39m

[1mRegistering "grunt-rev" local Npm module tasks.[22m
Reading C:\repos\encompass\encompass-aquiferium\node_modules\grunt-rev\package.json...[32mOK[39m
Parsing C:\repos\encompass\encompass-aquiferium\node_modules\grunt-rev\package.json...[32mOK[39m
Loading "rev.js" tasks...[32mOK[39m
+ [36mrev[39m

[1mRegistering "grunt-svgmin" local Npm module tasks.[22m
Reading C:\repos\encompass\encompass-aquiferium\node_modules\grunt-svgmin\package.json...[32mOK[39m
Parsing C:\repos\encompass\encompass-aquiferium\node_modules\grunt-svgmin\package.json...[32mOK[39m
Loading "svgmin.js" tasks...[32mOK[39m
+ [36msvgmin[39m

[1mRegistering "grunt-usemin" local Npm module tasks.[22m
Reading C:\repos\encompass\encompass-aquiferium\node_modules\grunt-usemin\package.json...[32mOK[39m
Parsing C:\repos\encompass\encompass-aquiferium\node_modules\grunt-usemin\package.json...[32mOK[39m
Loading "usemin.js" tasks...[32mOK[39m
+ [36musemin[39m, [36museminPrepare[39m

[1mRegistering "grunt-karma" local Npm module tasks.[22m
Reading C:\repos\encompass\encompass-aquiferium\node_modules\grunt-karma\package.json...[32mOK[39m
Parsing C:\repos\encompass\encompass-aquiferium\node_modules\grunt-karma\package.json...[32mOK[39m
Loading "grunt-karma.js" tasks...[32mOK[39m
+ [36mkarma[39m
Initializing config...[32mOK[39m
Loading "Gruntfile.js" tasks...[32mOK[39m
+ [36mbuild[39m, [36mdefault[39m, [36mserve[39m, [36mserver[39m, [36mtest:e2e[39m, [36mtest:unit[39m

Running tasks: [36mimagemin[39m

[4mRunning "imagemin" task[24m

[4mRunning "imagemin:dist" (imagemin) task[24m
Verifying property [36mimagemin.dist[39m exists in config...[32mOK[39m
Files: [36mapp/images/about/concept-01-opt.jpg[39m -> [36mdist/images/about/concept-01-opt.jpg[39m
Files: [36mapp/images/about/concept-02-opt.jpg[39m -> [36mdist/images/about/concept-02-opt.jpg[39m
Files: [36mapp/images/caves_karsts/DSC_0318_web_hd.jpg[39m -> [36mdist/images/caves_karsts/DSC_0318_web_hd.jpg[39m
Files: [36mapp/images/caves_karsts/DSC_0318_web_lg.jpg[39m -> [36mdist/images/caves_karsts/DSC_0318_web_lg.jpg[39m
Files: [36mapp/images/caves_karsts/DSC_0318_web_md.jpg[39m -> [36mdist/images/caves_karsts/DSC_0318_web_md.jpg[39m
Files: [36mapp/images/caves_karsts/DSC_0318_web_sm.jpg[39m -> [36mdist/images/caves_karsts/DSC_0318_web_sm.jpg[39m
Files: [36mapp/images/caves_karsts/DSC_0318_web_xlg.jpg[39m -> [36mdist/images/caves_karsts/DSC_0318_web_xlg.jpg[39m
Files: [36mapp/images/caves_karsts/For-Doty1_1280x979_web_hd.jpg[39m -> [36mdist/images/caves_karsts/For-Doty1_1280x979_web_hd.jpg[39m
Files: [36mapp/images/caves_karsts/For-Doty1_1280x979_web_lg.jpg[39m -> [36mdist/images/caves_karsts/For-Doty1_1280x979_web_lg.jpg[39m
Files: [36mapp/images/caves_karsts/For-Doty1_1280x979_web_md.jpg[39m -> [36mdist/images/caves_karsts/For-Doty1_1280x979_web_md.jpg[39m
Files: [36mapp/images/caves_karsts/For-Doty1_1280x979_web_sm.jpg[39m -> [36mdist/images/caves_karsts/For-Doty1_1280x979_web_sm.jpg[39m
Files: [36mapp/images/caves_karsts/For-Doty1_1280x979_web_xlg.jpg[39m -> [36mdist/images/caves_karsts/For-Doty1_1280x979_web_xlg.jpg[39m
Files: [36mapp/images/caves_karsts/Valdina_Farms_Cave_IMG0017_web_hd.jpg[39m -> [36mdist/images/caves_karsts/Valdina_Farms_Cave_IMG0017_web_hd.jpg[39m
Files: [36mapp/images/caves_karsts/Valdina_Farms_Cave_IMG0017_web_lg.jpg[39m -> [36mdist/images/caves_karsts/Valdina_Farms_Cave_IMG0017_web_lg.jpg[39m
Files: [36mapp/images/caves_karsts/Valdina_Farms_Cave_IMG0017_web_md.jpg[39m -> [36mdist/images/caves_karsts/Valdina_Farms_Cave_IMG0017_web_md.jpg[39m
Files: [36mapp/images/caves_karsts/Valdina_Farms_Cave_IMG0017_web_sm.jpg[39m -> [36mdist/images/caves_karsts/Valdina_Farms_Cave_IMG0017_web_sm.jpg[39m
Files: [36mapp/images/caves_karsts/Valdina_Farms_Cave_IMG0017_web_xlg.jpg[39m -> [36mdist/images/caves_karsts/Valdina_Farms_Cave_IMG0017_web_xlg.jpg[39m
Files: [36mapp/images/caves_karsts/edwards-limestone_web_hd.jpg[39m -> [36mdist/images/caves_karsts/edwards-limestone_web_hd.jpg[39m
Files: [36mapp/images/caves_karsts/edwards-limestone_web_lg.jpg[39m -> [36mdist/images/caves_karsts/edwards-limestone_web_lg.jpg[39m
Files: [36mapp/images/caves_karsts/edwards-limestone_web_md.jpg[39m -> [36mdist/images/caves_karsts/edwards-limestone_web_md.jpg[39m
Files: [36mapp/images/caves_karsts/edwards-limestone_web_sm.jpg[39m -> [36mdist/images/caves_karsts/edwards-limestone_web_sm.jpg[39m
Files: [36mapp/images/caves_karsts/edwards-limestone_web_xlg.jpg[39m -> [36mdist/images/caves_karsts/edwards-limestone_web_xlg.jpg[39m
Files: [36mapp/images/caves_karsts/valdina_8r_web_hd.jpg[39m -> [36mdist/images/caves_karsts/valdina_8r_web_hd.jpg[39m
Files: [36mapp/images/caves_karsts/valdina_8r_web_lg.jpg[39m -> [36mdist/images/caves_karsts/valdina_8r_web_lg.jpg[39m
Files: [36mapp/images/caves_karsts/valdina_8r_web_md.jpg[39m -> [36mdist/images/caves_karsts/valdina_8r_web_md.jpg[39m
Files: [36mapp/images/caves_karsts/valdina_8r_web_sm.jpg[39m -> [36mdist/images/caves_karsts/valdina_8r_web_sm.jpg[39m
Files: [36mapp/images/caves_karsts/valdina_8r_web_xlg.jpg[39m -> [36mdist/images/caves_karsts/valdina_8r_web_xlg.jpg[39m
Files: [36mapp/images/conservation/05May_MartinMarietta_CMYK_web_hd.jpg[39m -> [36mdist/images/conservation/05May_MartinMarietta_CMYK_web_hd.jpg[39m
Files: [36mapp/images/conservation/05May_MartinMarietta_CMYK_web_lg.jpg[39m -> [36mdist/images/conservation/05May_MartinMarietta_CMYK_web_lg.jpg[39m
Files: [36mapp/images/conservation/05May_MartinMarietta_CMYK_web_md.jpg[39m -> [36mdist/images/conservation/05May_MartinMarietta_CMYK_web_md.jpg[39m
Files: [36mapp/images/conservation/05May_MartinMarietta_CMYK_web_sm.jpg[39m -> [36mdist/images/conservation/05May_MartinMarietta_CMYK_web_sm.jpg[39m
Files: [36mapp/images/conservation/05May_MartinMarietta_CMYK_web_xlg.jpg[39m -> [36mdist/images/conservation/05May_MartinMarietta_CMYK_web_xlg.jpg[39m
Files: [36mapp/images/conservation/07Jul_PumpStation_CMYK_web_hd.jpg[39m -> [36mdist/images/conservation/07Jul_PumpStation_CMYK_web_hd.jpg[39m
Files: [36mapp/images/conservation/07Jul_PumpStation_CMYK_web_lg.jpg[39m -> [36mdist/images/conservation/07Jul_PumpStation_CMYK_web_lg.jpg[39m
Files: [36mapp/images/conservation/07Jul_PumpStation_CMYK_web_md.jpg[39m -> [36mdist/images/conservation/07Jul_PumpStation_CMYK_web_md.jpg[39m
Files: [36mapp/images/conservation/07Jul_PumpStation_CMYK_web_sm.jpg[39m -> [36mdist/images/conservation/07Jul_PumpStation_CMYK_web_sm.jpg[39m
Files: [36mapp/images/conservation/07Jul_PumpStation_CMYK_web_xlg.jpg[39m -> [36mdist/images/conservation/07Jul_PumpStation_CMYK_web_xlg.jpg[39m
Files: [36mapp/images/conservation/08Aug_Landa_CMYK_web_hd.jpg[39m -> [36mdist/images/conservation/08Aug_Landa_CMYK_web_hd.jpg[39m
Files: [36mapp/images/conservation/08Aug_Landa_CMYK_web_lg.jpg[39m -> [36mdist/images/conservation/08Aug_Landa_CMYK_web_lg.jpg[39m
Files: [36mapp/images/conservation/08Aug_Landa_CMYK_web_md.jpg[39m -> [36mdist/images/conservation/08Aug_Landa_CMYK_web_md.jpg[39m
Files: [36mapp/images/conservation/08Aug_Landa_CMYK_web_sm.jpg[39m -> [36mdist/images/conservation/08Aug_Landa_CMYK_web_sm.jpg[39m
Files: [36mapp/images/conservation/08Aug_Landa_CMYK_web_xlg.jpg[39m -> [36mdist/images/conservation/08Aug_Landa_CMYK_web_xlg.jpg[39m
Files: [36mapp/images/conservation/Board-Room-corner_Panorama1-P_web_hd.jpg[39m -> [36mdist/images/conservation/Board-Room-corner_Panorama1-P_web_hd.jpg[39m
Files: [36mapp/images/conservation/Board-Room-corner_Panorama1-P_web_lg.jpg[39m -> [36mdist/images/conservation/Board-Room-corner_Panorama1-P_web_lg.jpg[39m
Files: [36mapp/images/conservation/Board-Room-corner_Panorama1-P_web_md.jpg[39m -> [36mdist/images/conservation/Board-Room-corner_Panorama1-P_web_md.jpg[39m
Files: [36mapp/images/conservation/Board-Room-corner_Panorama1-P_web_sm.jpg[39m -> [36mdist/images/conservation/Board-Room-corner_Panorama1-P_web_sm.jpg[39m
Files: [36mapp/images/conservation/Board-Room-corner_Panorama1-P_web_xlg.jpg[39m -> [36mdist/images/conservation/Board-Room-corner_Panorama1-P_web_xlg.jpg[39m
Files: [36mapp/images/conservation/EAA-rainGauge_web_hd.jpg[39m -> [36mdist/images/conservation/EAA-rainGauge_web_hd.jpg[39m
Files: [36mapp/images/conservation/EAA-rainGauge_web_lg.jpg[39m -> [36mdist/images/conservation/EAA-rainGauge_web_lg.jpg[39m
Files: [36mapp/images/conservation/EAA-rainGauge_web_md.jpg[39m -> [36mdist/images/conservation/EAA-rainGauge_web_md.jpg[39m
Files: [36mapp/images/conservation/EAA-rainGauge_web_sm.jpg[39m -> [36mdist/images/conservation/EAA-rainGauge_web_sm.jpg[39m
Files: [36mapp/images/conservation/EAA-rainGauge_web_xlg.jpg[39m -> [36mdist/images/conservation/EAA-rainGauge_web_xlg.jpg[39m
Files: [36mapp/images/conservation/EAAgilleland_web_hd.jpg[39m -> [36mdist/images/conservation/EAAgilleland_web_hd.jpg[39m
Files: [36mapp/images/conservation/EAAgilleland_web_lg.jpg[39m -> [36mdist/images/conservation/EAAgilleland_web_lg.jpg[39m
Files: [36mapp/images/conservation/EAAgilleland_web_md.jpg[39m -> [36mdist/images/conservation/EAAgilleland_web_md.jpg[39m
Files: [36mapp/images/conservation/EAAgilleland_web_sm.jpg[39m -> [36mdist/images/conservation/EAAgilleland_web_sm.jpg[39m
Files: [36mapp/images/conservation/EAAgilleland_web_xlg.jpg[39m -> [36mdist/images/conservation/EAAgilleland_web_xlg.jpg[39m
Files: [36mapp/images/conservation/GBRA_20121017_6763_web_hd.jpg[39m -> [36mdist/images/conservation/GBRA_20121017_6763_web_hd.jpg[39m
Files: [36mapp/images/conservation/GBRA_20121017_6763_web_lg.jpg[39m -> [36mdist/images/conservation/GBRA_20121017_6763_web_lg.jpg[39m
Files: [36mapp/images/conservation/GBRA_20121017_6763_web_md.jpg[39m -> [36mdist/images/conservation/GBRA_20121017_6763_web_md.jpg[39m
Files: [36mapp/images/conservation/GBRA_20121017_6763_web_sm.jpg[39m -> [36mdist/images/conservation/GBRA_20121017_6763_web_sm.jpg[39m
Files: [36mapp/images/conservation/GBRA_20121017_6763_web_xlg.jpg[39m -> [36mdist/images/conservation/GBRA_20121017_6763_web_xlg.jpg[39m
Files: [36mapp/images/conservation/SM_salamander_XO5J9266_web_hd.jpg[39m -> [36mdist/images/conservation/SM_salamander_XO5J9266_web_hd.jpg[39m
Files: [36mapp/images/conservation/SM_salamander_XO5J9266_web_lg.jpg[39m -> [36mdist/images/conservation/SM_salamander_XO5J9266_web_lg.jpg[39m
Files: [36mapp/images/conservation/SM_salamander_XO5J9266_web_md.jpg[39m -> [36mdist/images/conservation/SM_salamander_XO5J9266_web_md.jpg[39m
Files: [36mapp/images/conservation/SM_salamander_XO5J9266_web_sm.jpg[39m -> [36mdist/images/conservation/SM_salamander_XO5J9266_web_sm.jpg[39m
Files: [36mapp/images/conservation/SM_salamander_XO5J9266_web_xlg.jpg[39m -> [36mdist/images/conservation/SM_salamander_XO5J9266_web_xlg.jpg[39m
Files: [36mapp/images/conservation/XO5J7652_web_hd.jpg[39m -> [36mdist/images/conservation/XO5J7652_web_hd.jpg[39m
Files: [36mapp/images/conservation/XO5J7652_web_lg.jpg[39m -> [36mdist/images/conservation/XO5J7652_web_lg.jpg[39m
Files: [36mapp/images/conservation/XO5J7652_web_md.jpg[39m -> [36mdist/images/conservation/XO5J7652_web_md.jpg[39m
Files: [36mapp/images/conservation/XO5J7652_web_sm.jpg[39m -> [36mdist/images/conservation/XO5J7652_web_sm.jpg[39m
Files: [36mapp/images/conservation/XO5J7652_web_xlg.jpg[39m -> [36mdist/images/conservation/XO5J7652_web_xlg.jpg[39m
Files: [36mapp/images/eaa_branding/eaa-logo-bw.png[39m -> [36mdist/images/eaa_branding/eaa-logo-bw.png[39m
Files: [36mapp/images/eaa_branding/eaa-logo-color.png[39m -> [36mdist/images/eaa_branding/eaa-logo-color.png[39m
Files: [36mapp/images/eaa_branding/eahcp-logo-color.png[39m -> [36mdist/images/eaa_branding/eahcp-logo-color.png[39m
Files: [36mapp/images/springs/Boat_0054_web_hd.jpg[39m -> [36mdist/images/springs/Boat_0054_web_hd.jpg[39m
Files: [36mapp/images/springs/Boat_0054_web_lg.jpg[39m -> [36mdist/images/springs/Boat_0054_web_lg.jpg[39m
Files: [36mapp/images/springs/Boat_0054_web_md.jpg[39m -> [36mdist/images/springs/Boat_0054_web_md.jpg[39m
Files: [36mapp/images/springs/Boat_0054_web_sm.jpg[39m -> [36mdist/images/springs/Boat_0054_web_sm.jpg[39m
Files: [36mapp/images/springs/Boat_0054_web_xlg.jpg[39m -> [36mdist/images/springs/Boat_0054_web_xlg.jpg[39m
Files: [36mapp/images/springs/EAAOriparianrandy20120801_0404_web_hd.jpg[39m -> [36mdist/images/springs/EAAOriparianrandy20120801_0404_web_hd.jpg[39m
Files: [36mapp/images/springs/EAAOriparianrandy20120801_0404_web_lg.jpg[39m -> [36mdist/images/springs/EAAOriparianrandy20120801_0404_web_lg.jpg[39m
Files: [36mapp/images/springs/EAAOriparianrandy20120801_0404_web_md.jpg[39m -> [36mdist/images/springs/EAAOriparianrandy20120801_0404_web_md.jpg[39m
Files: [36mapp/images/springs/EAAOriparianrandy20120801_0404_web_sm.jpg[39m -> [36mdist/images/springs/EAAOriparianrandy20120801_0404_web_sm.jpg[39m
Files: [36mapp/images/springs/EAAOriparianrandy20120801_0404_web_xlg.jpg[39m -> [36mdist/images/springs/EAAOriparianrandy20120801_0404_web_xlg.jpg[39m
Files: [36mapp/images/springs/EAAaquarena20120702_8316_web_hd.jpg[39m -> [36mdist/images/springs/EAAaquarena20120702_8316_web_hd.jpg[39m
Files: [36mapp/images/springs/EAAaquarena20120702_8316_web_lg.jpg[39m -> [36mdist/images/springs/EAAaquarena20120702_8316_web_lg.jpg[39m
Files: [36mapp/images/springs/EAAaquarena20120702_8316_web_md.jpg[39m -> [36mdist/images/springs/EAAaquarena20120702_8316_web_md.jpg[39m
Files: [36mapp/images/springs/EAAaquarena20120702_8316_web_sm.jpg[39m -> [36mdist/images/springs/EAAaquarena20120702_8316_web_sm.jpg[39m
Files: [36mapp/images/springs/EAAaquarena20120702_8316_web_xlg.jpg[39m -> [36mdist/images/springs/EAAaquarena20120702_8316_web_xlg.jpg[39m
Files: [36mapp/images/springs/EAArice20120503_3620_web_hd.jpg[39m -> [36mdist/images/springs/EAArice20120503_3620_web_hd.jpg[39m
Files: [36mapp/images/springs/EAArice20120503_3620_web_lg.jpg[39m -> [36mdist/images/springs/EAArice20120503_3620_web_lg.jpg[39m
Files: [36mapp/images/springs/EAArice20120503_3620_web_md.jpg[39m -> [36mdist/images/springs/EAArice20120503_3620_web_md.jpg[39m
Files: [36mapp/images/springs/EAArice20120503_3620_web_sm.jpg[39m -> [36mdist/images/springs/EAArice20120503_3620_web_sm.jpg[39m
Files: [36mapp/images/springs/EAArice20120503_3620_web_xlg.jpg[39m -> [36mdist/images/springs/EAArice20120503_3620_web_xlg.jpg[39m
Files: [36mapp/images/springs/Looking-Underwater_0017_web_hd.jpg[39m -> [36mdist/images/springs/Looking-Underwater_0017_web_hd.jpg[39m
Files: [36mapp/images/springs/Looking-Underwater_0017_web_lg.jpg[39m -> [36mdist/images/springs/Looking-Underwater_0017_web_lg.jpg[39m
Files: [36mapp/images/springs/Looking-Underwater_0017_web_md.jpg[39m -> [36mdist/images/springs/Looking-Underwater_0017_web_md.jpg[39m
Files: [36mapp/images/springs/Looking-Underwater_0017_web_sm.jpg[39m -> [36mdist/images/springs/Looking-Underwater_0017_web_sm.jpg[39m
Files: [36mapp/images/springs/Looking-Underwater_0017_web_xlg.jpg[39m -> [36mdist/images/springs/Looking-Underwater_0017_web_xlg.jpg[39m
Files: [36mapp/images/springs/Looking-Underwater_0020_web_hd.jpg[39m -> [36mdist/images/springs/Looking-Underwater_0020_web_hd.jpg[39m
Files: [36mapp/images/springs/Looking-Underwater_0020_web_lg.jpg[39m -> [36mdist/images/springs/Looking-Underwater_0020_web_lg.jpg[39m
Files: [36mapp/images/springs/Looking-Underwater_0020_web_md.jpg[39m -> [36mdist/images/springs/Looking-Underwater_0020_web_md.jpg[39m
Files: [36mapp/images/springs/Looking-Underwater_0020_web_sm.jpg[39m -> [36mdist/images/springs/Looking-Underwater_0020_web_sm.jpg[39m
Files: [36mapp/images/springs/Looking-Underwater_0020_web_xlg.jpg[39m -> [36mdist/images/springs/Looking-Underwater_0020_web_xlg.jpg[39m
Files: [36mapp/images/springs/aerial_view_web_hd.jpg[39m -> [36mdist/images/springs/aerial_view_web_hd.jpg[39m
Files: [36mapp/images/springs/aerial_view_web_lg.jpg[39m -> [36mdist/images/springs/aerial_view_web_lg.jpg[39m
Files: [36mapp/images/springs/aerial_view_web_md.jpg[39m -> [36mdist/images/springs/aerial_view_web_md.jpg[39m
Files: [36mapp/images/springs/aerial_view_web_sm.jpg[39m -> [36mdist/images/springs/aerial_view_web_sm.jpg[39m
Files: [36mapp/images/springs/aerial_view_web_xlg.jpg[39m -> [36mdist/images/springs/aerial_view_web_xlg.jpg[39m
Files: [36mapp/images/springs/com-springs2_web_hd.jpg[39m -> [36mdist/images/springs/com-springs2_web_hd.jpg[39m
Files: [36mapp/images/springs/com-springs2_web_lg.jpg[39m -> [36mdist/images/springs/com-springs2_web_lg.jpg[39m
Files: [36mapp/images/springs/com-springs2_web_md.jpg[39m -> [36mdist/images/springs/com-springs2_web_md.jpg[39m
Files: [36mapp/images/springs/com-springs2_web_sm.jpg[39m -> [36mdist/images/springs/com-springs2_web_sm.jpg[39m
Files: [36mapp/images/springs/com-springs2_web_xlg.jpg[39m -> [36mdist/images/springs/com-springs2_web_xlg.jpg[39m
Files: [36mapp/images/springs/waterfall_web_hd.jpg[39m -> [36mdist/images/springs/waterfall_web_hd.jpg[39m
Files: [36mapp/images/springs/waterfall_web_lg.jpg[39m -> [36mdist/images/springs/waterfall_web_lg.jpg[39m
Files: [36mapp/images/springs/waterfall_web_md.jpg[39m -> [36mdist/images/springs/waterfall_web_md.jpg[39m
Files: [36mapp/images/springs/waterfall_web_sm.jpg[39m -> [36mdist/images/springs/waterfall_web_sm.jpg[39m
Files: [36mapp/images/springs/waterfall_web_xlg.jpg[39m -> [36mdist/images/springs/waterfall_web_xlg.jpg[39m
Options: [36moptimizationLevel=7[39m, [36mprogressive[39m, [36mpngquant[39m
Options: [36moptimizationLevel=7[39m, [36mprogressive[39m, [36mpngquant[39m
Reading app/images/about/concept-01-opt.jpg...[32mOK[39m
[cached] app/images/about/concept-01-opt.jpg ← C:\Users\ToaTeG\AppData\Local\Temp\grunt-contrib-imagemin.cache\ddacf5bf8e31c7035f3f0c59f653ded1103abaf5
Reading C:\Users\ToaTeG\AppData\Local\Temp\grunt-contrib-imagemin.cache\ddacf5bf8e31c7035f3f0c59f653ded1103abaf5...[32mOK[39m
Writing dist/images/about/concept-01-opt.jpg...[32mOK[39m
✔ app/images/about/concept-01-opt.jpg (saved 4.12 kb)
Reading app/images/about/concept-02-opt.jpg...[32mOK[39m
[cached] app/images/about/concept-02-opt.jpg ← C:\Users\ToaTeG\AppData\Local\Temp\grunt-contrib-imagemin.cache\5722ff3edad0d658d5f1172326f7931bc097fcb8
Reading C:\Users\ToaTeG\AppData\Local\Temp\grunt-contrib-imagemin.cache\5722ff3edad0d658d5f1172326f7931bc097fcb8...[32mOK[39m
Writing dist/images/about/concept-02-opt.jpg...[32mOK[39m
✔ app/images/about/concept-02-opt.jpg (saved 4.25 kb)
Reading app/images/caves_karsts/DSC_0318_web_hd.jpg...[32mOK[39m
[cached] app/images/caves_karsts/DSC_0318_web_hd.jpg ← C:\Users\ToaTeG\AppData\Local\Temp\grunt-contrib-imagemin.cache\52572d5237e1d92f493fa0d9042ddb964fd0bb48
Reading C:\Users\ToaTeG\AppData\Local\Temp\grunt-contrib-imagemin.cache\52572d5237e1d92f493fa0d9042ddb964fd0bb48...[32mOK[39m
Writing dist/images/caves_karsts/DSC_0318_web_hd.jpg...[32mOK[39m
✔ app/images/caves_karsts/DSC_0318_web_hd.jpg (saved 8.49 kB)
Reading app/images/caves_karsts/DSC_0318_web_lg.jpg...[32mOK[39m
[cached] app/images/caves_karsts/DSC_0318_web_lg.jpg ← C:\Users\ToaTeG\AppData\Local\Temp\grunt-contrib-imagemin.cache\a7191806abdfaff535489943c38d9e567b60ae15
Reading C:\Users\ToaTeG\AppData\Local\Temp\grunt-contrib-imagemin.cache\a7191806abdfaff535489943c38d9e567b60ae15...[32mOK[39m
Writing dist/images/caves_karsts/DSC_0318_web_lg.jpg...[32mOK[39m
✔ app/images/caves_karsts/DSC_0318_web_lg.jpg (saved 5.53 kB)
Reading app/images/caves_karsts/DSC_0318_web_md.jpg...[32mOK[39m
[cached] app/images/caves_karsts/DSC_0318_web_md.jpg ← C:\Users\ToaTeG\AppData\Local\Temp\grunt-contrib-imagemin.cache\3a2b8e792b2a4ca9bfe2387bc64cd62d9d82e12f
Reading C:\Users\ToaTeG\AppData\Local\Temp\grunt-contrib-imagemin.cache\3a2b8e792b2a4ca9bfe2387bc64cd62d9d82e12f...[32mOK[39m
Writing dist/images/caves_karsts/DSC_0318_web_md.jpg...[32mOK[39m
✔ app/images/caves_karsts/DSC_0318_web_md.jpg (saved 4.37 kB)
Reading app/images/caves_karsts/DSC_0318_web_sm.jpg...[32mOK[39m
[cached] app/images/caves_karsts/DSC_0318_web_sm.jpg ← C:\Users\ToaTeG\AppData\Local\Temp\grunt-contrib-imagemin.cache\565326ff88625e38699ec929ac28710935efb1e0
Reading C:\Users\ToaTeG\AppData\Local\Temp\grunt-contrib-imagemin.cache\565326ff88625e38699ec929ac28710935efb1e0...[32mOK[39m
Writing dist/images/caves_karsts/DSC_0318_web_sm.jpg...[32mOK[39m
✔ app/images/caves_karsts/DSC_0318_web_sm.jpg (saved 3.34 kB)
Reading app/images/caves_karsts/DSC_0318_web_xlg.jpg...[32mOK[39m
[cached] app/images/caves_karsts/DSC_0318_web_xlg.jpg ← C:\Users\ToaTeG\AppData\Local\Temp\grunt-contrib-imagemin.cache\7d1f904f9443688d5ef904e4b96c40ea61783582
Reading C:\Users\ToaTeG\AppData\Local\Temp\grunt-contrib-imagemin.cache\7d1f904f9443688d5ef904e4b96c40ea61783582...[32mOK[39m
Writing dist/images/caves_karsts/DSC_0318_web_xlg.jpg...[32mOK[39m
✔ app/images/caves_karsts/DSC_0318_web_xlg.jpg (saved 6.45 kB)
Reading app/images/caves_karsts/For-Doty1_1280x979_web_hd.jpg...[32mOK[39m
[cached] app/images/caves_karsts/For-Doty1_1280x979_web_hd.jpg ← C:\Users\ToaTeG\AppData\Local\Temp\grunt-contrib-imagemin.cache\d2bf28eb1bc33b96964bc527e7574b183b2bc318
Reading C:\Users\ToaTeG\AppData\Local\Temp\grunt-contrib-imagemin.cache\d2bf28eb1bc33b96964bc527e7574b183b2bc318...[32mOK[39m
Writing dist/images/caves_karsts/For-Doty1_1280x979_web_hd.jpg...[32mOK[39m
✔ app/images/caves_karsts/For-Doty1_1280x979_web_hd.jpg (saved 3.55 kB)
Reading app/images/caves_karsts/For-Doty1_1280x979_web_lg.jpg...[32mOK[39m
[cached] app/images/caves_karsts/For-Doty1_1280x979_web_lg.jpg ← C:\Users\ToaTeG\AppData\Local\Temp\grunt-contrib-imagemin.cache\852adb3158c0257582b3e8a4e2cebc079b3186cd
Reading C:\Users\ToaTeG\AppData\Local\Temp\grunt-contrib-imagemin.cache\852adb3158c0257582b3e8a4e2cebc079b3186cd...[32mOK[39m
Writing dist/images/caves_karsts/For-Doty1_1280x979_web_lg.jpg...[32mOK[39m
✔ app/images/caves_karsts/For-Doty1_1280x979_web_lg.jpg (saved 2.86 kB)
Reading app/images/caves_karsts/For-Doty1_1280x979_web_md.jpg...[32mOK[39m
[cached] app/images/caves_karsts/For-Doty1_1280x979_web_md.jpg ← C:\Users\ToaTeG\AppData\Local\Temp\grunt-contrib-imagemin.cache\a47b9bdf4436ee9c674acfc463d8313a33557440
Reading C:\Users\ToaTeG\AppData\Local\Temp\grunt-contrib-imagemin.cache\a47b9bdf4436ee9c674acfc463d8313a33557440...[32mOK[39m
Writing dist/images/caves_karsts/For-Doty1_1280x979_web_md.jpg...[32mOK[39m
✔ app/images/caves_karsts/For-Doty1_1280x979_web_md.jpg (saved 2.33 kB)
Reading app/images/caves_karsts/For-Doty1_1280x979_web_sm.jpg...[32mOK[39m
[cached] app/images/caves_karsts/For-Doty1_1280x979_web_sm.jpg ← C:\Users\ToaTeG\AppData\Local\Temp\grunt-contrib-imagemin.cache\796e89a1341fd4bda555a160fc85f8adbd46f096
Reading C:\Users\ToaTeG\AppData\Local\Temp\grunt-contrib-imagemin.cache\796e89a1341fd4bda555a160fc85f8adbd46f096...[32mOK[39m
Writing dist/images/caves_karsts/For-Doty1_1280x979_web_sm.jpg...[32mOK[39m
✔ app/images/caves_karsts/For-Doty1_1280x979_web_sm.jpg (saved 1.85 kB)
Reading app/images/caves_karsts/For-Doty1_1280x979_web_xlg.jpg...[32mOK[39m
[cached] app/images/caves_karsts/For-Doty1_1280x979_web_xlg.jpg ← C:\Users\ToaTeG\AppData\Local\Temp\grunt-contrib-imagemin.cache\a101682657a2afa740010ac5065e1b8d64cf98ff
Reading C:\Users\ToaTeG\AppData\Local\Temp\grunt-contrib-imagemin.cache\a101682657a2afa740010ac5065e1b8d64cf98ff...[32mOK[39m
Writing dist/images/caves_karsts/For-Doty1_1280x979_web_xlg.jpg...[32mOK[39m
✔ app/images/caves_karsts/For-Doty1_1280x979_web_xlg.jpg (saved 3.52 kB)
Reading app/images/caves_karsts/Valdina_Farms_Cave_IMG0017_web_hd.jpg...[32mOK[39m
[cached] app/images/caves_karsts/Valdina_Farms_Cave_IMG0017_web_hd.jpg ← C:\Users\ToaTeG\AppData\Local\Temp\grunt-contrib-imagemin.cache\326ff809631766eb4e370bcc4b0b0a6ebcba424f
Reading C:\Users\ToaTeG\AppData\Local\Temp\grunt-contrib-imagemin.cache\326ff809631766eb4e370bcc4b0b0a6ebcba424f...[32mOK[39m
Writing dist/images/caves_karsts/Valdina_Farms_Cave_IMG0017_web_hd.jpg...[32mOK[39m
✔ app/images/caves_karsts/Valdina_Farms_Cave_IMG0017_web_hd.jpg (saved 7.67 kb)
Reading app/images/caves_karsts/Valdina_Farms_Cave_IMG0017_web_lg.jpg...[32mOK[39m
[cached] app/images/caves_karsts/Valdina_Farms_Cave_IMG0017_web_lg.jpg ← C:\Users\ToaTeG\AppData\Local\Temp\grunt-contrib-imagemin.cache\562c060e31b9482ad98255d4f3646c367b3740b0
Reading C:\Users\ToaTeG\AppData\Local\Temp\grunt-contrib-imagemin.cache\562c060e31b9482ad98255d4f3646c367b3740b0...[32mOK[39m
Writing dist/images/caves_karsts/Valdina_Farms_Cave_IMG0017_web_lg.jpg...[32mOK[39m
✔ app/images/caves_karsts/Valdina_Farms_Cave_IMG0017_web_lg.jpg (saved 1.04 kB)
Reading app/images/caves_karsts/Valdina_Farms_Cave_IMG0017_web_md.jpg...[32mOK[39m
[cached] app/images/caves_karsts/Valdina_Farms_Cave_IMG0017_web_md.jpg ← C:\Users\ToaTeG\AppData\Local\Temp\grunt-contrib-imagemin.cache\fe3c88567b2f3a6e3daef1dea5ec812418948d77
Reading C:\Users\ToaTeG\AppData\Local\Temp\grunt-contrib-imagemin.cache\fe3c88567b2f3a6e3daef1dea5ec812418948d77...[32mOK[39m
Writing dist/images/caves_karsts/Valdina_Farms_Cave_IMG0017_web_md.jpg...[32mOK[39m
✔ app/images/caves_karsts/Valdina_Farms_Cave_IMG0017_web_md.jpg (saved 1.08 kB)
Reading app/images/caves_karsts/Valdina_Farms_Cave_IMG0017_web_sm.jpg...[32mOK[39m
[cached] app/images/caves_karsts/Valdina_Farms_Cave_IMG0017_web_sm.jpg ← C:\Users\ToaTeG\AppData\Local\Temp\grunt-contrib-imagemin.cache\7a34ddb92db99619228e4bf20b8202ce68c64fe2
Reading C:\Users\ToaTeG\AppData\Local\Temp\grunt-contrib-imagemin.cache\7a34ddb92db99619228e4bf20b8202ce68c64fe2...[32mOK[39m
Writing dist/images/caves_karsts/Valdina_Farms_Cave_IMG0017_web_sm.jpg...[32mOK[39m
✔ app/images/caves_karsts/Valdina_Farms_Cave_IMG0017_web_sm.jpg (saved 1.04 kB)
Reading app/images/caves_karsts/Valdina_Farms_Cave_IMG0017_web_xlg.jpg...[32mOK[39m
[cached] app/images/caves_karsts/Valdina_Farms_Cave_IMG0017_web_xlg.jpg ← C:\Users\ToaTeG\AppData\Local\Temp\grunt-contrib-imagemin.cache\7fa861960eb32ee56a29507fe4e82862524170aa
Reading C:\Users\ToaTeG\AppData\Local\Temp\grunt-contrib-imagemin.cache\7fa861960eb32ee56a29507fe4e82862524170aa...[32mOK[39m
Writing dist/images/caves_karsts/Valdina_Farms_Cave_IMG0017_web_xlg.jpg...[32mOK[39m
✔ app/images/caves_karsts/Valdina_Farms_Cave_IMG0017_web_xlg.jpg (saved 1.24 kB)
Reading app/images/caves_karsts/edwards-limestone_web_hd.jpg...[32mOK[39m
[cached] app/images/caves_karsts/edwards-limestone_web_hd.jpg ← C:\Users\ToaTeG\AppData\Local\Temp\grunt-contrib-imagemin.cache\bdd456580769b8dc0df1ad411b1ae4fcb291564c
Reading C:\Users\ToaTeG\AppData\Local\Temp\grunt-contrib-imagemin.cache\bdd456580769b8dc0df1ad411b1ae4fcb291564c...[32mOK[39m
Writing dist/images/caves_karsts/edwards-limestone_web_hd.jpg...[32mOK[39m
✔ app/images/caves_karsts/edwards-limestone_web_hd.jpg (saved 8.92 kB)
Reading app/images/caves_karsts/edwards-limestone_web_lg.jpg...[32mOK[39m
[cached] app/images/caves_karsts/edwards-limestone_web_lg.jpg ← C:\Users\ToaTeG\AppData\Local\Temp\grunt-contrib-imagemin.cache\0a7f65e09cbafac020b6e60fd361f4504a92afea
Reading C:\Users\ToaTeG\AppData\Local\Temp\grunt-contrib-imagemin.cache\0a7f65e09cbafac020b6e60fd361f4504a92afea...[32mOK[39m
Writing dist/images/caves_karsts/edwards-limestone_web_lg.jpg...[32mOK[39m
✔ app/images/caves_karsts/edwards-limestone_web_lg.jpg (saved 5.74 kB)
Reading app/images/caves_karsts/edwards-limestone_web_md.jpg...[32mOK[39m
[cached] app/images/caves_karsts/edwards-limestone_web_md.jpg ← C:\Users\ToaTeG\AppData\Local\Temp\grunt-contrib-imagemin.cache\0a4dc9747dd521a1206b9fbf4b4f503826d32ebe
Reading C:\Users\ToaTeG\AppData\Local\Temp\grunt-contrib-imagemin.cache\0a4dc9747dd521a1206b9fbf4b4f503826d32ebe...[32mOK[39m
Writing dist/images/caves_karsts/edwards-limestone_web_md.jpg...[32mOK[39m
✔ app/images/caves_karsts/edwards-limestone_web_md.jpg (saved 4.52 kB)
Reading app/images/caves_karsts/edwards-limestone_web_sm.jpg...[32mOK[39m
[cached] app/images/caves_karsts/edwards-limestone_web_sm.jpg ← C:\Users\ToaTeG\AppData\Local\Temp\grunt-contrib-imagemin.cache\993c28c842d09f4e163a03aebc252c6785c7e4f6
Reading C:\Users\ToaTeG\AppData\Local\Temp\grunt-contrib-imagemin.cache\993c28c842d09f4e163a03aebc252c6785c7e4f6...[32mOK[39m
Writing dist/images/caves_karsts/edwards-limestone_web_sm.jpg...[32mOK[39m
✔ app/images/caves_karsts/edwards-limestone_web_sm.jpg (saved 3.30 kB)
Reading app/images/caves_karsts/edwards-limestone_web_xlg.jpg...[32mOK[39m
[cached] app/images/caves_karsts/edwards-limestone_web_xlg.jpg ← C:\Users\ToaTeG\AppData\Local\Temp\grunt-contrib-imagemin.cache\3005878d70d2dda8cac471a78515a8df06144a88
Reading C:\Users\ToaTeG\AppData\Local\Temp\grunt-contrib-imagemin.cache\3005878d70d2dda8cac471a78515a8df06144a88...[32mOK[39m
Writing dist/images/caves_karsts/edwards-limestone_web_xlg.jpg...[32mOK[39m
✔ app/images/caves_karsts/edwards-limestone_web_xlg.jpg (saved 7.53 kB)
Reading app/images/caves_karsts/valdina_8r_web_hd.jpg...[32mOK[39m
[cached] app/images/caves_karsts/valdina_8r_web_hd.jpg ← C:\Users\ToaTeG\AppData\Local\Temp\grunt-contrib-imagemin.cache\9b4d362b97eb05ca159335cf7133596ea2f56594
Reading C:\Users\ToaTeG\AppData\Local\Temp\grunt-contrib-imagemin.cache\9b4d362b97eb05ca159335cf7133596ea2f56594...[32mOK[39m
Writing dist/images/caves_karsts/valdina_8r_web_hd.jpg...[32mOK[39m
✔ app/images/caves_karsts/valdina_8r_web_hd.jpg (saved 8.86 kB)
Reading app/images/caves_karsts/valdina_8r_web_lg.jpg...[32mOK[39m
[cached] app/images/caves_karsts/valdina_8r_web_lg.jpg ← C:\Users\ToaTeG\AppData\Local\Temp\grunt-contrib-imagemin.cache\841f5c56e10506dbc58cb04b54cb48eaf0e99fc9
Reading C:\Users\ToaTeG\AppData\Local\Temp\grunt-contrib-imagemin.cache\841f5c56e10506dbc58cb04b54cb48eaf0e99fc9...[32mOK[39m
Writing dist/images/caves_karsts/valdina_8r_web_lg.jpg...[32mOK[39m
✔ app/images/caves_karsts/valdina_8r_web_lg.jpg (saved 8.86 kB)
Reading app/images/caves_karsts/valdina_8r_web_md.jpg...[32mOK[39m
[cached] app/images/caves_karsts/valdina_8r_web_md.jpg ← C:\Users\ToaTeG\AppData\Local\Temp\grunt-contrib-imagemin.cache\d35aca4b9cc9aa18dc4db4730726daacb1e536d3
Reading C:\Users\ToaTeG\AppData\Local\Temp\grunt-contrib-imagemin.cache\d35aca4b9cc9aa18dc4db4730726daacb1e536d3...[32mOK[39m
Writing dist/images/caves_karsts/valdina_8r_web_md.jpg...[32mOK[39m
✔ app/images/caves_karsts/valdina_8r_web_md.jpg (saved 7.79 kB)
Reading app/images/caves_karsts/valdina_8r_web_sm.jpg...[32mOK[39m
[cached] app/images/caves_karsts/valdina_8r_web_sm.jpg ← C:\Users\ToaTeG\AppData\Local\Temp\grunt-contrib-imagemin.cache\2a1c03e42695c010828f97715783a3a98d70b7b6
Reading C:\Users\ToaTeG\AppData\Local\Temp\grunt-contrib-imagemin.cache\2a1c03e42695c010828f97715783a3a98d70b7b6...[32mOK[39m
Writing dist/images/caves_karsts/valdina_8r_web_sm.jpg...[32mOK[39m
✔ app/images/caves_karsts/valdina_8r_web_sm.jpg (saved 5.29 kB)
Reading app/images/caves_karsts/valdina_8r_web_xlg.jpg...[32mOK[39m
[cached] app/images/caves_karsts/valdina_8r_web_xlg.jpg ← C:\Users\ToaTeG\AppData\Local\Temp\grunt-contrib-imagemin.cache\ef745cbe870ce1deebe5c9e99c7e2ed847e1a32f
Reading C:\Users\ToaTeG\AppData\Local\Temp\grunt-contrib-imagemin.cache\ef745cbe870ce1deebe5c9e99c7e2ed847e1a32f...[32mOK[39m
Writing dist/images/caves_karsts/valdina_8r_web_xlg.jpg...[32mOK[39m
✔ app/images/caves_karsts/valdina_8r_web_xlg.jpg (saved 8.86 kB)
Reading app/images/conservation/05May_MartinMarietta_CMYK_web_hd.jpg...[32mOK[39m
[cached] app/images/conservation/05May_MartinMarietta_CMYK_web_hd.jpg ← C:\Users\ToaTeG\AppData\Local\Temp\grunt-contrib-imagemin.cache\1596d005ea4e003b7ee06588b09838f3a7babae1
Reading C:\Users\ToaTeG\AppData\Local\Temp\grunt-contrib-imagemin.cache\1596d005ea4e003b7ee06588b09838f3a7babae1...[32mOK[39m
Writing dist/images/conservation/05May_MartinMarietta_CMYK_web_hd.jpg...[32mOK[39m
✔ app/images/conservation/05May_MartinMarietta_CMYK_web_hd.jpg (saved 2.56 kB)
Reading app/images/conservation/05May_MartinMarietta_CMYK_web_lg.jpg...[32mOK[39m
[cached] app/images/conservation/05May_MartinMarietta_CMYK_web_lg.jpg ← C:\Users\ToaTeG\AppData\Local\Temp\grunt-contrib-imagemin.cache\9a46675b4b5962ea364e1095f1ad8217b4c09d7f
Reading C:\Users\ToaTeG\AppData\Local\Temp\grunt-contrib-imagemin.cache\9a46675b4b5962ea364e1095f1ad8217b4c09d7f...[32mOK[39m
Writing dist/images/conservation/05May_MartinMarietta_CMYK_web_lg.jpg...[32mOK[39m
✔ app/images/conservation/05May_MartinMarietta_CMYK_web_lg.jpg (saved 2.26 kB)
Reading app/images/conservation/05May_MartinMarietta_CMYK_web_md.jpg...[32mOK[39m
[cached] app/images/conservation/05May_MartinMarietta_CMYK_web_md.jpg ← C:\Users\ToaTeG\AppData\Local\Temp\grunt-contrib-imagemin.cache\201431e017d20b6e773253fe6fcb5a3ec2511404
Reading C:\Users\ToaTeG\AppData\Local\Temp\grunt-contrib-imagemin.cache\201431e017d20b6e773253fe6fcb5a3ec2511404...[32mOK[39m
Writing dist/images/conservation/05May_MartinMarietta_CMYK_web_md.jpg...[32mOK[39m
✔ app/images/conservation/05May_MartinMarietta_CMYK_web_md.jpg (saved 2.01 kB)
Reading app/images/conservation/05May_MartinMarietta_CMYK_web_sm.jpg...[32mOK[39m
[cached] app/images/conservation/05May_MartinMarietta_CMYK_web_sm.jpg ← C:\Users\ToaTeG\AppData\Local\Temp\grunt-contrib-imagemin.cache\0f378fbcf547bf7c0f1957cfce829ec9dc3266d1
Reading C:\Users\ToaTeG\AppData\Local\Temp\grunt-contrib-imagemin.cache\0f378fbcf547bf7c0f1957cfce829ec9dc3266d1...[32mOK[39m
Writing dist/images/conservation/05May_MartinMarietta_CMYK_web_sm.jpg...[32mOK[39m
✔ app/images/conservation/05May_MartinMarietta_CMYK_web_sm.jpg (saved 1.44 kB)
Reading app/images/conservation/05May_MartinMarietta_CMYK_web_xlg.jpg...[32mOK[39m
[cached] app/images/conservation/05May_MartinMarietta_CMYK_web_xlg.jpg ← C:\Users\ToaTeG\AppData\Local\Temp\grunt-contrib-imagemin.cache\4dfb5cd275cc423f9b2928b1299aabef15c46187
Reading C:\Users\ToaTeG\AppData\Local\Temp\grunt-contrib-imagemin.cache\4dfb5cd275cc423f9b2928b1299aabef15c46187...[32mOK[39m
Writing dist/images/conservation/05May_MartinMarietta_CMYK_web_xlg.jpg...[32mOK[39m
✔ app/images/conservation/05May_MartinMarietta_CMYK_web_xlg.jpg (saved 2.56 kB)
Reading app/images/conservation/07Jul_PumpStation_CMYK_web_hd.jpg...[32mOK[39m
[cached] app/images/conservation/07Jul_PumpStation_CMYK_web_hd.jpg ← C:\Users\ToaTeG\AppData\Local\Temp\grunt-contrib-imagemin.cache\8567f6f8059b40b0a1b2318673b246715b32dd3c
Reading C:\Users\ToaTeG\AppData\Local\Temp\grunt-contrib-imagemin.cache\8567f6f8059b40b0a1b2318673b246715b32dd3c...[32mOK[39m
Writing dist/images/conservation/07Jul_PumpStation_CMYK_web_hd.jpg...[32mOK[39m
✔ app/images/conservation/07Jul_PumpStation_CMYK_web_hd.jpg (saved 2.47 kB)
Reading app/images/conservation/07Jul_PumpStation_CMYK_web_lg.jpg...[32mOK[39m
[cached] app/images/conservation/07Jul_PumpStation_CMYK_web_lg.jpg ← C:\Users\ToaTeG\AppData\Local\Temp\grunt-contrib-imagemin.cache\f89c045a803692102ff7f650cbfabb6ff87cf470
Reading C:\Users\ToaTeG\AppData\Local\Temp\grunt-contrib-imagemin.cache\f89c045a803692102ff7f650cbfabb6ff87cf470...[32mOK[39m
Writing dist/images/conservation/07Jul_PumpStation_CMYK_web_lg.jpg...[32mOK[39m
✔ app/images/conservation/07Jul_PumpStation_CMYK_web_lg.jpg (saved 2.53 kB)
Reading app/images/conservation/07Jul_PumpStation_CMYK_web_md.jpg...[32mOK[39m
[cached] app/images/conservation/07Jul_PumpStation_CMYK_web_md.jpg ← C:\Users\ToaTeG\AppData\Local\Temp\grunt-contrib-imagemin.cache\fbd3516be1c0b7f7e812ec5cce7c39834e6dfe20
Reading C:\Users\ToaTeG\AppData\Local\Temp\grunt-contrib-imagemin.cache\fbd3516be1c0b7f7e812ec5cce7c39834e6dfe20...[32mOK[39m
Writing dist/images/conservation/07Jul_PumpStation_CMYK_web_md.jpg...[32mOK[39m
✔ app/images/conservation/07Jul_PumpStation_CMYK_web_md.jpg (saved 2.25 kB)
Reading app/images/conservation/07Jul_PumpStation_CMYK_web_sm.jpg...[32mOK[39m
[cached] app/images/conservation/07Jul_PumpStation_CMYK_web_sm.jpg ← C:\Users\ToaTeG\AppData\Local\Temp\grunt-contrib-imagemin.cache\4850580c43d702b90aafd934c581fe93b81a76d8
Reading C:\Users\ToaTeG\AppData\Local\Temp\grunt-contrib-imagemin.cache\4850580c43d702b90aafd934c581fe93b81a76d8...[32mOK[39m
Writing dist/images/conservation/07Jul_PumpStation_CMYK_web_sm.jpg...[32mOK[39m
✔ app/images/conservation/07Jul_PumpStation_CMYK_web_sm.jpg (saved 1.88 kB)
Reading app/images/conservation/07Jul_PumpStation_CMYK_web_xlg.jpg...[32mOK[39m
[cached] app/images/conservation/07Jul_PumpStation_CMYK_web_xlg.jpg ← C:\Users\ToaTeG\AppData\Local\Temp\grunt-contrib-imagemin.cache\d24cc3ec87287317c27fdf6b5515c0f973cacc40
Reading C:\Users\ToaTeG\AppData\Local\Temp\grunt-contrib-imagemin.cache\d24cc3ec87287317c27fdf6b5515c0f973cacc40...[32mOK[39m
Writing dist/images/conservation/07Jul_PumpStation_CMYK_web_xlg.jpg...[32mOK[39m
✔ app/images/conservation/07Jul_PumpStation_CMYK_web_xlg.jpg (saved 2.47 kB)
Reading app/images/conservation/08Aug_Landa_CMYK_web_hd.jpg...[32mOK[39m
[cached] app/images/conservation/08Aug_Landa_CMYK_web_hd.jpg ← C:\Users\ToaTeG\AppData\Local\Temp\grunt-contrib-imagemin.cache\4d5334ea4fa510008d159b2f959eb8cf3894088b
Reading C:\Users\ToaTeG\AppData\Local\Temp\grunt-contrib-imagemin.cache\4d5334ea4fa510008d159b2f959eb8cf3894088b...[32mOK[39m
Writing dist/images/conservation/08Aug_Landa_CMYK_web_hd.jpg...[32mOK[39m
✔ app/images/conservation/08Aug_Landa_CMYK_web_hd.jpg (saved 1.32 kB)
Reading app/images/conservation/08Aug_Landa_CMYK_web_lg.jpg...[32mOK[39m
[cached] app/images/conservation/08Aug_Landa_CMYK_web_lg.jpg ← C:\Users\ToaTeG\AppData\Local\Temp\grunt-contrib-imagemin.cache\b9ad6e1c272099a9a20971085178521223c25a71
Reading C:\Users\ToaTeG\AppData\Local\Temp\grunt-contrib-imagemin.cache\b9ad6e1c272099a9a20971085178521223c25a71...[32mOK[39m
Writing dist/images/conservation/08Aug_Landa_CMYK_web_lg.jpg...[32mOK[39m
✔ app/images/conservation/08Aug_Landa_CMYK_web_lg.jpg (saved 1.39 kB)
Reading app/images/conservation/08Aug_Landa_CMYK_web_md.jpg...[32mOK[39m
[cached] app/images/conservation/08Aug_Landa_CMYK_web_md.jpg ← C:\Users\ToaTeG\AppData\Local\Temp\grunt-contrib-imagemin.cache\3a0c7014446c2c6e5b9bf05959059cdeb6f733f4
Reading C:\Users\ToaTeG\AppData\Local\Temp\grunt-contrib-imagemin.cache\3a0c7014446c2c6e5b9bf05959059cdeb6f733f4...[32mOK[39m
Writing dist/images/conservation/08Aug_Landa_CMYK_web_md.jpg...[32mOK[39m
✔ app/images/conservation/08Aug_Landa_CMYK_web_md.jpg (saved 1.42 kB)
Reading app/images/conservation/08Aug_Landa_CMYK_web_sm.jpg...[32mOK[39m
[cached] app/images/conservation/08Aug_Landa_CMYK_web_sm.jpg ← C:\Users\ToaTeG\AppData\Local\Temp\grunt-contrib-imagemin.cache\e8041eeb942dc052e79cb7dd97537d71c422b208
Reading C:\Users\ToaTeG\AppData\Local\Temp\grunt-contrib-imagemin.cache\e8041eeb942dc052e79cb7dd97537d71c422b208...[32mOK[39m
Writing dist/images/conservation/08Aug_Landa_CMYK_web_sm.jpg...[32mOK[39m
✔ app/images/conservation/08Aug_Landa_CMYK_web_sm.jpg (saved 1.20 kB)
Reading app/images/conservation/08Aug_Landa_CMYK_web_xlg.jpg...[32mOK[39m
[cached] app/images/conservation/08Aug_Landa_CMYK_web_xlg.jpg ← C:\Users\ToaTeG\AppData\Local\Temp\grunt-contrib-imagemin.cache\6904d46b9abaa1fca0c59d007ecf319019fc8811
Reading C:\Users\ToaTeG\AppData\Local\Temp\grunt-contrib-imagemin.cache\6904d46b9abaa1fca0c59d007ecf319019fc8811...[32mOK[39m
Writing dist/images/conservation/08Aug_Landa_CMYK_web_xlg.jpg...[32mOK[39m
✔ app/images/conservation/08Aug_Landa_CMYK_web_xlg.jpg (saved 1.32 kB)
Reading app/images/conservation/Board-Room-corner_Panorama1-P_web_hd.jpg...[32mOK[39m
[cached] app/images/conservation/Board-Room-corner_Panorama1-P_web_hd.jpg ← C:\Users\ToaTeG\AppData\Local\Temp\grunt-contrib-imagemin.cache\6266ad284036e9d5bb5c8ff3c4c87954bc354029
Reading C:\Users\ToaTeG\AppData\Local\Temp\grunt-contrib-imagemin.cache\6266ad284036e9d5bb5c8ff3c4c87954bc354029...[32mOK[39m
Writing dist/images/conservation/Board-Room-corner_Panorama1-P_web_hd.jpg...[32mOK[39m
✔ app/images/conservation/Board-Room-corner_Panorama1-P_web_hd.jpg (saved 4.05 kB)
Reading app/images/conservation/Board-Room-corner_Panorama1-P_web_lg.jpg...[32mOK[39m
[cached] app/images/conservation/Board-Room-corner_Panorama1-P_web_lg.jpg ← C:\Users\ToaTeG\AppData\Local\Temp\grunt-contrib-imagemin.cache\6ec8cd5bfcd45a9eabb6e9826d09960f99d9baf0
Reading C:\Users\ToaTeG\AppData\Local\Temp\grunt-contrib-imagemin.cache\6ec8cd5bfcd45a9eabb6e9826d09960f99d9baf0...[32mOK[39m
Writing dist/images/conservation/Board-Room-corner_Panorama1-P_web_lg.jpg...[32mOK[39m
✔ app/images/conservation/Board-Room-corner_Panorama1-P_web_lg.jpg (saved 2.85 kB)
Reading app/images/conservation/Board-Room-corner_Panorama1-P_web_md.jpg...[32mOK[39m
[cached] app/images/conservation/Board-Room-corner_Panorama1-P_web_md.jpg ← C:\Users\ToaTeG\AppData\Local\Temp\grunt-contrib-imagemin.cache\81ee269f2cc972bed53be7b07306b9d48991eea7
Reading C:\Users\ToaTeG\AppData\Local\Temp\grunt-contrib-imagemin.cache\81ee269f2cc972bed53be7b07306b9d48991eea7...[32mOK[39m
Writing dist/images/conservation/Board-Room-corner_Panorama1-P_web_md.jpg...[32mOK[39m
✔ app/images/conservation/Board-Room-corner_Panorama1-P_web_md.jpg (saved 2.50 kB)
Reading app/images/conservation/Board-Room-corner_Panorama1-P_web_sm.jpg...[32mOK[39m
[cached] app/images/conservation/Board-Room-corner_Panorama1-P_web_sm.jpg ← C:\Users\ToaTeG\AppData\Local\Temp\grunt-contrib-imagemin.cache\6b99225be864ea741d33048654b1cf8fb7810668
Reading C:\Users\ToaTeG\AppData\Local\Temp\grunt-contrib-imagemin.cache\6b99225be864ea741d33048654b1cf8fb7810668...[32mOK[39m
Writing dist/images/conservation/Board-Room-corner_Panorama1-P_web_sm.jpg...[32mOK[39m
✔ app/images/conservation/Board-Room-corner_Panorama1-P_web_sm.jpg (saved 2.17 kB)
Reading app/images/conservation/Board-Room-corner_Panorama1-P_web_xlg.jpg...[32mOK[39m
[cached] app/images/conservation/Board-Room-corner_Panorama1-P_web_xlg.jpg ← C:\Users\ToaTeG\AppData\Local\Temp\grunt-contrib-imagemin.cache\2a496aedc52005ab831261dc8c3dfcb3ce4d8f75
Reading C:\Users\ToaTeG\AppData\Local\Temp\grunt-contrib-imagemin.cache\2a496aedc52005ab831261dc8c3dfcb3ce4d8f75...[32mOK[39m
Writing dist/images/conservation/Board-Room-corner_Panorama1-P_web_xlg.jpg...[32mOK[39m
✔ app/images/conservation/Board-Room-corner_Panorama1-P_web_xlg.jpg (saved 3.29 kB)
Reading app/images/conservation/EAA-rainGauge_web_hd.jpg...[32mOK[39m
[cached] app/images/conservation/EAA-rainGauge_web_hd.jpg ← C:\Users\ToaTeG\AppData\Local\Temp\grunt-contrib-imagemin.cache\1586ec677f8d90208ce1b5d37c30b89fce9ec175
Reading C:\Users\ToaTeG\AppData\Local\Temp\grunt-contrib-imagemin.cache\1586ec677f8d90208ce1b5d37c30b89fce9ec175...[32mOK[39m
Writing dist/images/conservation/EAA-rainGauge_web_hd.jpg...[32mOK[39m
✔ app/images/conservation/EAA-rainGauge_web_hd.jpg (saved 6.96 kB)
Reading app/images/conservation/EAA-rainGauge_web_lg.jpg...[32mOK[39m
[cached] app/images/conservation/EAA-rainGauge_web_lg.jpg ← C:\Users\ToaTeG\AppData\Local\Temp\grunt-contrib-imagemin.cache\55b9ae2f961b3feb7c784f4743295627bdf02c6a
Reading C:\Users\ToaTeG\AppData\Local\Temp\grunt-contrib-imagemin.cache\55b9ae2f961b3feb7c784f4743295627bdf02c6a...[32mOK[39m
Writing dist/images/conservation/EAA-rainGauge_web_lg.jpg...[32mOK[39m
✔ app/images/conservation/EAA-rainGauge_web_lg.jpg (saved 3.51 kB)
Reading app/images/conservation/EAA-rainGauge_web_md.jpg...[32mOK[39m
[cached] app/images/conservation/EAA-rainGauge_web_md.jpg ← C:\Users\ToaTeG\AppData\Local\Temp\grunt-contrib-imagemin.cache\09394253ca60bb0354ed468bc530cceb647778dd
Reading C:\Users\ToaTeG\AppData\Local\Temp\grunt-contrib-imagemin.cache\09394253ca60bb0354ed468bc530cceb647778dd...[32mOK[39m
Writing dist/images/conservation/EAA-rainGauge_web_md.jpg...[32mOK[39m
✔ app/images/conservation/EAA-rainGauge_web_md.jpg (saved 2.77 kB)
Reading app/images/conservation/EAA-rainGauge_web_sm.jpg...[32mOK[39m
[cached] app/images/conservation/EAA-rainGauge_web_sm.jpg ← C:\Users\ToaTeG\AppData\Local\Temp\grunt-contrib-imagemin.cache\f94b5d9bd1fac7733863b1fd33babd487e9ff5d3
Reading C:\Users\ToaTeG\AppData\Local\Temp\grunt-contrib-imagemin.cache\f94b5d9bd1fac7733863b1fd33babd487e9ff5d3...[32mOK[39m
Writing dist/images/conservation/EAA-rainGauge_web_sm.jpg...[32mOK[39m
✔ app/images/conservation/EAA-rainGauge_web_sm.jpg (saved 1.91 kB)
Reading app/images/conservation/EAA-rainGauge_web_xlg.jpg...[32mOK[39m
[cached] app/images/conservation/EAA-rainGauge_web_xlg.jpg ← C:\Users\ToaTeG\AppData\Local\Temp\grunt-contrib-imagemin.cache\ee6cf3e955e737180bde309ce165b69ba9708a26
Reading C:\Users\ToaTeG\AppData\Local\Temp\grunt-contrib-imagemin.cache\ee6cf3e955e737180bde309ce165b69ba9708a26...[32mOK[39m
Writing dist/images/conservation/EAA-rainGauge_web_xlg.jpg...[32mOK[39m
✔ app/images/conservation/EAA-rainGauge_web_xlg.jpg (saved 4.63 kB)
Reading app/images/conservation/EAAgilleland_web_hd.jpg...[32mOK[39m
[cached] app/images/conservation/EAAgilleland_web_hd.jpg ← C:\Users\ToaTeG\AppData\Local\Temp\grunt-contrib-imagemin.cache\b3177f3befb253887fc7de7ccd40fe39b36cdc89
Reading C:\Users\ToaTeG\AppData\Local\Temp\grunt-contrib-imagemin.cache\b3177f3befb253887fc7de7ccd40fe39b36cdc89...[32mOK[39m
Writing dist/images/conservation/EAAgilleland_web_hd.jpg...[32mOK[39m
✔ app/images/conservation/EAAgilleland_web_hd.jpg (saved 6.52 kB)
Reading app/images/conservation/EAAgilleland_web_lg.jpg...[32mOK[39m
[cached] app/images/conservation/EAAgilleland_web_lg.jpg ← C:\Users\ToaTeG\AppData\Local\Temp\grunt-contrib-imagemin.cache\c5f713d3836b46c32953839edb71e248da812ac1
Reading C:\Users\ToaTeG\AppData\Local\Temp\grunt-contrib-imagemin.cache\c5f713d3836b46c32953839edb71e248da812ac1...[32mOK[39m
Writing dist/images/conservation/EAAgilleland_web_lg.jpg...[32mOK[39m
✔ app/images/conservation/EAAgilleland_web_lg.jpg (saved 4.52 kB)
Reading app/images/conservation/EAAgilleland_web_md.jpg...[32mOK[39m
[cached] app/images/conservation/EAAgilleland_web_md.jpg ← C:\Users\ToaTeG\AppData\Local\Temp\grunt-contrib-imagemin.cache\64b17bbccc44a430bcb1d4070a2f4300dc213f5e
Reading C:\Users\ToaTeG\AppData\Local\Temp\grunt-contrib-imagemin.cache\64b17bbccc44a430bcb1d4070a2f4300dc213f5e...[32mOK[39m
Writing dist/images/conservation/EAAgilleland_web_md.jpg...[32mOK[39m
✔ app/images/conservation/EAAgilleland_web_md.jpg (saved 3.89 kB)
Reading app/images/conservation/EAAgilleland_web_sm.jpg...[32mOK[39m
[cached] app/images/conservation/EAAgilleland_web_sm.jpg ← C:\Users\ToaTeG\AppData\Local\Temp\grunt-contrib-imagemin.cache\ab7221c783092524cedeb21646ebb5441b5c8812
Reading C:\Users\ToaTeG\AppData\Local\Temp\grunt-contrib-imagemin.cache\ab7221c783092524cedeb21646ebb5441b5c8812...[32mOK[39m
Writing dist/images/conservation/EAAgilleland_web_sm.jpg...[32mOK[39m
✔ app/images/conservation/EAAgilleland_web_sm.jpg (saved 3.05 kB)
Reading app/images/conservation/EAAgilleland_web_xlg.jpg...[32mOK[39m
[cached] app/images/conservation/EAAgilleland_web_xlg.jpg ← C:\Users\ToaTeG\AppData\Local\Temp\grunt-contrib-imagemin.cache\73e53aaadc75ba2be48c7de6cbda42e2c3757924
Reading C:\Users\ToaTeG\AppData\Local\Temp\grunt-contrib-imagemin.cache\73e53aaadc75ba2be48c7de6cbda42e2c3757924...[32mOK[39m
Writing dist/images/conservation/EAAgilleland_web_xlg.jpg...[32mOK[39m
✔ app/images/conservation/EAAgilleland_web_xlg.jpg (saved 5.54 kB)
Reading app/images/conservation/GBRA_20121017_6763_web_hd.jpg...[32mOK[39m
[cached] app/images/conservation/GBRA_20121017_6763_web_hd.jpg ← C:\Users\ToaTeG\AppData\Local\Temp\grunt-contrib-imagemin.cache\fe9f46c81998b29cecf042db1de8b573b7923895
Reading C:\Users\ToaTeG\AppData\Local\Temp\grunt-contrib-imagemin.cache\fe9f46c81998b29cecf042db1de8b573b7923895...[32mOK[39m
Writing dist/images/conservation/GBRA_20121017_6763_web_hd.jpg...[32mOK[39m
✔ app/images/conservation/GBRA_20121017_6763_web_hd.jpg (saved 6.95 kB)
Reading app/images/conservation/GBRA_20121017_6763_web_lg.jpg...[32mOK[39m
[cached] app/images/conservation/GBRA_20121017_6763_web_lg.jpg ← C:\Users\ToaTeG\AppData\Local\Temp\grunt-contrib-imagemin.cache\28e99e0d7c6b0035f6238fe3fb7ae5e46a9f2219
Reading C:\Users\ToaTeG\AppData\Local\Temp\grunt-contrib-imagemin.cache\28e99e0d7c6b0035f6238fe3fb7ae5e46a9f2219...[32mOK[39m
Writing dist/images/conservation/GBRA_20121017_6763_web_lg.jpg...[32mOK[39m
✔ app/images/conservation/GBRA_20121017_6763_web_lg.jpg (saved 4.42 kB)
Reading app/images/conservation/GBRA_20121017_6763_web_md.jpg...[32mOK[39m
[cached] app/images/conservation/GBRA_20121017_6763_web_md.jpg ← C:\Users\ToaTeG\AppData\Local\Temp\grunt-contrib-imagemin.cache\46c39b76d700b0fc3edb5cf7d72dd1c9f69aaa9d
Reading C:\Users\ToaTeG\AppData\Local\Temp\grunt-contrib-imagemin.cache\46c39b76d700b0fc3edb5cf7d72dd1c9f69aaa9d...[32mOK[39m
Writing dist/images/conservation/GBRA_20121017_6763_web_md.jpg...[32mOK[39m
✔ app/images/conservation/GBRA_20121017_6763_web_md.jpg (saved 3.62 kB)
Reading app/images/conservation/GBRA_20121017_6763_web_sm.jpg...[32mOK[39m
[cached] app/images/conservation/GBRA_20121017_6763_web_sm.jpg ← C:\Users\ToaTeG\AppData\Local\Temp\grunt-contrib-imagemin.cache\fab2423eb54c226b97e7b765cb001677ea54b5d5
Reading C:\Users\ToaTeG\AppData\Local\Temp\grunt-contrib-imagemin.cache\fab2423eb54c226b97e7b765cb001677ea54b5d5...[32mOK[39m
Writing dist/images/conservation/GBRA_20121017_6763_web_sm.jpg...[32mOK[39m
✔ app/images/conservation/GBRA_20121017_6763_web_sm.jpg (saved 2.68 kB)
Reading app/images/conservation/GBRA_20121017_6763_web_xlg.jpg...[32mOK[39m
[cached] app/images/conservation/GBRA_20121017_6763_web_xlg.jpg ← C:\Users\ToaTeG\AppData\Local\Temp\grunt-contrib-imagemin.cache\1bd1d9fb4e231da9fec85d629666c34ea7d20f56
Reading C:\Users\ToaTeG\AppData\Local\Temp\grunt-contrib-imagemin.cache\1bd1d9fb4e231da9fec85d629666c34ea7d20f56...[32mOK[39m
Writing dist/images/conservation/GBRA_20121017_6763_web_xlg.jpg...[32mOK[39m
✔ app/images/conservation/GBRA_20121017_6763_web_xlg.jpg (saved 5.36 kB)
Reading app/images/conservation/SM_salamander_XO5J9266_web_hd.jpg...[32mOK[39m
[cached] app/images/conservation/SM_salamander_XO5J9266_web_hd.jpg ← C:\Users\ToaTeG\AppData\Local\Temp\grunt-contrib-imagemin.cache\7c8a57ee159b5336e0a61cc1589ef21fa9ae8cc3
Reading C:\Users\ToaTeG\AppData\Local\Temp\grunt-contrib-imagemin.cache\7c8a57ee159b5336e0a61cc1589ef21fa9ae8cc3...[32mOK[39m
Writing dist/images/conservation/SM_salamander_XO5J9266_web_hd.jpg...[32mOK[39m
✔ app/images/conservation/SM_salamander_XO5J9266_web_hd.jpg (saved -1.80 kb)
Reading app/images/conservation/SM_salamander_XO5J9266_web_lg.jpg...[32mOK[39m
[cached] app/images/conservation/SM_salamander_XO5J9266_web_lg.jpg ← C:\Users\ToaTeG\AppData\Local\Temp\grunt-contrib-imagemin.cache\93a76b1e5bec449f9099c74a0ec107718e8b1e5f
Reading C:\Users\ToaTeG\AppData\Local\Temp\grunt-contrib-imagemin.cache\93a76b1e5bec449f9099c74a0ec107718e8b1e5f...[32mOK[39m
Writing dist/images/conservation/SM_salamander_XO5J9266_web_lg.jpg...[32mOK[39m
✔ app/images/conservation/SM_salamander_XO5J9266_web_lg.jpg (saved 6.50 kb)
Reading app/images/conservation/SM_salamander_XO5J9266_web_md.jpg...[32mOK[39m
[cached] app/images/conservation/SM_salamander_XO5J9266_web_md.jpg ← C:\Users\ToaTeG\AppData\Local\Temp\grunt-contrib-imagemin.cache\fd1c2e879aaa3e652b1bec88b134d9497adb7fee
Reading C:\Users\ToaTeG\AppData\Local\Temp\grunt-contrib-imagemin.cache\fd1c2e879aaa3e652b1bec88b134d9497adb7fee...[32mOK[39m
Writing dist/images/conservation/SM_salamander_XO5J9266_web_md.jpg...[32mOK[39m
✔ app/images/conservation/SM_salamander_XO5J9266_web_md.jpg (saved 1.26 kB)
Reading app/images/conservation/SM_salamander_XO5J9266_web_sm.jpg...[32mOK[39m
[cached] app/images/conservation/SM_salamander_XO5J9266_web_sm.jpg ← C:\Users\ToaTeG\AppData\Local\Temp\grunt-contrib-imagemin.cache\d916b4a04cc4d03134d84e626a7d5073358b441c
Reading C:\Users\ToaTeG\AppData\Local\Temp\grunt-contrib-imagemin.cache\d916b4a04cc4d03134d84e626a7d5073358b441c...[32mOK[39m
Writing dist/images/conservation/SM_salamander_XO5J9266_web_sm.jpg...[32mOK[39m
✔ app/images/conservation/SM_salamander_XO5J9266_web_sm.jpg (saved 1.24 kB)
Reading app/images/conservation/SM_salamander_XO5J9266_web_xlg.jpg...[32mOK[39m
[cached] app/images/conservation/SM_salamander_XO5J9266_web_xlg.jpg ← C:\Users\ToaTeG\AppData\Local\Temp\grunt-contrib-imagemin.cache\856d2d427a8057192c5f8fe6eeb07615421e5da0
Reading C:\Users\ToaTeG\AppData\Local\Temp\grunt-contrib-imagemin.cache\856d2d427a8057192c5f8fe6eeb07615421e5da0...[32mOK[39m
Writing dist/images/conservation/SM_salamander_XO5J9266_web_xlg.jpg...[32mOK[39m
✔ app/images/conservation/SM_salamander_XO5J9266_web_xlg.jpg (saved 3.40 kb)
Reading app/images/conservation/XO5J7652_web_hd.jpg...[32mOK[39m
[cached] app/images/conservation/XO5J7652_web_hd.jpg ← C:\Users\ToaTeG\AppData\Local\Temp\grunt-contrib-imagemin.cache\e830f2ebf2b335805ccdc5209f0f683df3fa51af
Reading C:\Users\ToaTeG\AppData\Local\Temp\grunt-contrib-imagemin.cache\e830f2ebf2b335805ccdc5209f0f683df3fa51af...[32mOK[39m
Writing dist/images/conservation/XO5J7652_web_hd.jpg...[32mOK[39m
✔ app/images/conservation/XO5J7652_web_hd.jpg (saved 7.18 kB)
Reading app/images/conservation/XO5J7652_web_lg.jpg...[32mOK[39m
[cached] app/images/conservation/XO5J7652_web_lg.jpg ← C:\Users\ToaTeG\AppData\Local\Temp\grunt-contrib-imagemin.cache\9466de02de484c7ad1bf37b22134788b7327679f
Reading C:\Users\ToaTeG\AppData\Local\Temp\grunt-contrib-imagemin.cache\9466de02de484c7ad1bf37b22134788b7327679f...[32mOK[39m
Writing dist/images/conservation/XO5J7652_web_lg.jpg...[32mOK[39m
✔ app/images/conservation/XO5J7652_web_lg.jpg (saved 4.47 kB)
Reading app/images/conservation/XO5J7652_web_md.jpg...[32mOK[39m
[cached] app/images/conservation/XO5J7652_web_md.jpg ← C:\Users\ToaTeG\AppData\Local\Temp\grunt-contrib-imagemin.cache\30f96feed6fffafc6d2563b06f98158a1ab7fa8f
Reading C:\Users\ToaTeG\AppData\Local\Temp\grunt-contrib-imagemin.cache\30f96feed6fffafc6d2563b06f98158a1ab7fa8f...[32mOK[39m
Writing dist/images/conservation/XO5J7652_web_md.jpg...[32mOK[39m
✔ app/images/conservation/XO5J7652_web_md.jpg (saved 3.62 kB)
Reading app/images/conservation/XO5J7652_web_sm.jpg...[32mOK[39m
[cached] app/images/conservation/XO5J7652_web_sm.jpg ← C:\Users\ToaTeG\AppData\Local\Temp\grunt-contrib-imagemin.cache\c3fb4046bebac0250e95c063729f262a792b6d7f
Reading C:\Users\ToaTeG\AppData\Local\Temp\grunt-contrib-imagemin.cache\c3fb4046bebac0250e95c063729f262a792b6d7f...[32mOK[39m
Writing dist/images/conservation/XO5J7652_web_sm.jpg...[32mOK[39m
✔ app/images/conservation/XO5J7652_web_sm.jpg (saved 2.75 kB)
Reading app/images/conservation/XO5J7652_web_xlg.jpg...[32mOK[39m
[cached] app/images/conservation/XO5J7652_web_xlg.jpg ← C:\Users\ToaTeG\AppData\Local\Temp\grunt-contrib-imagemin.cache\196940a50392cb72bc3eec6b6c6b01cd5aed3134
Reading C:\Users\ToaTeG\AppData\Local\Temp\grunt-contrib-imagemin.cache\196940a50392cb72bc3eec6b6c6b01cd5aed3134...[32mOK[39m
Writing dist/images/conservation/XO5J7652_web_xlg.jpg...[32mOK[39m
✔ app/images/conservation/XO5J7652_web_xlg.jpg (saved 5.54 kB)
Reading app/images/eaa_branding/eaa-logo-bw.png...[32mOK[39m
[cached] app/images/eaa_branding/eaa-logo-bw.png ← C:\Users\ToaTeG\AppData\Local\Temp\grunt-contrib-imagemin.cache\67ce48d7fa0d65f25f8a1714fed5136168ac4327
Reading C:\Users\ToaTeG\AppData\Local\Temp\grunt-contrib-imagemin.cache\67ce48d7fa0d65f25f8a1714fed5136168ac4327...[32mOK[39m
Writing dist/images/eaa_branding/eaa-logo-bw.png...[32mOK[39m
✔ app/images/eaa_branding/eaa-logo-bw.png (saved 1.01 kB)
Reading app/images/eaa_branding/eaa-logo-color.png...[32mOK[39m
[cached] app/images/eaa_branding/eaa-logo-color.png ← C:\Users\ToaTeG\AppData\Local\Temp\grunt-contrib-imagemin.cache\d2d31206cb63a59e1ea70eef3633954f94ebbee9
Reading C:\Users\ToaTeG\AppData\Local\Temp\grunt-contrib-imagemin.cache\d2d31206cb63a59e1ea70eef3633954f94ebbee9...[32mOK[39m
Writing dist/images/eaa_branding/eaa-logo-color.png...[32mOK[39m
✔ app/images/eaa_branding/eaa-logo-color.png (saved 6.87 kb)
Reading app/images/eaa_branding/eahcp-logo-color.png...[32mOK[39m
[cached] app/images/eaa_branding/eahcp-logo-color.png ← C:\Users\ToaTeG\AppData\Local\Temp\grunt-contrib-imagemin.cache\d2f04df57c40091eeb8e7edab3ae5d2a88d66f5e
Reading C:\Users\ToaTeG\AppData\Local\Temp\grunt-contrib-imagemin.cache\d2f04df57c40091eeb8e7edab3ae5d2a88d66f5e...[32mOK[39m
Writing dist/images/eaa_branding/eahcp-logo-color.png...[32mOK[39m
✔ app/images/eaa_branding/eahcp-logo-color.png (saved 7.18 kb)
Reading app/images/springs/Boat_0054_web_hd.jpg...[32mOK[39m
[cached] app/images/springs/Boat_0054_web_hd.jpg ← C:\Users\ToaTeG\AppData\Local\Temp\grunt-contrib-imagemin.cache\df98f1194653f600a6bed15ad01d168aca28aae6
Reading C:\Users\ToaTeG\AppData\Local\Temp\grunt-contrib-imagemin.cache\df98f1194653f600a6bed15ad01d168aca28aae6...[32mOK[39m
Writing dist/images/springs/Boat_0054_web_hd.jpg...[32mOK[39m
✔ app/images/springs/Boat_0054_web_hd.jpg (saved 13.29 kB)
Reading app/images/springs/Boat_0054_web_lg.jpg...[32mOK[39m
[cached] app/images/springs/Boat_0054_web_lg.jpg ← C:\Users\ToaTeG\AppData\Local\Temp\grunt-contrib-imagemin.cache\72983d09dbcfdf9140ac5a9eb4f9276ed5847444
Reading C:\Users\ToaTeG\AppData\Local\Temp\grunt-contrib-imagemin.cache\72983d09dbcfdf9140ac5a9eb4f9276ed5847444...[32mOK[39m
Writing dist/images/springs/Boat_0054_web_lg.jpg...[32mOK[39m
✔ app/images/springs/Boat_0054_web_lg.jpg (saved 8.03 kB)
Reading app/images/springs/Boat_0054_web_md.jpg...[32mOK[39m
[cached] app/images/springs/Boat_0054_web_md.jpg ← C:\Users\ToaTeG\AppData\Local\Temp\grunt-contrib-imagemin.cache\756e10b46ae1f63e201a145b823c05f6e459c211
Reading C:\Users\ToaTeG\AppData\Local\Temp\grunt-contrib-imagemin.cache\756e10b46ae1f63e201a145b823c05f6e459c211...[32mOK[39m
Writing dist/images/springs/Boat_0054_web_md.jpg...[32mOK[39m
✔ app/images/springs/Boat_0054_web_md.jpg (saved 6.19 kB)
Reading app/images/springs/Boat_0054_web_sm.jpg...[32mOK[39m
[cached] app/images/springs/Boat_0054_web_sm.jpg ← C:\Users\ToaTeG\AppData\Local\Temp\grunt-contrib-imagemin.cache\f015548ce5210a8037bd1763364ffd8c2d1a25aa
Reading C:\Users\ToaTeG\AppData\Local\Temp\grunt-contrib-imagemin.cache\f015548ce5210a8037bd1763364ffd8c2d1a25aa...[32mOK[39m
Writing dist/images/springs/Boat_0054_web_sm.jpg...[32mOK[39m
✔ app/images/springs/Boat_0054_web_sm.jpg (saved 4.50 kB)
Reading app/images/springs/Boat_0054_web_xlg.jpg...[32mOK[39m
[cached] app/images/springs/Boat_0054_web_xlg.jpg ← C:\Users\ToaTeG\AppData\Local\Temp\grunt-contrib-imagemin.cache\1c40d207193b98f9999b380542540d05f40db07b
Reading C:\Users\ToaTeG\AppData\Local\Temp\grunt-contrib-imagemin.cache\1c40d207193b98f9999b380542540d05f40db07b...[32mOK[39m
Writing dist/images/springs/Boat_0054_web_xlg.jpg...[32mOK[39m
✔ app/images/springs/Boat_0054_web_xlg.jpg (saved 9.72 kB)
Reading app/images/springs/EAAOriparianrandy20120801_0404_web_hd.jpg...[32mOK[39m
[cached] app/images/springs/EAAOriparianrandy20120801_0404_web_hd.jpg ← C:\Users\ToaTeG\AppData\Local\Temp\grunt-contrib-imagemin.cache\ca77fb17114a7d48abda23aa9879e6c75bcc2a64
Reading C:\Users\ToaTeG\AppData\Local\Temp\grunt-contrib-imagemin.cache\ca77fb17114a7d48abda23aa9879e6c75bcc2a64...[32mOK[39m
Writing dist/images/springs/EAAOriparianrandy20120801_0404_web_hd.jpg...[32mOK[39m
✔ app/images/springs/EAAOriparianrandy20120801_0404_web_hd.jpg (saved 7.25 kB)
Reading app/images/springs/EAAOriparianrandy20120801_0404_web_lg.jpg...[32mOK[39m
[cached] app/images/springs/EAAOriparianrandy20120801_0404_web_lg.jpg ← C:\Users\ToaTeG\AppData\Local\Temp\grunt-contrib-imagemin.cache\b98e362dabb164eca6ac39363d476c6ee0579539
Reading C:\Users\ToaTeG\AppData\Local\Temp\grunt-contrib-imagemin.cache\b98e362dabb164eca6ac39363d476c6ee0579539...[32mOK[39m
Writing dist/images/springs/EAAOriparianrandy20120801_0404_web_lg.jpg...[32mOK[39m
✔ app/images/springs/EAAOriparianrandy20120801_0404_web_lg.jpg (saved 4.64 kB)
Reading app/images/springs/EAAOriparianrandy20120801_0404_web_md.jpg...[32mOK[39m
[cached] app/images/springs/EAAOriparianrandy20120801_0404_web_md.jpg ← C:\Users\ToaTeG\AppData\Local\Temp\grunt-contrib-imagemin.cache\b3db0b6ce555b0892c960ed54639392204c182e5
Reading C:\Users\ToaTeG\AppData\Local\Temp\grunt-contrib-imagemin.cache\b3db0b6ce555b0892c960ed54639392204c182e5...[32mOK[39m
Writing dist/images/springs/EAAOriparianrandy20120801_0404_web_md.jpg...[32mOK[39m
✔ app/images/springs/EAAOriparianrandy20120801_0404_web_md.jpg (saved 3.78 kB)
Reading app/images/springs/EAAOriparianrandy20120801_0404_web_sm.jpg...[32mOK[39m
[cached] app/images/springs/EAAOriparianrandy20120801_0404_web_sm.jpg ← C:\Users\ToaTeG\AppData\Local\Temp\grunt-contrib-imagemin.cache\c0db36eb2671e4528ba3b8bf5f4eb12edacf0069
Reading C:\Users\ToaTeG\AppData\Local\Temp\grunt-contrib-imagemin.cache\c0db36eb2671e4528ba3b8bf5f4eb12edacf0069...[32mOK[39m
Writing dist/images/springs/EAAOriparianrandy20120801_0404_web_sm.jpg...[32mOK[39m
✔ app/images/springs/EAAOriparianrandy20120801_0404_web_sm.jpg (saved 2.92 kB)
Reading app/images/springs/EAAOriparianrandy20120801_0404_web_xlg.jpg...[32mOK[39m
[cached] app/images/springs/EAAOriparianrandy20120801_0404_web_xlg.jpg ← C:\Users\ToaTeG\AppData\Local\Temp\grunt-contrib-imagemin.cache\3fba5c1f3c7b854cbb5e99c1e17ae587aec2b935
Reading C:\Users\ToaTeG\AppData\Local\Temp\grunt-contrib-imagemin.cache\3fba5c1f3c7b854cbb5e99c1e17ae587aec2b935...[32mOK[39m
Writing dist/images/springs/EAAOriparianrandy20120801_0404_web_xlg.jpg...[32mOK[39m
✔ app/images/springs/EAAOriparianrandy20120801_0404_web_xlg.jpg (saved 5.62 kB)
Reading app/images/springs/EAAaquarena20120702_8316_web_hd.jpg...[32mOK[39m
[cached] app/images/springs/EAAaquarena20120702_8316_web_hd.jpg ← C:\Users\ToaTeG\AppData\Local\Temp\grunt-contrib-imagemin.cache\9fa36aaf8b3aac9df2334d5794272a0ba8470a20
Reading C:\Users\ToaTeG\AppData\Local\Temp\grunt-contrib-imagemin.cache\9fa36aaf8b3aac9df2334d5794272a0ba8470a20...[32mOK[39m
Writing dist/images/springs/EAAaquarena20120702_8316_web_hd.jpg...[32mOK[39m
✔ app/images/springs/EAAaquarena20120702_8316_web_hd.jpg (saved 4.25 kB)
Reading app/images/springs/EAAaquarena20120702_8316_web_lg.jpg...[32mOK[39m
[cached] app/images/springs/EAAaquarena20120702_8316_web_lg.jpg ← C:\Users\ToaTeG\AppData\Local\Temp\grunt-contrib-imagemin.cache\ad56d5ed57c27e744e818d89d3abe1bdc8fa921a
Reading C:\Users\ToaTeG\AppData\Local\Temp\grunt-contrib-imagemin.cache\ad56d5ed57c27e744e818d89d3abe1bdc8fa921a...[32mOK[39m
Writing dist/images/springs/EAAaquarena20120702_8316_web_lg.jpg...[32mOK[39m
✔ app/images/springs/EAAaquarena20120702_8316_web_lg.jpg (saved 2.88 kB)
Reading app/images/springs/EAAaquarena20120702_8316_web_md.jpg...[32mOK[39m
[cached] app/images/springs/EAAaquarena20120702_8316_web_md.jpg ← C:\Users\ToaTeG\AppData\Local\Temp\grunt-contrib-imagemin.cache\50099bf3f0243f66a553f7eb9903b93234a2d1a7
Reading C:\Users\ToaTeG\AppData\Local\Temp\grunt-contrib-imagemin.cache\50099bf3f0243f66a553f7eb9903b93234a2d1a7...[32mOK[39m
Writing dist/images/springs/EAAaquarena20120702_8316_web_md.jpg...[32mOK[39m
✔ app/images/springs/EAAaquarena20120702_8316_web_md.jpg (saved 2.30 kB)
Reading app/images/springs/EAAaquarena20120702_8316_web_sm.jpg...[32mOK[39m
[cached] app/images/springs/EAAaquarena20120702_8316_web_sm.jpg ← C:\Users\ToaTeG\AppData\Local\Temp\grunt-contrib-imagemin.cache\f92d88c1211110cdbc70fe51b0f650a60857ad68
Reading C:\Users\ToaTeG\AppData\Local\Temp\grunt-contrib-imagemin.cache\f92d88c1211110cdbc70fe51b0f650a60857ad68...[32mOK[39m
Writing dist/images/springs/EAAaquarena20120702_8316_web_sm.jpg...[32mOK[39m
✔ app/images/springs/EAAaquarena20120702_8316_web_sm.jpg (saved 1.72 kB)
Reading app/images/springs/EAAaquarena20120702_8316_web_xlg.jpg...[32mOK[39m
[cached] app/images/springs/EAAaquarena20120702_8316_web_xlg.jpg ← C:\Users\ToaTeG\AppData\Local\Temp\grunt-contrib-imagemin.cache\adb1060a25bc6f065e0db75a151a7eeb2dd7d717
Reading C:\Users\ToaTeG\AppData\Local\Temp\grunt-contrib-imagemin.cache\adb1060a25bc6f065e0db75a151a7eeb2dd7d717...[32mOK[39m
Writing dist/images/springs/EAAaquarena20120702_8316_web_xlg.jpg...[32mOK[39m
✔ app/images/springs/EAAaquarena20120702_8316_web_xlg.jpg (saved 3.41 kB)
Reading app/images/springs/EAArice20120503_3620_web_hd.jpg...[32mOK[39m
[cached] app/images/springs/EAArice20120503_3620_web_hd.jpg ← C:\Users\ToaTeG\AppData\Local\Temp\grunt-contrib-imagemin.cache\2d741888fd1b70f55d04e15bc15fb28a5c5c6913
Reading C:\Users\ToaTeG\AppData\Local\Temp\grunt-contrib-imagemin.cache\2d741888fd1b70f55d04e15bc15fb28a5c5c6913...[32mOK[39m
Writing dist/images/springs/EAArice20120503_3620_web_hd.jpg...[32mOK[39m
✔ app/images/springs/EAArice20120503_3620_web_hd.jpg (saved 10.29 kB)
Reading app/images/springs/EAArice20120503_3620_web_lg.jpg...[32mOK[39m
[cached] app/images/springs/EAArice20120503_3620_web_lg.jpg ← C:\Users\ToaTeG\AppData\Local\Temp\grunt-contrib-imagemin.cache\b84c55faa49b20f770065fe287b21c2300032bc3
Reading C:\Users\ToaTeG\AppData\Local\Temp\grunt-contrib-imagemin.cache\b84c55faa49b20f770065fe287b21c2300032bc3...[32mOK[39m
Writing dist/images/springs/EAArice20120503_3620_web_lg.jpg...[32mOK[39m
✔ app/images/springs/EAArice20120503_3620_web_lg.jpg (saved 6.11 kB)
Reading app/images/springs/EAArice20120503_3620_web_md.jpg...[32mOK[39m
[cached] app/images/springs/EAArice20120503_3620_web_md.jpg ← C:\Users\ToaTeG\AppData\Local\Temp\grunt-contrib-imagemin.cache\6475c2f47b6b36bf59a6e61c96615d19f642d0e2
Reading C:\Users\ToaTeG\AppData\Local\Temp\grunt-contrib-imagemin.cache\6475c2f47b6b36bf59a6e61c96615d19f642d0e2...[32mOK[39m
Writing dist/images/springs/EAArice20120503_3620_web_md.jpg...[32mOK[39m
✔ app/images/springs/EAArice20120503_3620_web_md.jpg (saved 4.75 kB)
Reading app/images/springs/EAArice20120503_3620_web_sm.jpg...[32mOK[39m
[cached] app/images/springs/EAArice20120503_3620_web_sm.jpg ← C:\Users\ToaTeG\AppData\Local\Temp\grunt-contrib-imagemin.cache\248cac20531d53e9fe5d128d7bcc4b946c067dea
Reading C:\Users\ToaTeG\AppData\Local\Temp\grunt-contrib-imagemin.cache\248cac20531d53e9fe5d128d7bcc4b946c067dea...[32mOK[39m
Writing dist/images/springs/EAArice20120503_3620_web_sm.jpg...[32mOK[39m
✔ app/images/springs/EAArice20120503_3620_web_sm.jpg (saved 3.39 kB)
Reading app/images/springs/EAArice20120503_3620_web_xlg.jpg...[32mOK[39m
[cached] app/images/springs/EAArice20120503_3620_web_xlg.jpg ← C:\Users\ToaTeG\AppData\Local\Temp\grunt-contrib-imagemin.cache\1e570468b6eba1186c362e0dc7d75b71c94d40db
Reading C:\Users\ToaTeG\AppData\Local\Temp\grunt-contrib-imagemin.cache\1e570468b6eba1186c362e0dc7d75b71c94d40db...[32mOK[39m
Writing dist/images/springs/EAArice20120503_3620_web_xlg.jpg...[32mOK[39m
✔ app/images/springs/EAArice20120503_3620_web_xlg.jpg (saved 7.60 kB)
Reading app/images/springs/Looking-Underwater_0017_web_hd.jpg...[32mOK[39m
[cached] app/images/springs/Looking-Underwater_0017_web_hd.jpg ← C:\Users\ToaTeG\AppData\Local\Temp\grunt-contrib-imagemin.cache\b70b10f945b08f8a52766681cd450780ef641671
Reading C:\Users\ToaTeG\AppData\Local\Temp\grunt-contrib-imagemin.cache\b70b10f945b08f8a52766681cd450780ef641671...[32mOK[39m
Writing dist/images/springs/Looking-Underwater_0017_web_hd.jpg...[32mOK[39m
✔ app/images/springs/Looking-Underwater_0017_web_hd.jpg (saved 9.79 kB)
Reading app/images/springs/Looking-Underwater_0017_web_lg.jpg...[32mOK[39m
[cached] app/images/springs/Looking-Underwater_0017_web_lg.jpg ← C:\Users\ToaTeG\AppData\Local\Temp\grunt-contrib-imagemin.cache\2c29e6559f42d10fb2b62df49a6d533f2b0e99ee
Reading C:\Users\ToaTeG\AppData\Local\Temp\grunt-contrib-imagemin.cache\2c29e6559f42d10fb2b62df49a6d533f2b0e99ee...[32mOK[39m
Writing dist/images/springs/Looking-Underwater_0017_web_lg.jpg...[32mOK[39m
✔ app/images/springs/Looking-Underwater_0017_web_lg.jpg (saved 6.28 kB)
Reading app/images/springs/Looking-Underwater_0017_web_md.jpg...[32mOK[39m
[cached] app/images/springs/Looking-Underwater_0017_web_md.jpg ← C:\Users\ToaTeG\AppData\Local\Temp\grunt-contrib-imagemin.cache\29a04a62f547181b9c6848c1aee5c2b30f6c09a2
Reading C:\Users\ToaTeG\AppData\Local\Temp\grunt-contrib-imagemin.cache\29a04a62f547181b9c6848c1aee5c2b30f6c09a2...[32mOK[39m
Writing dist/images/springs/Looking-Underwater_0017_web_md.jpg...[32mOK[39m
✔ app/images/springs/Looking-Underwater_0017_web_md.jpg (saved 4.96 kB)
Reading app/images/springs/Looking-Underwater_0017_web_sm.jpg...[32mOK[39m
[cached] app/images/springs/Looking-Underwater_0017_web_sm.jpg ← C:\Users\ToaTeG\AppData\Local\Temp\grunt-contrib-imagemin.cache\70697104a01f7539f3028c3cb2e002f37113bcc1
Reading C:\Users\ToaTeG\AppData\Local\Temp\grunt-contrib-imagemin.cache\70697104a01f7539f3028c3cb2e002f37113bcc1...[32mOK[39m
Writing dist/images/springs/Looking-Underwater_0017_web_sm.jpg...[32mOK[39m
✔ app/images/springs/Looking-Underwater_0017_web_sm.jpg (saved 3.72 kB)
Reading app/images/springs/Looking-Underwater_0017_web_xlg.jpg...[32mOK[39m
[cached] app/images/springs/Looking-Underwater_0017_web_xlg.jpg ← C:\Users\ToaTeG\AppData\Local\Temp\grunt-contrib-imagemin.cache\8ef077094fe974b866b58986949d525182e529a2
Reading C:\Users\ToaTeG\AppData\Local\Temp\grunt-contrib-imagemin.cache\8ef077094fe974b866b58986949d525182e529a2...[32mOK[39m
Writing dist/images/springs/Looking-Underwater_0017_web_xlg.jpg...[32mOK[39m
✔ app/images/springs/Looking-Underwater_0017_web_xlg.jpg (saved 7.63 kB)
Reading app/images/springs/Looking-Underwater_0020_web_hd.jpg...[32mOK[39m
[cached] app/images/springs/Looking-Underwater_0020_web_hd.jpg ← C:\Users\ToaTeG\AppData\Local\Temp\grunt-contrib-imagemin.cache\5702647024db14f65f5a429811e73fd52db15469
Reading C:\Users\ToaTeG\AppData\Local\Temp\grunt-contrib-imagemin.cache\5702647024db14f65f5a429811e73fd52db15469...[32mOK[39m
Writing dist/images/springs/Looking-Underwater_0020_web_hd.jpg...[32mOK[39m
✔ app/images/springs/Looking-Underwater_0020_web_hd.jpg (saved 7.66 kB)
Reading app/images/springs/Looking-Underwater_0020_web_lg.jpg...[32mOK[39m
[cached] app/images/springs/Looking-Underwater_0020_web_lg.jpg ← C:\Users\ToaTeG\AppData\Local\Temp\grunt-contrib-imagemin.cache\76f6cfafefe659913b7526b41bfb26fa774cd0aa
Reading C:\Users\ToaTeG\AppData\Local\Temp\grunt-contrib-imagemin.cache\76f6cfafefe659913b7526b41bfb26fa774cd0aa...[32mOK[39m
Writing dist/images/springs/Looking-Underwater_0020_web_lg.jpg...[32mOK[39m
✔ app/images/springs/Looking-Underwater_0020_web_lg.jpg (saved 4.81 kB)
Reading app/images/springs/Looking-Underwater_0020_web_md.jpg...[32mOK[39m
[cached] app/images/springs/Looking-Underwater_0020_web_md.jpg ← C:\Users\ToaTeG\AppData\Local\Temp\grunt-contrib-imagemin.cache\94f194a6bfe7a8121e688ab71a6154b8e8c5d2a6
Reading C:\Users\ToaTeG\AppData\Local\Temp\grunt-contrib-imagemin.cache\94f194a6bfe7a8121e688ab71a6154b8e8c5d2a6...[32mOK[39m
Writing dist/images/springs/Looking-Underwater_0020_web_md.jpg...[32mOK[39m
✔ app/images/springs/Looking-Underwater_0020_web_md.jpg (saved 3.68 kB)
Reading app/images/springs/Looking-Underwater_0020_web_sm.jpg...[32mOK[39m
[cached] app/images/springs/Looking-Underwater_0020_web_sm.jpg ← C:\Users\ToaTeG\AppData\Local\Temp\grunt-contrib-imagemin.cache\f7a12b7e10756fd9153c12cc177b1ec200603c75
Reading C:\Users\ToaTeG\AppData\Local\Temp\grunt-contrib-imagemin.cache\f7a12b7e10756fd9153c12cc177b1ec200603c75...[32mOK[39m
Writing dist/images/springs/Looking-Underwater_0020_web_sm.jpg...[32mOK[39m
✔ app/images/springs/Looking-Underwater_0020_web_sm.jpg (saved 2.72 kB)
Reading app/images/springs/Looking-Underwater_0020_web_xlg.jpg...[32mOK[39m
[cached] app/images/springs/Looking-Underwater_0020_web_xlg.jpg ← C:\Users\ToaTeG\AppData\Local\Temp\grunt-contrib-imagemin.cache\d39d2f40c988a50421ec37ad25bed57f55c2112d
Reading C:\Users\ToaTeG\AppData\Local\Temp\grunt-contrib-imagemin.cache\d39d2f40c988a50421ec37ad25bed57f55c2112d...[32mOK[39m
Writing dist/images/springs/Looking-Underwater_0020_web_xlg.jpg...[32mOK[39m
✔ app/images/springs/Looking-Underwater_0020_web_xlg.jpg (saved 6.02 kB)
Reading app/images/springs/aerial_view_web_hd.jpg...[32mOK[39m
[cached] app/images/springs/aerial_view_web_hd.jpg ← C:\Users\ToaTeG\AppData\Local\Temp\grunt-contrib-imagemin.cache\fde0ea1933be257201414785fdd3e6c6d44f7a4b
Reading C:\Users\ToaTeG\AppData\Local\Temp\grunt-contrib-imagemin.cache\fde0ea1933be257201414785fdd3e6c6d44f7a4b...[32mOK[39m
Writing dist/images/springs/aerial_view_web_hd.jpg...[32mOK[39m
✔ app/images/springs/aerial_view_web_hd.jpg (saved 5.35 kB)
Reading app/images/springs/aerial_view_web_lg.jpg...[32mOK[39m
[cached] app/images/springs/aerial_view_web_lg.jpg ← C:\Users\ToaTeG\AppData\Local\Temp\grunt-contrib-imagemin.cache\0c4957e986faeb81a0c3e398b63ca8affde510b0
Reading C:\Users\ToaTeG\AppData\Local\Temp\grunt-contrib-imagemin.cache\0c4957e986faeb81a0c3e398b63ca8affde510b0...[32mOK[39m
Writing dist/images/springs/aerial_view_web_lg.jpg...[32mOK[39m
✔ app/images/springs/aerial_view_web_lg.jpg (saved 5.35 kB)
Reading app/images/springs/aerial_view_web_md.jpg...[32mOK[39m
[cached] app/images/springs/aerial_view_web_md.jpg ← C:\Users\ToaTeG\AppData\Local\Temp\grunt-contrib-imagemin.cache\f231f896c602b810064e2edda8f7fbeb8405559b
Reading C:\Users\ToaTeG\AppData\Local\Temp\grunt-contrib-imagemin.cache\f231f896c602b810064e2edda8f7fbeb8405559b...[32mOK[39m
Writing dist/images/springs/aerial_view_web_md.jpg...[32mOK[39m
✔ app/images/springs/aerial_view_web_md.jpg (saved 4.72 kB)
Reading app/images/springs/aerial_view_web_sm.jpg...[32mOK[39m
[cached] app/images/springs/aerial_view_web_sm.jpg ← C:\Users\ToaTeG\AppData\Local\Temp\grunt-contrib-imagemin.cache\ee0b5c6abee92b5a4361de062957ea11b020c63b
Reading C:\Users\ToaTeG\AppData\Local\Temp\grunt-contrib-imagemin.cache\ee0b5c6abee92b5a4361de062957ea11b020c63b...[32mOK[39m
Writing dist/images/springs/aerial_view_web_sm.jpg...[32mOK[39m
✔ app/images/springs/aerial_view_web_sm.jpg (saved 3.74 kB)
Reading app/images/springs/aerial_view_web_xlg.jpg...[32mOK[39m
[cached] app/images/springs/aerial_view_web_xlg.jpg ← C:\Users\ToaTeG\AppData\Local\Temp\grunt-contrib-imagemin.cache\3ba1fb90ee6d692876efa4ab478c8653f830f458
Reading C:\Users\ToaTeG\AppData\Local\Temp\grunt-contrib-imagemin.cache\3ba1fb90ee6d692876efa4ab478c8653f830f458...[32mOK[39m
Writing dist/images/springs/aerial_view_web_xlg.jpg...[32mOK[39m
✔ app/images/springs/aerial_view_web_xlg.jpg (saved 5.35 kB)
Reading app/images/springs/com-springs2_web_hd.jpg...[32mOK[39m
[cached] app/images/springs/com-springs2_web_hd.jpg ← C:\Users\ToaTeG\AppData\Local\Temp\grunt-contrib-imagemin.cache\955cf940345e08dc2c47a7c7ef4fe3b466bb08d4
Reading C:\Users\ToaTeG\AppData\Local\Temp\grunt-contrib-imagemin.cache\955cf940345e08dc2c47a7c7ef4fe3b466bb08d4...[32mOK[39m
Writing dist/images/springs/com-springs2_web_hd.jpg...[32mOK[39m
✔ app/images/springs/com-springs2_web_hd.jpg (saved 10.12 kB)
Reading app/images/springs/com-springs2_web_lg.jpg...[32mOK[39m
[cached] app/images/springs/com-springs2_web_lg.jpg ← C:\Users\ToaTeG\AppData\Local\Temp\grunt-contrib-imagemin.cache\2eb8163a92764b9f0370cec10f19b1242bdc4386
Reading C:\Users\ToaTeG\AppData\Local\Temp\grunt-contrib-imagemin.cache\2eb8163a92764b9f0370cec10f19b1242bdc4386...[32mOK[39m
Writing dist/images/springs/com-springs2_web_lg.jpg...[32mOK[39m
✔ app/images/springs/com-springs2_web_lg.jpg (saved 6.26 kB)
Reading app/images/springs/com-springs2_web_md.jpg...[32mOK[39m
[cached] app/images/springs/com-springs2_web_md.jpg ← C:\Users\ToaTeG\AppData\Local\Temp\grunt-contrib-imagemin.cache\deb148cec8446dc31c000795f7882b692f5cc836
Reading C:\Users\ToaTeG\AppData\Local\Temp\grunt-contrib-imagemin.cache\deb148cec8446dc31c000795f7882b692f5cc836...[32mOK[39m
Writing dist/images/springs/com-springs2_web_md.jpg...[32mOK[39m
✔ app/images/springs/com-springs2_web_md.jpg (saved 4.98 kB)
Reading app/images/springs/com-springs2_web_sm.jpg...[32mOK[39m
[cached] app/images/springs/com-springs2_web_sm.jpg ← C:\Users\ToaTeG\AppData\Local\Temp\grunt-contrib-imagemin.cache\9e0ad03384936472493c89ad6642873c64799568
Reading C:\Users\ToaTeG\AppData\Local\Temp\grunt-contrib-imagemin.cache\9e0ad03384936472493c89ad6642873c64799568...[32mOK[39m
Writing dist/images/springs/com-springs2_web_sm.jpg...[32mOK[39m
✔ app/images/springs/com-springs2_web_sm.jpg (saved 3.62 kB)
Reading app/images/springs/com-springs2_web_xlg.jpg...[32mOK[39m
[cached] app/images/springs/com-springs2_web_xlg.jpg ← C:\Users\ToaTeG\AppData\Local\Temp\grunt-contrib-imagemin.cache\0c0e4b19775da4d0d05a77abeae39e3e83668245
Reading C:\Users\ToaTeG\AppData\Local\Temp\grunt-contrib-imagemin.cache\0c0e4b19775da4d0d05a77abeae39e3e83668245...[32mOK[39m
Writing dist/images/springs/com-springs2_web_xlg.jpg...[32mOK[39m
✔ app/images/springs/com-springs2_web_xlg.jpg (saved 7.34 kB)
Reading app/images/springs/waterfall_web_hd.jpg...[32mOK[39m
[cached] app/images/springs/waterfall_web_hd.jpg ← C:\Users\ToaTeG\AppData\Local\Temp\grunt-contrib-imagemin.cache\fe01ba3300df3246b977a9238eaebf7daec1b4b9
Reading C:\Users\ToaTeG\AppData\Local\Temp\grunt-contrib-imagemin.cache\fe01ba3300df3246b977a9238eaebf7daec1b4b9...[32mOK[39m
Writing dist/images/springs/waterfall_web_hd.jpg...[32mOK[39m
✔ app/images/springs/waterfall_web_hd.jpg (saved 6.27 kB)
Reading app/images/springs/waterfall_web_lg.jpg...[32mOK[39m
[cached] app/images/springs/waterfall_web_lg.jpg ← C:\Users\ToaTeG\AppData\Local\Temp\grunt-contrib-imagemin.cache\62260504c504bf6a718948b9a380beeb66dcfd77
Reading C:\Users\ToaTeG\AppData\Local\Temp\grunt-contrib-imagemin.cache\62260504c504bf6a718948b9a380beeb66dcfd77...[32mOK[39m
Writing dist/images/springs/waterfall_web_lg.jpg...[32mOK[39m
✔ app/images/springs/waterfall_web_lg.jpg (saved 4.00 kB)
Reading app/images/springs/waterfall_web_md.jpg...[32mOK[39m
[cached] app/images/springs/waterfall_web_md.jpg ← C:\Users\ToaTeG\AppData\Local\Temp\grunt-contrib-imagemin.cache\3b2ac8ad49f13b87899b54b1d50996e3331cde97
Reading C:\Users\ToaTeG\AppData\Local\Temp\grunt-contrib-imagemin.cache\3b2ac8ad49f13b87899b54b1d50996e3331cde97...[32mOK[39m
Writing dist/images/springs/waterfall_web_md.jpg...[32mOK[39m
✔ app/images/springs/waterfall_web_md.jpg (saved 3.50 kB)
Reading app/images/springs/waterfall_web_sm.jpg...[32mOK[39m
[cached] app/images/springs/waterfall_web_sm.jpg ← C:\Users\ToaTeG\AppData\Local\Temp\grunt-contrib-imagemin.cache\7c5d83fd060deaa34c77bafa2f12872d860e7332
Reading C:\Users\ToaTeG\AppData\Local\Temp\grunt-contrib-imagemin.cache\7c5d83fd060deaa34c77bafa2f12872d860e7332...[32mOK[39m
Writing dist/images/springs/waterfall_web_sm.jpg...[32mOK[39m
✔ app/images/springs/waterfall_web_sm.jpg (saved 2.72 kB)
Reading app/images/springs/waterfall_web_xlg.jpg...[32mOK[39m
[cached] app/images/springs/waterfall_web_xlg.jpg ← C:\Users\ToaTeG\AppData\Local\Temp\grunt-contrib-imagemin.cache\056b1eda981918162efb5ac82081f634efad72b1
Reading C:\Users\ToaTeG\AppData\Local\Temp\grunt-contrib-imagemin.cache\056b1eda981918162efb5ac82081f634efad72b1...[32mOK[39m
Writing dist/images/springs/waterfall_web_xlg.jpg...[32mOK[39m
✔ app/images/springs/waterfall_web_xlg.jpg (saved 4.85 kB)
Minified 120 images (saved 4.05 Mb)

[32mDone, without errors.[39m
    
[4mInitializing[24m
Command-line options: [36m--verbose[39m

Reading "Gruntfile.js" Gruntfile...[32mOK[39m

[1mRegistering Gruntfile tasks.[22m

[1mRegistering "grunt-autoprefixer" local Npm module tasks.[22m
Reading C:\repos\encompass\encompass-aquiferium\node_modules\grunt-autoprefixer\package.json...[32mOK[39m
Parsing C:\repos\encompass\encompass-aquiferium\node_modules\grunt-autoprefixer\package.json...[32mOK[39m
Loading "autoprefixer.js" tasks...[32mOK[39m
+ [36mautoprefixer[39m

[1mRegistering "grunt-bower-install" local Npm module tasks.[22m
Reading C:\repos\encompass\encompass-aquiferium\node_modules\grunt-bower-install\package.json...[32mOK[39m
Parsing C:\repos\encompass\encompass-aquiferium\node_modules\grunt-bower-install\package.json...[32mOK[39m
Loading "bower-install.js" tasks...[32mOK[39m
+ [36mbowerInstall[39m

[1mRegistering "grunt-concurrent" local Npm module tasks.[22m
Reading C:\repos\encompass\encompass-aquiferium\node_modules\grunt-concurrent\package.json...[32mOK[39m
Parsing C:\repos\encompass\encompass-aquiferium\node_modules\grunt-concurrent\package.json...[32mOK[39m
Loading "concurrent.js" tasks...[32mOK[39m
+ [36mconcurrent[39m

[1mRegistering "grunt-contrib-clean" local Npm module tasks.[22m
Reading C:\repos\encompass\encompass-aquiferium\node_modules\grunt-contrib-clean\package.json...[32mOK[39m
Parsing C:\repos\encompass\encompass-aquiferium\node_modules\grunt-contrib-clean\package.json...[32mOK[39m
Loading "clean.js" tasks...[32mOK[39m
+ [36mclean[39m

[1mRegistering "grunt-contrib-compass" local Npm module tasks.[22m
Reading C:\repos\encompass\encompass-aquiferium\node_modules\grunt-contrib-compass\package.json...[32mOK[39m
Parsing C:\repos\encompass\encompass-aquiferium\node_modules\grunt-contrib-compass\package.json...[32mOK[39m
Loading "compass.js" tasks...[32mOK[39m
+ [36mcompass[39m

[1mRegistering "grunt-contrib-concat" local Npm module tasks.[22m
Reading C:\repos\encompass\encompass-aquiferium\node_modules\grunt-contrib-concat\package.json...[32mOK[39m
Parsing C:\repos\encompass\encompass-aquiferium\node_modules\grunt-contrib-concat\package.json...[32mOK[39m
Loading "concat.js" tasks...[32mOK[39m
+ [36mconcat[39m

[1mRegistering "grunt-contrib-connect" local Npm module tasks.[22m
Reading C:\repos\encompass\encompass-aquiferium\node_modules\grunt-contrib-connect\package.json...[32mOK[39m
Parsing C:\repos\encompass\encompass-aquiferium\node_modules\grunt-contrib-connect\package.json...[32mOK[39m
Loading "connect.js" tasks...[32mOK[39m
+ [36mconnect[39m

[1mRegistering "grunt-contrib-copy" local Npm module tasks.[22m
Reading C:\repos\encompass\encompass-aquiferium\node_modules\grunt-contrib-copy\package.json...[32mOK[39m
Parsing C:\repos\encompass\encompass-aquiferium\node_modules\grunt-contrib-copy\package.json...[32mOK[39m
Loading "copy.js" tasks...[32mOK[39m
+ [36mcopy[39m

[1mRegistering "grunt-contrib-cssmin" local Npm module tasks.[22m
Reading C:\repos\encompass\encompass-aquiferium\node_modules\grunt-contrib-cssmin\package.json...[32mOK[39m
Parsing C:\repos\encompass\encompass-aquiferium\node_modules\grunt-contrib-cssmin\package.json...[32mOK[39m
Loading "cssmin.js" tasks...[32mOK[39m
+ [36mcssmin[39m

[1mRegistering "grunt-contrib-htmlmin" local Npm module tasks.[22m
Reading C:\repos\encompass\encompass-aquiferium\node_modules\grunt-contrib-htmlmin\package.json...[32mOK[39m
Parsing C:\repos\encompass\encompass-aquiferium\node_modules\grunt-contrib-htmlmin\package.json...[32mOK[39m
Loading "htmlmin.js" tasks...[32mOK[39m
+ [36mhtmlmin[39m

[1mRegistering "grunt-contrib-imagemin" local Npm module tasks.[22m
Reading C:\repos\encompass\encompass-aquiferium\node_modules\grunt-contrib-imagemin\package.json...[32mOK[39m
Parsing C:\repos\encompass\encompass-aquiferium\node_modules\grunt-contrib-imagemin\package.json...[32mOK[39m
Loading "imagemin.js" tasks...[32mOK[39m
+ [36mimagemin[39m

[1mRegistering "grunt-contrib-jshint" local Npm module tasks.[22m
Reading C:\repos\encompass\encompass-aquiferium\node_modules\grunt-contrib-jshint\package.json...[32mOK[39m
Parsing C:\repos\encompass\encompass-aquiferium\node_modules\grunt-contrib-jshint\package.json...[32mOK[39m
Loading "jshint.js" tasks...[32mOK[39m
+ [36mjshint[39m

[1mRegistering "grunt-contrib-uglify" local Npm module tasks.[22m
Reading C:\repos\encompass\encompass-aquiferium\node_modules\grunt-contrib-uglify\package.json...[32mOK[39m
Parsing C:\repos\encompass\encompass-aquiferium\node_modules\grunt-contrib-uglify\package.json...[32mOK[39m
Loading "uglify.js" tasks...[32mOK[39m
+ [36muglify[39m

[1mRegistering "grunt-contrib-watch" local Npm module tasks.[22m
Reading C:\repos\encompass\encompass-aquiferium\node_modules\grunt-contrib-watch\package.json...[32mOK[39m
Parsing C:\repos\encompass\encompass-aquiferium\node_modules\grunt-contrib-watch\package.json...[32mOK[39m
Loading "watch.js" tasks...[32mOK[39m
+ [36mwatch[39m

[1mRegistering "grunt-google-cdn" local Npm module tasks.[22m
Reading C:\repos\encompass\encompass-aquiferium\node_modules\grunt-google-cdn\package.json...[32mOK[39m
Parsing C:\repos\encompass\encompass-aquiferium\node_modules\grunt-google-cdn\package.json...[32mOK[39m
Loading "cdnify.js" tasks...[32mOK[39m
+ [36mcdnify[39m

[1mRegistering "grunt-newer" local Npm module tasks.[22m
Reading C:\repos\encompass\encompass-aquiferium\node_modules\grunt-newer\package.json...[32mOK[39m
Parsing C:\repos\encompass\encompass-aquiferium\node_modules\grunt-newer\package.json...[32mOK[39m
Loading "newer.js" tasks...[32mOK[39m
+ [36many-newer[39m, [36mnewer[39m, [36mnewer-clean[39m, [36mnewer-postrun[39m

[1mRegistering "grunt-ngmin" local Npm module tasks.[22m
Reading C:\repos\encompass\encompass-aquiferium\node_modules\grunt-ngmin\package.json...[32mOK[39m
Parsing C:\repos\encompass\encompass-aquiferium\node_modules\grunt-ngmin\package.json...[32mOK[39m
Loading "ngmin.js" tasks...[32mOK[39m
+ [36mngmin[39m

[1mRegistering "grunt-rev" local Npm module tasks.[22m
Reading C:\repos\encompass\encompass-aquiferium\node_modules\grunt-rev\package.json...[32mOK[39m
Parsing C:\repos\encompass\encompass-aquiferium\node_modules\grunt-rev\package.json...[32mOK[39m
Loading "rev.js" tasks...[32mOK[39m
+ [36mrev[39m

[1mRegistering "grunt-svgmin" local Npm module tasks.[22m
Reading C:\repos\encompass\encompass-aquiferium\node_modules\grunt-svgmin\package.json...[32mOK[39m
Parsing C:\repos\encompass\encompass-aquiferium\node_modules\grunt-svgmin\package.json...[32mOK[39m
Loading "svgmin.js" tasks...[32mOK[39m
+ [36msvgmin[39m

[1mRegistering "grunt-usemin" local Npm module tasks.[22m
Reading C:\repos\encompass\encompass-aquiferium\node_modules\grunt-usemin\package.json...[32mOK[39m
Parsing C:\repos\encompass\encompass-aquiferium\node_modules\grunt-usemin\package.json...[32mOK[39m
Loading "usemin.js" tasks...[32mOK[39m
+ [36musemin[39m, [36museminPrepare[39m

[1mRegistering "grunt-karma" local Npm module tasks.[22m
Reading C:\repos\encompass\encompass-aquiferium\node_modules\grunt-karma\package.json...[32mOK[39m
Parsing C:\repos\encompass\encompass-aquiferium\node_modules\grunt-karma\package.json...[32mOK[39m
Loading "grunt-karma.js" tasks...[32mOK[39m
+ [36mkarma[39m
Initializing config...[32mOK[39m
Loading "Gruntfile.js" tasks...[32mOK[39m
+ [36mbuild[39m, [36mdefault[39m, [36mserve[39m, [36mserver[39m, [36mtest:e2e[39m, [36mtest:unit[39m

Running tasks: [36mcompass:dist[39m

[4mRunning "compass:dist" (compass) task[24m
Verifying property [36mcompass.dist[39m exists in config...[32mOK[39m
File: [33m[no files][39m
Options: [36msassDir="app/styles"[39m, [36mcssDir=".tmp/styles"[39m, [36mgeneratedImagesDir="dist/images/generated"[39m, [36mimagesDir="app/images"[39m, [36mjavascriptsDir="app/scripts"[39m, [36mfontsDir="app/styles/fonts"[39m, [36mimportPath="app/bower_components"[39m, [36mhttpImagesPath="/images"[39m, [36mhttpGeneratedImagesPath="/images/generated"[39m, [36mhttpFontsPath="/styles/fonts"[39m, [36mrelativeAssets[39m, [36massetCacheBuster=false[39m, [36mraw="Sass::Script::Number.precision = 10\r\n"[39m, [36mgeneratedImagesPath="dist/images/"[39m
directory .tmp/styles/ 
       create .tmp/styles/main.css (2.282s)
    Compilation took 2.288s
    
[32mDone, without errors.[39m

[4mRunning "autoprefixer" task[24m

[4mRunning "autoprefixer:dist" (autoprefixer) task[24m
Verifying property [36mautoprefixer.dist[39m exists in config...[32mOK[39m
Files: [36m.tmp/styles/main.css[39m -> [36m.tmp/styles/main.css[39m
Options: [36mbrowsers=["last 1 version"][39m
Reading .tmp/styles/main.css...[32mOK[39m
Writing .tmp/styles/main.css...[32mOK[39m
Prefixed file ".tmp/styles/main.css" created.

[4mRunning "concat" task[24m

[4mRunning "concat:generated" (concat) task[24m
Verifying property [36mconcat.generated[39m exists in config...[32mOK[39m
Files: [36mapp/bower_components/modernizr/modernizr.js[39m, [36mapp/bower_components/jquery/dist/jquery.js[39m, [36mapp/bower_components/d3/d3.js[39m, [36mapp/bower_components/gsap/src/uncompressed/TweenMax.js[39m, [36mapp/bower_components/angular/angular.js[39m, [36mapp/bower_components/angular-animate/angular-animate.js[39m, [36mapp/bower_components/bootstrap-sass-official/vendor/assets/javascripts/bootstrap/affix.js[39m, [36mapp/bower_components/bootstrap-sass-official/vendor/assets/javascripts/bootstrap/alert.js[39m, [36mapp/bower_components/bootstrap-sass-official/vendor/assets/javascripts/bootstrap/button.js[39m, [36mapp/bower_components/bootstrap-sass-official/vendor/assets/javascripts/bootstrap/carousel.js[39m, [36mapp/bower_components/bootstrap-sass-official/vendor/assets/javascripts/bootstrap/collapse.js[39m, [36mapp/bower_components/bootstrap-sass-official/vendor/assets/javascripts/bootstrap/dropdown.js[39m, [36mapp/bower_components/bootstrap-sass-official/vendor/assets/javascripts/bootstrap/tab.js[39m, [36mapp/bower_components/bootstrap-sass-official/vendor/assets/javascripts/bootstrap/transition.js[39m, [36mapp/bower_components/bootstrap-sass-official/vendor/assets/javascripts/bootstrap/scrollspy.js[39m, [36mapp/bower_components/bootstrap-sass-official/vendor/assets/javascripts/bootstrap/modal.js[39m, [36mapp/bower_components/bootstrap-sass-official/vendor/assets/javascripts/bootstrap/tooltip.js[39m, [36mapp/bower_components/bootstrap-sass-official/vendor/assets/javascripts/bootstrap/popover.js[39m, [36mapp/bower_components/angular-resource/angular-resource.js[39m, [36mapp/bower_components/angular-cookies/angular-cookies.js[39m, [36mapp/bower_components/angular-sanitize/angular-sanitize.js[39m, [36mapp/bower_components/angular-route/angular-route.js[39m, [36mapp/bower_components/angular-mocks/angular-mocks.js[39m, [36mapp/bower_components/angular-scenario/angular-scenario.js[39m, [36mapp/bower_components/jquery.easing/js/jquery.easing.min.js[39m, [36mapp/bower_components/jquery-waypoints/waypoints.js[39m, [36mapp/bower_components/angular-touch/angular-touch.js[39m, [36mapp/bower_components/angular-carousel/dist/angular-carousel.js[39m, [36mapp/bower_components/angular-parallax/scripts/angular-parallax.js[39m, [36mapp/bower_components/ng-videosharing-embed/build/ng-videosharing-embed.min.js[39m -> [36m.tmp\concat\scripts\vendor.js[39m
Files: [36mapp/scripts/app.js[39m, [36mapp/scripts/controllers/navigation-controller.js[39m, [36mapp/scripts/controllers/explore-controller.js[39m, [36mapp/scripts/controllers/caves-karsts-controller.js[39m, [36mapp/scripts/controllers/conservation-controller.js[39m, [36mapp/scripts/controllers/springs-controller.js[39m, [36mapp/scripts/controllers/about-controller.js[39m, [36mapp/scripts/controllers/contact-controller.js[39m, [36mapp/scripts/directives/eaa-aquifers-map-directive.js[39m, [36mapp/scripts/directives/eaa-gauge-data-interactive-springs-directive.js[39m -> [36m.tmp\concat\scripts\scripts.js[39m
Options: [36mseparator="\r\n"[39m, [36mbanner=""[39m, [36mfooter=""[39m, [36mstripBanners=false[39m, [36mprocess=false[39m
Reading app/bower_components/modernizr/modernizr.js...[32mOK[39m
Reading app/bower_components/jquery/dist/jquery.js...[32mOK[39m
Reading app/bower_components/d3/d3.js...[32mOK[39m
Reading app/bower_components/gsap/src/uncompressed/TweenMax.js...[32mOK[39m
Reading app/bower_components/angular/angular.js...[32mOK[39m
Reading app/bower_components/angular-animate/angular-animate.js...[32mOK[39m
Reading app/bower_components/bootstrap-sass-official/vendor/assets/javascripts/bootstrap/affix.js...[32mOK[39m
Reading app/bower_components/bootstrap-sass-official/vendor/assets/javascripts/bootstrap/alert.js...[32mOK[39m
Reading app/bower_components/bootstrap-sass-official/vendor/assets/javascripts/bootstrap/button.js...[32mOK[39m
Reading app/bower_components/bootstrap-sass-official/vendor/assets/javascripts/bootstrap/carousel.js...[32mOK[39m
Reading app/bower_components/bootstrap-sass-official/vendor/assets/javascripts/bootstrap/collapse.js...[32mOK[39m
Reading app/bower_components/bootstrap-sass-official/vendor/assets/javascripts/bootstrap/dropdown.js...[32mOK[39m
Reading app/bower_components/bootstrap-sass-official/vendor/assets/javascripts/bootstrap/tab.js...[32mOK[39m
Reading app/bower_components/bootstrap-sass-official/vendor/assets/javascripts/bootstrap/transition.js...[32mOK[39m
Reading app/bower_components/bootstrap-sass-official/vendor/assets/javascripts/bootstrap/scrollspy.js...[32mOK[39m
Reading app/bower_components/bootstrap-sass-official/vendor/assets/javascripts/bootstrap/modal.js...[32mOK[39m
Reading app/bower_components/bootstrap-sass-official/vendor/assets/javascripts/bootstrap/tooltip.js...[32mOK[39m
Reading app/bower_components/bootstrap-sass-official/vendor/assets/javascripts/bootstrap/popover.js...[32mOK[39m
Reading app/bower_components/angular-resource/angular-resource.js...[32mOK[39m
Reading app/bower_components/angular-cookies/angular-cookies.js...[32mOK[39m
Reading app/bower_components/angular-sanitize/angular-sanitize.js...[32mOK[39m
Reading app/bower_components/angular-route/angular-route.js...[32mOK[39m
Reading app/bower_components/angular-mocks/angular-mocks.js...[32mOK[39m
Reading app/bower_components/angular-scenario/angular-scenario.js...[32mOK[39m
Reading app/bower_components/jquery.easing/js/jquery.easing.min.js...[32mOK[39m
Reading app/bower_components/jquery-waypoints/waypoints.js...[32mOK[39m
Reading app/bower_components/angular-touch/angular-touch.js...[32mOK[39m
Reading app/bower_components/angular-carousel/dist/angular-carousel.js...[32mOK[39m
Reading app/bower_components/angular-parallax/scripts/angular-parallax.js...[32mOK[39m
Reading app/bower_components/ng-videosharing-embed/build/ng-videosharing-embed.min.js...[32mOK[39m
Writing .tmp\concat\scripts\vendor.js...[32mOK[39m
File ".tmp\concat\scripts\vendor.js" created.
Reading app/scripts/app.js...[32mOK[39m
Reading app/scripts/controllers/navigation-controller.js...[32mOK[39m
Reading app/scripts/controllers/explore-controller.js...[32mOK[39m
Reading app/scripts/controllers/caves-karsts-controller.js...[32mOK[39m
Reading app/scripts/controllers/conservation-controller.js...[32mOK[39m
Reading app/scripts/controllers/springs-controller.js...[32mOK[39m
Reading app/scripts/controllers/about-controller.js...[32mOK[39m
Reading app/scripts/controllers/contact-controller.js...[32mOK[39m
Reading app/scripts/directives/eaa-aquifers-map-directive.js...[32mOK[39m
Reading app/scripts/directives/eaa-gauge-data-interactive-springs-directive.js...[32mOK[39m
Writing .tmp\concat\scripts\scripts.js...[32mOK[39m
File ".tmp\concat\scripts\scripts.js" created.

[4mRunning "ngmin" task[24m

[4mRunning "ngmin:dist" (ngmin) task[24m
Verifying property [36mngmin.dist[39m exists in config...[32mOK[39m
Files: [36m.tmp/concat/scripts/scripts.js[39m -> [36m.tmp/concat/scripts/scripts.js[39m
Files: [36m.tmp/concat/scripts/vendor.js[39m -> [36m.tmp/concat/scripts/vendor.js[39m
ngminifying [36m.tmp/concat/scripts/scripts.js[39m, [36m.tmp/concat/scripts/vendor.js[39m
Reading .tmp/concat/scripts/scripts.js...[32mOK[39m
Writing .tmp/concat/scripts/scripts.js...[32mOK[39m
Reading .tmp/concat/scripts/vendor.js...[32mOK[39m
Writing .tmp/concat/scripts/vendor.js...[32mOK[39m

[4mRunning "copy:dist" (copy) task[24m
Verifying property [36mcopy.dist[39m exists in config...[32mOK[39m
Files: [36mapp/favicon.ico[39m -> [36mdist/favicon.ico[39m
Files: [36mapp/robots.txt[39m -> [36mdist/robots.txt[39m
Files: [36mapp/.htaccess[39m -> [36mdist/.htaccess[39m
Files: [36mapp/404.html[39m -> [36mdist/404.html[39m
Files: [36mapp/index.html[39m -> [36mdist/index.html[39m
Files: [36mapp/views/about.html[39m -> [36mdist/views/about.html[39m
Files: [36mapp/views/caves-karsts.html[39m -> [36mdist/views/caves-karsts.html[39m
Files: [36mapp/views/conservation.html[39m -> [36mdist/views/conservation.html[39m
Files: [36mapp/views/contact.html[39m -> [36mdist/views/contact.html[39m
Files: [36mapp/views/explore.html[39m -> [36mdist/views/explore.html[39m
Files: [36mapp/views/springs.html[39m -> [36mdist/views/springs.html[39m
Files: [36mapp/images/about/concept-01-opt.jpg[39m -> [36mdist/images/about/concept-01-opt.jpg[39m
Files: [36mapp/images/about/concept-02-opt.jpg[39m -> [36mdist/images/about/concept-02-opt.jpg[39m
Files: [36mapp/images/caves_karsts/DSC_0318_web_hd.jpg[39m -> [36mdist/images/caves_karsts/DSC_0318_web_hd.jpg[39m
Files: [36mapp/images/caves_karsts/DSC_0318_web_lg.jpg[39m -> [36mdist/images/caves_karsts/DSC_0318_web_lg.jpg[39m
Files: [36mapp/images/caves_karsts/DSC_0318_web_md.jpg[39m -> [36mdist/images/caves_karsts/DSC_0318_web_md.jpg[39m
Files: [36mapp/images/caves_karsts/DSC_0318_web_sm.jpg[39m -> [36mdist/images/caves_karsts/DSC_0318_web_sm.jpg[39m
Files: [36mapp/images/caves_karsts/DSC_0318_web_xlg.jpg[39m -> [36mdist/images/caves_karsts/DSC_0318_web_xlg.jpg[39m
Files: [36mapp/images/caves_karsts/For-Doty1_1280x979_web_hd.jpg[39m -> [36mdist/images/caves_karsts/For-Doty1_1280x979_web_hd.jpg[39m
Files: [36mapp/images/caves_karsts/For-Doty1_1280x979_web_lg.jpg[39m -> [36mdist/images/caves_karsts/For-Doty1_1280x979_web_lg.jpg[39m
Files: [36mapp/images/caves_karsts/For-Doty1_1280x979_web_md.jpg[39m -> [36mdist/images/caves_karsts/For-Doty1_1280x979_web_md.jpg[39m
Files: [36mapp/images/caves_karsts/For-Doty1_1280x979_web_sm.jpg[39m -> [36mdist/images/caves_karsts/For-Doty1_1280x979_web_sm.jpg[39m
Files: [36mapp/images/caves_karsts/For-Doty1_1280x979_web_xlg.jpg[39m -> [36mdist/images/caves_karsts/For-Doty1_1280x979_web_xlg.jpg[39m
Files: [36mapp/images/caves_karsts/Valdina_Farms_Cave_IMG0017_web_hd.jpg[39m -> [36mdist/images/caves_karsts/Valdina_Farms_Cave_IMG0017_web_hd.jpg[39m
Files: [36mapp/images/caves_karsts/Valdina_Farms_Cave_IMG0017_web_lg.jpg[39m -> [36mdist/images/caves_karsts/Valdina_Farms_Cave_IMG0017_web_lg.jpg[39m
Files: [36mapp/images/caves_karsts/Valdina_Farms_Cave_IMG0017_web_md.jpg[39m -> [36mdist/images/caves_karsts/Valdina_Farms_Cave_IMG0017_web_md.jpg[39m
Files: [36mapp/images/caves_karsts/Valdina_Farms_Cave_IMG0017_web_sm.jpg[39m -> [36mdist/images/caves_karsts/Valdina_Farms_Cave_IMG0017_web_sm.jpg[39m
Files: [36mapp/images/caves_karsts/Valdina_Farms_Cave_IMG0017_web_xlg.jpg[39m -> [36mdist/images/caves_karsts/Valdina_Farms_Cave_IMG0017_web_xlg.jpg[39m
Files: [36mapp/images/caves_karsts/edwards-limestone_web_hd.jpg[39m -> [36mdist/images/caves_karsts/edwards-limestone_web_hd.jpg[39m
Files: [36mapp/images/caves_karsts/edwards-limestone_web_lg.jpg[39m -> [36mdist/images/caves_karsts/edwards-limestone_web_lg.jpg[39m
Files: [36mapp/images/caves_karsts/edwards-limestone_web_md.jpg[39m -> [36mdist/images/caves_karsts/edwards-limestone_web_md.jpg[39m
Files: [36mapp/images/caves_karsts/edwards-limestone_web_sm.jpg[39m -> [36mdist/images/caves_karsts/edwards-limestone_web_sm.jpg[39m
Files: [36mapp/images/caves_karsts/edwards-limestone_web_xlg.jpg[39m -> [36mdist/images/caves_karsts/edwards-limestone_web_xlg.jpg[39m
Files: [36mapp/images/caves_karsts/valdina_8r_web_hd.jpg[39m -> [36mdist/images/caves_karsts/valdina_8r_web_hd.jpg[39m
Files: [36mapp/images/caves_karsts/valdina_8r_web_lg.jpg[39m -> [36mdist/images/caves_karsts/valdina_8r_web_lg.jpg[39m
Files: [36mapp/images/caves_karsts/valdina_8r_web_md.jpg[39m -> [36mdist/images/caves_karsts/valdina_8r_web_md.jpg[39m
Files: [36mapp/images/caves_karsts/valdina_8r_web_sm.jpg[39m -> [36mdist/images/caves_karsts/valdina_8r_web_sm.jpg[39m
Files: [36mapp/images/caves_karsts/valdina_8r_web_xlg.jpg[39m -> [36mdist/images/caves_karsts/valdina_8r_web_xlg.jpg[39m
Files: [36mapp/images/conservation/05May_MartinMarietta_CMYK_web_hd.jpg[39m -> [36mdist/images/conservation/05May_MartinMarietta_CMYK_web_hd.jpg[39m
Files: [36mapp/images/conservation/05May_MartinMarietta_CMYK_web_lg.jpg[39m -> [36mdist/images/conservation/05May_MartinMarietta_CMYK_web_lg.jpg[39m
Files: [36mapp/images/conservation/05May_MartinMarietta_CMYK_web_md.jpg[39m -> [36mdist/images/conservation/05May_MartinMarietta_CMYK_web_md.jpg[39m
Files: [36mapp/images/conservation/05May_MartinMarietta_CMYK_web_sm.jpg[39m -> [36mdist/images/conservation/05May_MartinMarietta_CMYK_web_sm.jpg[39m
Files: [36mapp/images/conservation/05May_MartinMarietta_CMYK_web_xlg.jpg[39m -> [36mdist/images/conservation/05May_MartinMarietta_CMYK_web_xlg.jpg[39m
Files: [36mapp/images/conservation/07Jul_PumpStation_CMYK_web_hd.jpg[39m -> [36mdist/images/conservation/07Jul_PumpStation_CMYK_web_hd.jpg[39m
Files: [36mapp/images/conservation/07Jul_PumpStation_CMYK_web_lg.jpg[39m -> [36mdist/images/conservation/07Jul_PumpStation_CMYK_web_lg.jpg[39m
Files: [36mapp/images/conservation/07Jul_PumpStation_CMYK_web_md.jpg[39m -> [36mdist/images/conservation/07Jul_PumpStation_CMYK_web_md.jpg[39m
Files: [36mapp/images/conservation/07Jul_PumpStation_CMYK_web_sm.jpg[39m -> [36mdist/images/conservation/07Jul_PumpStation_CMYK_web_sm.jpg[39m
Files: [36mapp/images/conservation/07Jul_PumpStation_CMYK_web_xlg.jpg[39m -> [36mdist/images/conservation/07Jul_PumpStation_CMYK_web_xlg.jpg[39m
Files: [36mapp/images/conservation/08Aug_Landa_CMYK_web_hd.jpg[39m -> [36mdist/images/conservation/08Aug_Landa_CMYK_web_hd.jpg[39m
Files: [36mapp/images/conservation/08Aug_Landa_CMYK_web_lg.jpg[39m -> [36mdist/images/conservation/08Aug_Landa_CMYK_web_lg.jpg[39m
Files: [36mapp/images/conservation/08Aug_Landa_CMYK_web_md.jpg[39m -> [36mdist/images/conservation/08Aug_Landa_CMYK_web_md.jpg[39m
Files: [36mapp/images/conservation/08Aug_Landa_CMYK_web_sm.jpg[39m -> [36mdist/images/conservation/08Aug_Landa_CMYK_web_sm.jpg[39m
Files: [36mapp/images/conservation/08Aug_Landa_CMYK_web_xlg.jpg[39m -> [36mdist/images/conservation/08Aug_Landa_CMYK_web_xlg.jpg[39m
Files: [36mapp/images/conservation/Board-Room-corner_Panorama1-P_web_hd.jpg[39m -> [36mdist/images/conservation/Board-Room-corner_Panorama1-P_web_hd.jpg[39m
Files: [36mapp/images/conservation/Board-Room-corner_Panorama1-P_web_lg.jpg[39m -> [36mdist/images/conservation/Board-Room-corner_Panorama1-P_web_lg.jpg[39m
Files: [36mapp/images/conservation/Board-Room-corner_Panorama1-P_web_md.jpg[39m -> [36mdist/images/conservation/Board-Room-corner_Panorama1-P_web_md.jpg[39m
Files: [36mapp/images/conservation/Board-Room-corner_Panorama1-P_web_sm.jpg[39m -> [36mdist/images/conservation/Board-Room-corner_Panorama1-P_web_sm.jpg[39m
Files: [36mapp/images/conservation/Board-Room-corner_Panorama1-P_web_xlg.jpg[39m -> [36mdist/images/conservation/Board-Room-corner_Panorama1-P_web_xlg.jpg[39m
Files: [36mapp/images/conservation/EAA-rainGauge_web_hd.jpg[39m -> [36mdist/images/conservation/EAA-rainGauge_web_hd.jpg[39m
Files: [36mapp/images/conservation/EAA-rainGauge_web_lg.jpg[39m -> [36mdist/images/conservation/EAA-rainGauge_web_lg.jpg[39m
Files: [36mapp/images/conservation/EAA-rainGauge_web_md.jpg[39m -> [36mdist/images/conservation/EAA-rainGauge_web_md.jpg[39m
Files: [36mapp/images/conservation/EAA-rainGauge_web_sm.jpg[39m -> [36mdist/images/conservation/EAA-rainGauge_web_sm.jpg[39m
Files: [36mapp/images/conservation/EAA-rainGauge_web_xlg.jpg[39m -> [36mdist/images/conservation/EAA-rainGauge_web_xlg.jpg[39m
Files: [36mapp/images/conservation/EAAgilleland_web_hd.jpg[39m -> [36mdist/images/conservation/EAAgilleland_web_hd.jpg[39m
Files: [36mapp/images/conservation/EAAgilleland_web_lg.jpg[39m -> [36mdist/images/conservation/EAAgilleland_web_lg.jpg[39m
Files: [36mapp/images/conservation/EAAgilleland_web_md.jpg[39m -> [36mdist/images/conservation/EAAgilleland_web_md.jpg[39m
Files: [36mapp/images/conservation/EAAgilleland_web_sm.jpg[39m -> [36mdist/images/conservation/EAAgilleland_web_sm.jpg[39m
Files: [36mapp/images/conservation/EAAgilleland_web_xlg.jpg[39m -> [36mdist/images/conservation/EAAgilleland_web_xlg.jpg[39m
Files: [36mapp/images/conservation/GBRA_20121017_6763_web_hd.jpg[39m -> [36mdist/images/conservation/GBRA_20121017_6763_web_hd.jpg[39m
Files: [36mapp/images/conservation/GBRA_20121017_6763_web_lg.jpg[39m -> [36mdist/images/conservation/GBRA_20121017_6763_web_lg.jpg[39m
Files: [36mapp/images/conservation/GBRA_20121017_6763_web_md.jpg[39m -> [36mdist/images/conservation/GBRA_20121017_6763_web_md.jpg[39m
Files: [36mapp/images/conservation/GBRA_20121017_6763_web_sm.jpg[39m -> [36mdist/images/conservation/GBRA_20121017_6763_web_sm.jpg[39m
Files: [36mapp/images/conservation/GBRA_20121017_6763_web_xlg.jpg[39m -> [36mdist/images/conservation/GBRA_20121017_6763_web_xlg.jpg[39m
Files: [36mapp/images/conservation/SM_salamander_XO5J9266_web_hd.jpg[39m -> [36mdist/images/conservation/SM_salamander_XO5J9266_web_hd.jpg[39m
Files: [36mapp/images/conservation/SM_salamander_XO5J9266_web_lg.jpg[39m -> [36mdist/images/conservation/SM_salamander_XO5J9266_web_lg.jpg[39m
Files: [36mapp/images/conservation/SM_salamander_XO5J9266_web_md.jpg[39m -> [36mdist/images/conservation/SM_salamander_XO5J9266_web_md.jpg[39m
Files: [36mapp/images/conservation/SM_salamander_XO5J9266_web_sm.jpg[39m -> [36mdist/images/conservation/SM_salamander_XO5J9266_web_sm.jpg[39m
Files: [36mapp/images/conservation/SM_salamander_XO5J9266_web_xlg.jpg[39m -> [36mdist/images/conservation/SM_salamander_XO5J9266_web_xlg.jpg[39m
Files: [36mapp/images/conservation/XO5J7652_web_hd.jpg[39m -> [36mdist/images/conservation/XO5J7652_web_hd.jpg[39m
Files: [36mapp/images/conservation/XO5J7652_web_lg.jpg[39m -> [36mdist/images/conservation/XO5J7652_web_lg.jpg[39m
Files: [36mapp/images/conservation/XO5J7652_web_md.jpg[39m -> [36mdist/images/conservation/XO5J7652_web_md.jpg[39m
Files: [36mapp/images/conservation/XO5J7652_web_sm.jpg[39m -> [36mdist/images/conservation/XO5J7652_web_sm.jpg[39m
Files: [36mapp/images/conservation/XO5J7652_web_xlg.jpg[39m -> [36mdist/images/conservation/XO5J7652_web_xlg.jpg[39m
Files: [36mapp/images/eaa_branding/eaa-logo-bw.png[39m -> [36mdist/images/eaa_branding/eaa-logo-bw.png[39m
Files: [36mapp/images/eaa_branding/eaa-logo-color.png[39m -> [36mdist/images/eaa_branding/eaa-logo-color.png[39m
Files: [36mapp/images/eaa_branding/eahcp-logo-color.png[39m -> [36mdist/images/eaa_branding/eahcp-logo-color.png[39m
Files: [36mapp/images/springs/Boat_0054_web_hd.jpg[39m -> [36mdist/images/springs/Boat_0054_web_hd.jpg[39m
Files: [36mapp/images/springs/Boat_0054_web_lg.jpg[39m -> [36mdist/images/springs/Boat_0054_web_lg.jpg[39m
Files: [36mapp/images/springs/Boat_0054_web_md.jpg[39m -> [36mdist/images/springs/Boat_0054_web_md.jpg[39m
Files: [36mapp/images/springs/Boat_0054_web_sm.jpg[39m -> [36mdist/images/springs/Boat_0054_web_sm.jpg[39m
Files: [36mapp/images/springs/Boat_0054_web_xlg.jpg[39m -> [36mdist/images/springs/Boat_0054_web_xlg.jpg[39m
Files: [36mapp/images/springs/EAAOriparianrandy20120801_0404_web_hd.jpg[39m -> [36mdist/images/springs/EAAOriparianrandy20120801_0404_web_hd.jpg[39m
Files: [36mapp/images/springs/EAAOriparianrandy20120801_0404_web_lg.jpg[39m -> [36mdist/images/springs/EAAOriparianrandy20120801_0404_web_lg.jpg[39m
Files: [36mapp/images/springs/EAAOriparianrandy20120801_0404_web_md.jpg[39m -> [36mdist/images/springs/EAAOriparianrandy20120801_0404_web_md.jpg[39m
Files: [36mapp/images/springs/EAAOriparianrandy20120801_0404_web_sm.jpg[39m -> [36mdist/images/springs/EAAOriparianrandy20120801_0404_web_sm.jpg[39m
Files: [36mapp/images/springs/EAAOriparianrandy20120801_0404_web_xlg.jpg[39m -> [36mdist/images/springs/EAAOriparianrandy20120801_0404_web_xlg.jpg[39m
Files: [36mapp/images/springs/EAAaquarena20120702_8316_web_hd.jpg[39m -> [36mdist/images/springs/EAAaquarena20120702_8316_web_hd.jpg[39m
Files: [36mapp/images/springs/EAAaquarena20120702_8316_web_lg.jpg[39m -> [36mdist/images/springs/EAAaquarena20120702_8316_web_lg.jpg[39m
Files: [36mapp/images/springs/EAAaquarena20120702_8316_web_md.jpg[39m -> [36mdist/images/springs/EAAaquarena20120702_8316_web_md.jpg[39m
Files: [36mapp/images/springs/EAAaquarena20120702_8316_web_sm.jpg[39m -> [36mdist/images/springs/EAAaquarena20120702_8316_web_sm.jpg[39m
Files: [36mapp/images/springs/EAAaquarena20120702_8316_web_xlg.jpg[39m -> [36mdist/images/springs/EAAaquarena20120702_8316_web_xlg.jpg[39m
Files: [36mapp/images/springs/EAArice20120503_3620_web_hd.jpg[39m -> [36mdist/images/springs/EAArice20120503_3620_web_hd.jpg[39m
Files: [36mapp/images/springs/EAArice20120503_3620_web_lg.jpg[39m -> [36mdist/images/springs/EAArice20120503_3620_web_lg.jpg[39m
Files: [36mapp/images/springs/EAArice20120503_3620_web_md.jpg[39m -> [36mdist/images/springs/EAArice20120503_3620_web_md.jpg[39m
Files: [36mapp/images/springs/EAArice20120503_3620_web_sm.jpg[39m -> [36mdist/images/springs/EAArice20120503_3620_web_sm.jpg[39m
Files: [36mapp/images/springs/EAArice20120503_3620_web_xlg.jpg[39m -> [36mdist/images/springs/EAArice20120503_3620_web_xlg.jpg[39m
Files: [36mapp/images/springs/Looking-Underwater_0017_web_hd.jpg[39m -> [36mdist/images/springs/Looking-Underwater_0017_web_hd.jpg[39m
Files: [36mapp/images/springs/Looking-Underwater_0017_web_lg.jpg[39m -> [36mdist/images/springs/Looking-Underwater_0017_web_lg.jpg[39m
Files: [36mapp/images/springs/Looking-Underwater_0017_web_md.jpg[39m -> [36mdist/images/springs/Looking-Underwater_0017_web_md.jpg[39m
Files: [36mapp/images/springs/Looking-Underwater_0017_web_sm.jpg[39m -> [36mdist/images/springs/Looking-Underwater_0017_web_sm.jpg[39m
Files: [36mapp/images/springs/Looking-Underwater_0017_web_xlg.jpg[39m -> [36mdist/images/springs/Looking-Underwater_0017_web_xlg.jpg[39m
Files: [36mapp/images/springs/Looking-Underwater_0020_web_hd.jpg[39m -> [36mdist/images/springs/Looking-Underwater_0020_web_hd.jpg[39m
Files: [36mapp/images/springs/Looking-Underwater_0020_web_lg.jpg[39m -> [36mdist/images/springs/Looking-Underwater_0020_web_lg.jpg[39m
Files: [36mapp/images/springs/Looking-Underwater_0020_web_md.jpg[39m -> [36mdist/images/springs/Looking-Underwater_0020_web_md.jpg[39m
Files: [36mapp/images/springs/Looking-Underwater_0020_web_sm.jpg[39m -> [36mdist/images/springs/Looking-Underwater_0020_web_sm.jpg[39m
Files: [36mapp/images/springs/Looking-Underwater_0020_web_xlg.jpg[39m -> [36mdist/images/springs/Looking-Underwater_0020_web_xlg.jpg[39m
Files: [36mapp/images/springs/aerial_view_web_hd.jpg[39m -> [36mdist/images/springs/aerial_view_web_hd.jpg[39m
Files: [36mapp/images/springs/aerial_view_web_lg.jpg[39m -> [36mdist/images/springs/aerial_view_web_lg.jpg[39m
Files: [36mapp/images/springs/aerial_view_web_md.jpg[39m -> [36mdist/images/springs/aerial_view_web_md.jpg[39m
Files: [36mapp/images/springs/aerial_view_web_sm.jpg[39m -> [36mdist/images/springs/aerial_view_web_sm.jpg[39m
Files: [36mapp/images/springs/aerial_view_web_xlg.jpg[39m -> [36mdist/images/springs/aerial_view_web_xlg.jpg[39m
Files: [36mapp/images/springs/com-springs2_web_hd.jpg[39m -> [36mdist/images/springs/com-springs2_web_hd.jpg[39m
Files: [36mapp/images/springs/com-springs2_web_lg.jpg[39m -> [36mdist/images/springs/com-springs2_web_lg.jpg[39m
Files: [36mapp/images/springs/com-springs2_web_md.jpg[39m -> [36mdist/images/springs/com-springs2_web_md.jpg[39m
Files: [36mapp/images/springs/com-springs2_web_sm.jpg[39m -> [36mdist/images/springs/com-springs2_web_sm.jpg[39m
Files: [36mapp/images/springs/com-springs2_web_xlg.jpg[39m -> [36mdist/images/springs/com-springs2_web_xlg.jpg[39m
Files: [36mapp/images/springs/waterfall_web_hd.jpg[39m -> [36mdist/images/springs/waterfall_web_hd.jpg[39m
Files: [36mapp/images/springs/waterfall_web_lg.jpg[39m -> [36mdist/images/springs/waterfall_web_lg.jpg[39m
Files: [36mapp/images/springs/waterfall_web_md.jpg[39m -> [36mdist/images/springs/waterfall_web_md.jpg[39m
Files: [36mapp/images/springs/waterfall_web_sm.jpg[39m -> [36mdist/images/springs/waterfall_web_sm.jpg[39m
Files: [36mapp/images/springs/waterfall_web_xlg.jpg[39m -> [36mdist/images/springs/waterfall_web_xlg.jpg[39m
Files: [36mapp/videos/San Marcos Springs_2.mp4[39m -> [36mdist/videos/San Marcos Springs_2.mp4[39m
Files: [36mapp/scripts/app.js[39m -> [36mdist/scripts/app.js[39m
Files: [36mapp/scripts/controllers/about-controller.js[39m -> [36mdist/scripts/controllers/about-controller.js[39m
Files: [36mapp/scripts/controllers/caves-karsts-controller.js[39m -> [36mdist/scripts/controllers/caves-karsts-controller.js[39m
Files: [36mapp/scripts/controllers/conservation-controller.js[39m -> [36mdist/scripts/controllers/conservation-controller.js[39m
Files: [36mapp/scripts/controllers/contact-controller.js[39m -> [36mdist/scripts/controllers/contact-controller.js[39m
Files: [36mapp/scripts/controllers/explore-controller.js[39m -> [36mdist/scripts/controllers/explore-controller.js[39m
Files: [36mapp/scripts/controllers/navigation-controller.js[39m -> [36mdist/scripts/controllers/navigation-controller.js[39m
Files: [36mapp/scripts/controllers/springs-controller.js[39m -> [36mdist/scripts/controllers/springs-controller.js[39m
Files: [36mapp/scripts/directives/eaa-aquifers-boundary-map-directive.js[39m -> [36mdist/scripts/directives/eaa-aquifers-boundary-map-directive.js[39m
Files: [36mapp/scripts/directives/eaa-aquifers-map-directive.js[39m -> [36mdist/scripts/directives/eaa-aquifers-map-directive.js[39m
Files: [36mapp/scripts/directives/eaa-gauge-data-chart-directive.js[39m -> [36mdist/scripts/directives/eaa-gauge-data-chart-directive.js[39m
Files: [36mapp/scripts/directives/eaa-gauge-data-interactive-directive.js[39m -> [36mdist/scripts/directives/eaa-gauge-data-interactive-directive.js[39m
Files: [36mapp/scripts/directives/eaa-gauge-data-interactive-springs-directive.js[39m -> [36mdist/scripts/directives/eaa-gauge-data-interactive-springs-directive.js[39m
Files: [36mapp/data/eaaAquiferium-allSprings-markerData.csv[39m -> [36mdist/data/eaaAquiferium-allSprings-markerData.csv[39m
Files: [36mapp/data/eaaAquiferium-allSpringsData-annualAvg-byDate.csv[39m -> [36mdist/data/eaaAquiferium-allSpringsData-annualAvg-byDate.csv[39m
Files: [36mapp/data/eaaAquiferium-allSpringsData-annualAvg.csv[39m -> [36mdist/data/eaaAquiferium-allSpringsData-annualAvg.csv[39m
Files: [36mapp/data/eaaAquiferium-allSpringsData-annualAvg_byGauge.csv[39m -> [36mdist/data/eaaAquiferium-allSpringsData-annualAvg_byGauge.csv[39m
Files: [36mapp/data/geojson/NEW_major_aquifers_dd_reduced100.geo.json[39m -> [36mdist/data/geojson/NEW_major_aquifers_dd_reduced100.geo.json[39m
Files: [36mapp/data/geojson/TX.geo.json[39m -> [36mdist/data/geojson/TX.geo.json[39m
Files: [36mapp/data/geojson/USA.geo.json[39m -> [36mdist/data/geojson/USA.geo.json[39m
Files: [36mapp/data/geojson/eaa_boundary_EPSG-3081.geo.json[39m -> [36mdist/data/geojson/eaa_boundary_EPSG-3081.geo.json[39m
Options: [36mprocessContent=false[39m, [36mprocessContentExclude=[][39m
Options: [36mprocessContent=false[39m, [36mprocessContentExclude=[][39m
Copying [36mapp/favicon.ico[39m -> [36mdist/favicon.ico[39m
Reading app/favicon.ico...[32mOK[39m
Writing dist/favicon.ico...[32mOK[39m
Copying [36mapp/robots.txt[39m -> [36mdist/robots.txt[39m
Reading app/robots.txt...[32mOK[39m
Writing dist/robots.txt...[32mOK[39m
Copying [36mapp/.htaccess[39m -> [36mdist/.htaccess[39m
Reading app/.htaccess...[32mOK[39m
Writing dist/.htaccess...[32mOK[39m
Copying [36mapp/404.html[39m -> [36mdist/404.html[39m
Reading app/404.html...[32mOK[39m
Writing dist/404.html...[32mOK[39m
Copying [36mapp/index.html[39m -> [36mdist/index.html[39m
Reading app/index.html...[32mOK[39m
Writing dist/index.html...[32mOK[39m
Copying [36mapp/views/about.html[39m -> [36mdist/views/about.html[39m
Reading app/views/about.html...[32mOK[39m
Writing dist/views/about.html...[32mOK[39m
Copying [36mapp/views/caves-karsts.html[39m -> [36mdist/views/caves-karsts.html[39m
Reading app/views/caves-karsts.html...[32mOK[39m
Writing dist/views/caves-karsts.html...[32mOK[39m
Copying [36mapp/views/conservation.html[39m -> [36mdist/views/conservation.html[39m
Reading app/views/conservation.html...[32mOK[39m
Writing dist/views/conservation.html...[32mOK[39m
Copying [36mapp/views/contact.html[39m -> [36mdist/views/contact.html[39m
Reading app/views/contact.html...[32mOK[39m
Writing dist/views/contact.html...[32mOK[39m
Copying [36mapp/views/explore.html[39m -> [36mdist/views/explore.html[39m
Reading app/views/explore.html...[32mOK[39m
Writing dist/views/explore.html...[32mOK[39m
Copying [36mapp/views/springs.html[39m -> [36mdist/views/springs.html[39m
Reading app/views/springs.html...[32mOK[39m
Writing dist/views/springs.html...[32mOK[39m
Copying [36mapp/images/about/concept-01-opt.jpg[39m -> [36mdist/images/about/concept-01-opt.jpg[39m
Reading app/images/about/concept-01-opt.jpg...[32mOK[39m
Writing dist/images/about/concept-01-opt.jpg...[32mOK[39m
Copying [36mapp/images/about/concept-02-opt.jpg[39m -> [36mdist/images/about/concept-02-opt.jpg[39m
Reading app/images/about/concept-02-opt.jpg...[32mOK[39m
Writing dist/images/about/concept-02-opt.jpg...[32mOK[39m
Copying [36mapp/images/caves_karsts/DSC_0318_web_hd.jpg[39m -> [36mdist/images/caves_karsts/DSC_0318_web_hd.jpg[39m
Reading app/images/caves_karsts/DSC_0318_web_hd.jpg...[32mOK[39m
Writing dist/images/caves_karsts/DSC_0318_web_hd.jpg...[32mOK[39m
Copying [36mapp/images/caves_karsts/DSC_0318_web_lg.jpg[39m -> [36mdist/images/caves_karsts/DSC_0318_web_lg.jpg[39m
Reading app/images/caves_karsts/DSC_0318_web_lg.jpg...[32mOK[39m
Writing dist/images/caves_karsts/DSC_0318_web_lg.jpg...[32mOK[39m
Copying [36mapp/images/caves_karsts/DSC_0318_web_md.jpg[39m -> [36mdist/images/caves_karsts/DSC_0318_web_md.jpg[39m
Reading app/images/caves_karsts/DSC_0318_web_md.jpg...[32mOK[39m
Writing dist/images/caves_karsts/DSC_0318_web_md.jpg...[32mOK[39m
Copying [36mapp/images/caves_karsts/DSC_0318_web_sm.jpg[39m -> [36mdist/images/caves_karsts/DSC_0318_web_sm.jpg[39m
Reading app/images/caves_karsts/DSC_0318_web_sm.jpg...[32mOK[39m
Writing dist/images/caves_karsts/DSC_0318_web_sm.jpg...[32mOK[39m
Copying [36mapp/images/caves_karsts/DSC_0318_web_xlg.jpg[39m -> [36mdist/images/caves_karsts/DSC_0318_web_xlg.jpg[39m
Reading app/images/caves_karsts/DSC_0318_web_xlg.jpg...[32mOK[39m
Writing dist/images/caves_karsts/DSC_0318_web_xlg.jpg...[32mOK[39m
Copying [36mapp/images/caves_karsts/For-Doty1_1280x979_web_hd.jpg[39m -> [36mdist/images/caves_karsts/For-Doty1_1280x979_web_hd.jpg[39m
Reading app/images/caves_karsts/For-Doty1_1280x979_web_hd.jpg...[32mOK[39m
Writing dist/images/caves_karsts/For-Doty1_1280x979_web_hd.jpg...[32mOK[39m
Copying [36mapp/images/caves_karsts/For-Doty1_1280x979_web_lg.jpg[39m -> [36mdist/images/caves_karsts/For-Doty1_1280x979_web_lg.jpg[39m
Reading app/images/caves_karsts/For-Doty1_1280x979_web_lg.jpg...[32mOK[39m
Writing dist/images/caves_karsts/For-Doty1_1280x979_web_lg.jpg...[32mOK[39m
Copying [36mapp/images/caves_karsts/For-Doty1_1280x979_web_md.jpg[39m -> [36mdist/images/caves_karsts/For-Doty1_1280x979_web_md.jpg[39m
Reading app/images/caves_karsts/For-Doty1_1280x979_web_md.jpg...[32mOK[39m
Writing dist/images/caves_karsts/For-Doty1_1280x979_web_md.jpg...[32mOK[39m
Copying [36mapp/images/caves_karsts/For-Doty1_1280x979_web_sm.jpg[39m -> [36mdist/images/caves_karsts/For-Doty1_1280x979_web_sm.jpg[39m
Reading app/images/caves_karsts/For-Doty1_1280x979_web_sm.jpg...[32mOK[39m
Writing dist/images/caves_karsts/For-Doty1_1280x979_web_sm.jpg...[32mOK[39m
Copying [36mapp/images/caves_karsts/For-Doty1_1280x979_web_xlg.jpg[39m -> [36mdist/images/caves_karsts/For-Doty1_1280x979_web_xlg.jpg[39m
Reading app/images/caves_karsts/For-Doty1_1280x979_web_xlg.jpg...[32mOK[39m
Writing dist/images/caves_karsts/For-Doty1_1280x979_web_xlg.jpg...[32mOK[39m
Copying [36mapp/images/caves_karsts/Valdina_Farms_Cave_IMG0017_web_hd.jpg[39m -> [36mdist/images/caves_karsts/Valdina_Farms_Cave_IMG0017_web_hd.jpg[39m
Reading app/images/caves_karsts/Valdina_Farms_Cave_IMG0017_web_hd.jpg...[32mOK[39m
Writing dist/images/caves_karsts/Valdina_Farms_Cave_IMG0017_web_hd.jpg...[32mOK[39m
Copying [36mapp/images/caves_karsts/Valdina_Farms_Cave_IMG0017_web_lg.jpg[39m -> [36mdist/images/caves_karsts/Valdina_Farms_Cave_IMG0017_web_lg.jpg[39m
Reading app/images/caves_karsts/Valdina_Farms_Cave_IMG0017_web_lg.jpg...[32mOK[39m
Writing dist/images/caves_karsts/Valdina_Farms_Cave_IMG0017_web_lg.jpg...[32mOK[39m
Copying [36mapp/images/caves_karsts/Valdina_Farms_Cave_IMG0017_web_md.jpg[39m -> [36mdist/images/caves_karsts/Valdina_Farms_Cave_IMG0017_web_md.jpg[39m
Reading app/images/caves_karsts/Valdina_Farms_Cave_IMG0017_web_md.jpg...[32mOK[39m
Writing dist/images/caves_karsts/Valdina_Farms_Cave_IMG0017_web_md.jpg...[32mOK[39m
Copying [36mapp/images/caves_karsts/Valdina_Farms_Cave_IMG0017_web_sm.jpg[39m -> [36mdist/images/caves_karsts/Valdina_Farms_Cave_IMG0017_web_sm.jpg[39m
Reading app/images/caves_karsts/Valdina_Farms_Cave_IMG0017_web_sm.jpg...[32mOK[39m
Writing dist/images/caves_karsts/Valdina_Farms_Cave_IMG0017_web_sm.jpg...[32mOK[39m
Copying [36mapp/images/caves_karsts/Valdina_Farms_Cave_IMG0017_web_xlg.jpg[39m -> [36mdist/images/caves_karsts/Valdina_Farms_Cave_IMG0017_web_xlg.jpg[39m
Reading app/images/caves_karsts/Valdina_Farms_Cave_IMG0017_web_xlg.jpg...[32mOK[39m
Writing dist/images/caves_karsts/Valdina_Farms_Cave_IMG0017_web_xlg.jpg...[32mOK[39m
Copying [36mapp/images/caves_karsts/edwards-limestone_web_hd.jpg[39m -> [36mdist/images/caves_karsts/edwards-limestone_web_hd.jpg[39m
Reading app/images/caves_karsts/edwards-limestone_web_hd.jpg...[32mOK[39m
Writing dist/images/caves_karsts/edwards-limestone_web_hd.jpg...[32mOK[39m
Copying [36mapp/images/caves_karsts/edwards-limestone_web_lg.jpg[39m -> [36mdist/images/caves_karsts/edwards-limestone_web_lg.jpg[39m
Reading app/images/caves_karsts/edwards-limestone_web_lg.jpg...[32mOK[39m
Writing dist/images/caves_karsts/edwards-limestone_web_lg.jpg...[32mOK[39m
Copying [36mapp/images/caves_karsts/edwards-limestone_web_md.jpg[39m -> [36mdist/images/caves_karsts/edwards-limestone_web_md.jpg[39m
Reading app/images/caves_karsts/edwards-limestone_web_md.jpg...[32mOK[39m
Writing dist/images/caves_karsts/edwards-limestone_web_md.jpg...[32mOK[39m
Copying [36mapp/images/caves_karsts/edwards-limestone_web_sm.jpg[39m -> [36mdist/images/caves_karsts/edwards-limestone_web_sm.jpg[39m
Reading app/images/caves_karsts/edwards-limestone_web_sm.jpg...[32mOK[39m
Writing dist/images/caves_karsts/edwards-limestone_web_sm.jpg...[32mOK[39m
Copying [36mapp/images/caves_karsts/edwards-limestone_web_xlg.jpg[39m -> [36mdist/images/caves_karsts/edwards-limestone_web_xlg.jpg[39m
Reading app/images/caves_karsts/edwards-limestone_web_xlg.jpg...[32mOK[39m
Writing dist/images/caves_karsts/edwards-limestone_web_xlg.jpg...[32mOK[39m
Copying [36mapp/images/caves_karsts/valdina_8r_web_hd.jpg[39m -> [36mdist/images/caves_karsts/valdina_8r_web_hd.jpg[39m
Reading app/images/caves_karsts/valdina_8r_web_hd.jpg...[32mOK[39m
Writing dist/images/caves_karsts/valdina_8r_web_hd.jpg...[32mOK[39m
Copying [36mapp/images/caves_karsts/valdina_8r_web_lg.jpg[39m -> [36mdist/images/caves_karsts/valdina_8r_web_lg.jpg[39m
Reading app/images/caves_karsts/valdina_8r_web_lg.jpg...[32mOK[39m
Writing dist/images/caves_karsts/valdina_8r_web_lg.jpg...[32mOK[39m
Copying [36mapp/images/caves_karsts/valdina_8r_web_md.jpg[39m -> [36mdist/images/caves_karsts/valdina_8r_web_md.jpg[39m
Reading app/images/caves_karsts/valdina_8r_web_md.jpg...[32mOK[39m
Writing dist/images/caves_karsts/valdina_8r_web_md.jpg...[32mOK[39m
Copying [36mapp/images/caves_karsts/valdina_8r_web_sm.jpg[39m -> [36mdist/images/caves_karsts/valdina_8r_web_sm.jpg[39m
Reading app/images/caves_karsts/valdina_8r_web_sm.jpg...[32mOK[39m
Writing dist/images/caves_karsts/valdina_8r_web_sm.jpg...[32mOK[39m
Copying [36mapp/images/caves_karsts/valdina_8r_web_xlg.jpg[39m -> [36mdist/images/caves_karsts/valdina_8r_web_xlg.jpg[39m
Reading app/images/caves_karsts/valdina_8r_web_xlg.jpg...[32mOK[39m
Writing dist/images/caves_karsts/valdina_8r_web_xlg.jpg...[32mOK[39m
Copying [36mapp/images/conservation/05May_MartinMarietta_CMYK_web_hd.jpg[39m -> [36mdist/images/conservation/05May_MartinMarietta_CMYK_web_hd.jpg[39m
Reading app/images/conservation/05May_MartinMarietta_CMYK_web_hd.jpg...[32mOK[39m
Writing dist/images/conservation/05May_MartinMarietta_CMYK_web_hd.jpg...[32mOK[39m
Copying [36mapp/images/conservation/05May_MartinMarietta_CMYK_web_lg.jpg[39m -> [36mdist/images/conservation/05May_MartinMarietta_CMYK_web_lg.jpg[39m
Reading app/images/conservation/05May_MartinMarietta_CMYK_web_lg.jpg...[32mOK[39m
Writing dist/images/conservation/05May_MartinMarietta_CMYK_web_lg.jpg...[32mOK[39m
Copying [36mapp/images/conservation/05May_MartinMarietta_CMYK_web_md.jpg[39m -> [36mdist/images/conservation/05May_MartinMarietta_CMYK_web_md.jpg[39m
Reading app/images/conservation/05May_MartinMarietta_CMYK_web_md.jpg...[32mOK[39m
Writing dist/images/conservation/05May_MartinMarietta_CMYK_web_md.jpg...[32mOK[39m
Copying [36mapp/images/conservation/05May_MartinMarietta_CMYK_web_sm.jpg[39m -> [36mdist/images/conservation/05May_MartinMarietta_CMYK_web_sm.jpg[39m
Reading app/images/conservation/05May_MartinMarietta_CMYK_web_sm.jpg...[32mOK[39m
Writing dist/images/conservation/05May_MartinMarietta_CMYK_web_sm.jpg...[32mOK[39m
Copying [36mapp/images/conservation/05May_MartinMarietta_CMYK_web_xlg.jpg[39m -> [36mdist/images/conservation/05May_MartinMarietta_CMYK_web_xlg.jpg[39m
Reading app/images/conservation/05May_MartinMarietta_CMYK_web_xlg.jpg...[32mOK[39m
Writing dist/images/conservation/05May_MartinMarietta_CMYK_web_xlg.jpg...[32mOK[39m
Copying [36mapp/images/conservation/07Jul_PumpStation_CMYK_web_hd.jpg[39m -> [36mdist/images/conservation/07Jul_PumpStation_CMYK_web_hd.jpg[39m
Reading app/images/conservation/07Jul_PumpStation_CMYK_web_hd.jpg...[32mOK[39m
Writing dist/images/conservation/07Jul_PumpStation_CMYK_web_hd.jpg...[32mOK[39m
Copying [36mapp/images/conservation/07Jul_PumpStation_CMYK_web_lg.jpg[39m -> [36mdist/images/conservation/07Jul_PumpStation_CMYK_web_lg.jpg[39m
Reading app/images/conservation/07Jul_PumpStation_CMYK_web_lg.jpg...[32mOK[39m
Writing dist/images/conservation/07Jul_PumpStation_CMYK_web_lg.jpg...[32mOK[39m
Copying [36mapp/images/conservation/07Jul_PumpStation_CMYK_web_md.jpg[39m -> [36mdist/images/conservation/07Jul_PumpStation_CMYK_web_md.jpg[39m
Reading app/images/conservation/07Jul_PumpStation_CMYK_web_md.jpg...[32mOK[39m
Writing dist/images/conservation/07Jul_PumpStation_CMYK_web_md.jpg...[32mOK[39m
Copying [36mapp/images/conservation/07Jul_PumpStation_CMYK_web_sm.jpg[39m -> [36mdist/images/conservation/07Jul_PumpStation_CMYK_web_sm.jpg[39m
Reading app/images/conservation/07Jul_PumpStation_CMYK_web_sm.jpg...[32mOK[39m
Writing dist/images/conservation/07Jul_PumpStation_CMYK_web_sm.jpg...[32mOK[39m
Copying [36mapp/images/conservation/07Jul_PumpStation_CMYK_web_xlg.jpg[39m -> [36mdist/images/conservation/07Jul_PumpStation_CMYK_web_xlg.jpg[39m
Reading app/images/conservation/07Jul_PumpStation_CMYK_web_xlg.jpg...[32mOK[39m
Writing dist/images/conservation/07Jul_PumpStation_CMYK_web_xlg.jpg...[32mOK[39m
Copying [36mapp/images/conservation/08Aug_Landa_CMYK_web_hd.jpg[39m -> [36mdist/images/conservation/08Aug_Landa_CMYK_web_hd.jpg[39m
Reading app/images/conservation/08Aug_Landa_CMYK_web_hd.jpg...[32mOK[39m
Writing dist/images/conservation/08Aug_Landa_CMYK_web_hd.jpg...[32mOK[39m
Copying [36mapp/images/conservation/08Aug_Landa_CMYK_web_lg.jpg[39m -> [36mdist/images/conservation/08Aug_Landa_CMYK_web_lg.jpg[39m
Reading app/images/conservation/08Aug_Landa_CMYK_web_lg.jpg...[32mOK[39m
Writing dist/images/conservation/08Aug_Landa_CMYK_web_lg.jpg...[32mOK[39m
Copying [36mapp/images/conservation/08Aug_Landa_CMYK_web_md.jpg[39m -> [36mdist/images/conservation/08Aug_Landa_CMYK_web_md.jpg[39m
Reading app/images/conservation/08Aug_Landa_CMYK_web_md.jpg...[32mOK[39m
Writing dist/images/conservation/08Aug_Landa_CMYK_web_md.jpg...[32mOK[39m
Copying [36mapp/images/conservation/08Aug_Landa_CMYK_web_sm.jpg[39m -> [36mdist/images/conservation/08Aug_Landa_CMYK_web_sm.jpg[39m
Reading app/images/conservation/08Aug_Landa_CMYK_web_sm.jpg...[32mOK[39m
Writing dist/images/conservation/08Aug_Landa_CMYK_web_sm.jpg...[32mOK[39m
Copying [36mapp/images/conservation/08Aug_Landa_CMYK_web_xlg.jpg[39m -> [36mdist/images/conservation/08Aug_Landa_CMYK_web_xlg.jpg[39m
Reading app/images/conservation/08Aug_Landa_CMYK_web_xlg.jpg...[32mOK[39m
Writing dist/images/conservation/08Aug_Landa_CMYK_web_xlg.jpg...[32mOK[39m
Copying [36mapp/images/conservation/Board-Room-corner_Panorama1-P_web_hd.jpg[39m -> [36mdist/images/conservation/Board-Room-corner_Panorama1-P_web_hd.jpg[39m
Reading app/images/conservation/Board-Room-corner_Panorama1-P_web_hd.jpg...[32mOK[39m
Writing dist/images/conservation/Board-Room-corner_Panorama1-P_web_hd.jpg...[32mOK[39m
Copying [36mapp/images/conservation/Board-Room-corner_Panorama1-P_web_lg.jpg[39m -> [36mdist/images/conservation/Board-Room-corner_Panorama1-P_web_lg.jpg[39m
Reading app/images/conservation/Board-Room-corner_Panorama1-P_web_lg.jpg...[32mOK[39m
Writing dist/images/conservation/Board-Room-corner_Panorama1-P_web_lg.jpg...[32mOK[39m
Copying [36mapp/images/conservation/Board-Room-corner_Panorama1-P_web_md.jpg[39m -> [36mdist/images/conservation/Board-Room-corner_Panorama1-P_web_md.jpg[39m
Reading app/images/conservation/Board-Room-corner_Panorama1-P_web_md.jpg...[32mOK[39m
Writing dist/images/conservation/Board-Room-corner_Panorama1-P_web_md.jpg...[32mOK[39m
Copying [36mapp/images/conservation/Board-Room-corner_Panorama1-P_web_sm.jpg[39m -> [36mdist/images/conservation/Board-Room-corner_Panorama1-P_web_sm.jpg[39m
Reading app/images/conservation/Board-Room-corner_Panorama1-P_web_sm.jpg...[32mOK[39m
Writing dist/images/conservation/Board-Room-corner_Panorama1-P_web_sm.jpg...[32mOK[39m
Copying [36mapp/images/conservation/Board-Room-corner_Panorama1-P_web_xlg.jpg[39m -> [36mdist/images/conservation/Board-Room-corner_Panorama1-P_web_xlg.jpg[39m
Reading app/images/conservation/Board-Room-corner_Panorama1-P_web_xlg.jpg...[32mOK[39m
Writing dist/images/conservation/Board-Room-corner_Panorama1-P_web_xlg.jpg...[32mOK[39m
Copying [36mapp/images/conservation/EAA-rainGauge_web_hd.jpg[39m -> [36mdist/images/conservation/EAA-rainGauge_web_hd.jpg[39m
Reading app/images/conservation/EAA-rainGauge_web_hd.jpg...[32mOK[39m
Writing dist/images/conservation/EAA-rainGauge_web_hd.jpg...[32mOK[39m
Copying [36mapp/images/conservation/EAA-rainGauge_web_lg.jpg[39m -> [36mdist/images/conservation/EAA-rainGauge_web_lg.jpg[39m
Reading app/images/conservation/EAA-rainGauge_web_lg.jpg...[32mOK[39m
Writing dist/images/conservation/EAA-rainGauge_web_lg.jpg...[32mOK[39m
Copying [36mapp/images/conservation/EAA-rainGauge_web_md.jpg[39m -> [36mdist/images/conservation/EAA-rainGauge_web_md.jpg[39m
Reading app/images/conservation/EAA-rainGauge_web_md.jpg...[32mOK[39m
Writing dist/images/conservation/EAA-rainGauge_web_md.jpg...[32mOK[39m
Copying [36mapp/images/conservation/EAA-rainGauge_web_sm.jpg[39m -> [36mdist/images/conservation/EAA-rainGauge_web_sm.jpg[39m
Reading app/images/conservation/EAA-rainGauge_web_sm.jpg...[32mOK[39m
Writing dist/images/conservation/EAA-rainGauge_web_sm.jpg...[32mOK[39m
Copying [36mapp/images/conservation/EAA-rainGauge_web_xlg.jpg[39m -> [36mdist/images/conservation/EAA-rainGauge_web_xlg.jpg[39m
Reading app/images/conservation/EAA-rainGauge_web_xlg.jpg...[32mOK[39m
Writing dist/images/conservation/EAA-rainGauge_web_xlg.jpg...[32mOK[39m
Copying [36mapp/images/conservation/EAAgilleland_web_hd.jpg[39m -> [36mdist/images/conservation/EAAgilleland_web_hd.jpg[39m
Reading app/images/conservation/EAAgilleland_web_hd.jpg...[32mOK[39m
Writing dist/images/conservation/EAAgilleland_web_hd.jpg...[32mOK[39m
Copying [36mapp/images/conservation/EAAgilleland_web_lg.jpg[39m -> [36mdist/images/conservation/EAAgilleland_web_lg.jpg[39m
Reading app/images/conservation/EAAgilleland_web_lg.jpg...[32mOK[39m
Writing dist/images/conservation/EAAgilleland_web_lg.jpg...[32mOK[39m
Copying [36mapp/images/conservation/EAAgilleland_web_md.jpg[39m -> [36mdist/images/conservation/EAAgilleland_web_md.jpg[39m
Reading app/images/conservation/EAAgilleland_web_md.jpg...[32mOK[39m
Writing dist/images/conservation/EAAgilleland_web_md.jpg...[32mOK[39m
Copying [36mapp/images/conservation/EAAgilleland_web_sm.jpg[39m -> [36mdist/images/conservation/EAAgilleland_web_sm.jpg[39m
Reading app/images/conservation/EAAgilleland_web_sm.jpg...[32mOK[39m
Writing dist/images/conservation/EAAgilleland_web_sm.jpg...[32mOK[39m
Copying [36mapp/images/conservation/EAAgilleland_web_xlg.jpg[39m -> [36mdist/images/conservation/EAAgilleland_web_xlg.jpg[39m
Reading app/images/conservation/EAAgilleland_web_xlg.jpg...[32mOK[39m
Writing dist/images/conservation/EAAgilleland_web_xlg.jpg...[32mOK[39m
Copying [36mapp/images/conservation/GBRA_20121017_6763_web_hd.jpg[39m -> [36mdist/images/conservation/GBRA_20121017_6763_web_hd.jpg[39m
Reading app/images/conservation/GBRA_20121017_6763_web_hd.jpg...[32mOK[39m
Writing dist/images/conservation/GBRA_20121017_6763_web_hd.jpg...[32mOK[39m
Copying [36mapp/images/conservation/GBRA_20121017_6763_web_lg.jpg[39m -> [36mdist/images/conservation/GBRA_20121017_6763_web_lg.jpg[39m
Reading app/images/conservation/GBRA_20121017_6763_web_lg.jpg...[32mOK[39m
Writing dist/images/conservation/GBRA_20121017_6763_web_lg.jpg...[32mOK[39m
Copying [36mapp/images/conservation/GBRA_20121017_6763_web_md.jpg[39m -> [36mdist/images/conservation/GBRA_20121017_6763_web_md.jpg[39m
Reading app/images/conservation/GBRA_20121017_6763_web_md.jpg...[32mOK[39m
Writing dist/images/conservation/GBRA_20121017_6763_web_md.jpg...[32mOK[39m
Copying [36mapp/images/conservation/GBRA_20121017_6763_web_sm.jpg[39m -> [36mdist/images/conservation/GBRA_20121017_6763_web_sm.jpg[39m
Reading app/images/conservation/GBRA_20121017_6763_web_sm.jpg...[32mOK[39m
Writing dist/images/conservation/GBRA_20121017_6763_web_sm.jpg...[32mOK[39m
Copying [36mapp/images/conservation/GBRA_20121017_6763_web_xlg.jpg[39m -> [36mdist/images/conservation/GBRA_20121017_6763_web_xlg.jpg[39m
Reading app/images/conservation/GBRA_20121017_6763_web_xlg.jpg...[32mOK[39m
Writing dist/images/conservation/GBRA_20121017_6763_web_xlg.jpg...[32mOK[39m
Copying [36mapp/images/conservation/SM_salamander_XO5J9266_web_hd.jpg[39m -> [36mdist/images/conservation/SM_salamander_XO5J9266_web_hd.jpg[39m
Reading app/images/conservation/SM_salamander_XO5J9266_web_hd.jpg...[32mOK[39m
Writing dist/images/conservation/SM_salamander_XO5J9266_web_hd.jpg...[32mOK[39m
Copying [36mapp/images/conservation/SM_salamander_XO5J9266_web_lg.jpg[39m -> [36mdist/images/conservation/SM_salamander_XO5J9266_web_lg.jpg[39m
Reading app/images/conservation/SM_salamander_XO5J9266_web_lg.jpg...[32mOK[39m
Writing dist/images/conservation/SM_salamander_XO5J9266_web_lg.jpg...[32mOK[39m
Copying [36mapp/images/conservation/SM_salamander_XO5J9266_web_md.jpg[39m -> [36mdist/images/conservation/SM_salamander_XO5J9266_web_md.jpg[39m
Reading app/images/conservation/SM_salamander_XO5J9266_web_md.jpg...[32mOK[39m
Writing dist/images/conservation/SM_salamander_XO5J9266_web_md.jpg...[32mOK[39m
Copying [36mapp/images/conservation/SM_salamander_XO5J9266_web_sm.jpg[39m -> [36mdist/images/conservation/SM_salamander_XO5J9266_web_sm.jpg[39m
Reading app/images/conservation/SM_salamander_XO5J9266_web_sm.jpg...[32mOK[39m
Writing dist/images/conservation/SM_salamander_XO5J9266_web_sm.jpg...[32mOK[39m
Copying [36mapp/images/conservation/SM_salamander_XO5J9266_web_xlg.jpg[39m -> [36mdist/images/conservation/SM_salamander_XO5J9266_web_xlg.jpg[39m
Reading app/images/conservation/SM_salamander_XO5J9266_web_xlg.jpg...[32mOK[39m
Writing dist/images/conservation/SM_salamander_XO5J9266_web_xlg.jpg...[32mOK[39m
Copying [36mapp/images/conservation/XO5J7652_web_hd.jpg[39m -> [36mdist/images/conservation/XO5J7652_web_hd.jpg[39m
Reading app/images/conservation/XO5J7652_web_hd.jpg...[32mOK[39m
Writing dist/images/conservation/XO5J7652_web_hd.jpg...[32mOK[39m
Copying [36mapp/images/conservation/XO5J7652_web_lg.jpg[39m -> [36mdist/images/conservation/XO5J7652_web_lg.jpg[39m
Reading app/images/conservation/XO5J7652_web_lg.jpg...[32mOK[39m
Writing dist/images/conservation/XO5J7652_web_lg.jpg...[32mOK[39m
Copying [36mapp/images/conservation/XO5J7652_web_md.jpg[39m -> [36mdist/images/conservation/XO5J7652_web_md.jpg[39m
Reading app/images/conservation/XO5J7652_web_md.jpg...[32mOK[39m
Writing dist/images/conservation/XO5J7652_web_md.jpg...[32mOK[39m
Copying [36mapp/images/conservation/XO5J7652_web_sm.jpg[39m -> [36mdist/images/conservation/XO5J7652_web_sm.jpg[39m
Reading app/images/conservation/XO5J7652_web_sm.jpg...[32mOK[39m
Writing dist/images/conservation/XO5J7652_web_sm.jpg...[32mOK[39m
Copying [36mapp/images/conservation/XO5J7652_web_xlg.jpg[39m -> [36mdist/images/conservation/XO5J7652_web_xlg.jpg[39m
Reading app/images/conservation/XO5J7652_web_xlg.jpg...[32mOK[39m
Writing dist/images/conservation/XO5J7652_web_xlg.jpg...[32mOK[39m
Copying [36mapp/images/eaa_branding/eaa-logo-bw.png[39m -> [36mdist/images/eaa_branding/eaa-logo-bw.png[39m
Reading app/images/eaa_branding/eaa-logo-bw.png...[32mOK[39m
Writing dist/images/eaa_branding/eaa-logo-bw.png...[32mOK[39m
Copying [36mapp/images/eaa_branding/eaa-logo-color.png[39m -> [36mdist/images/eaa_branding/eaa-logo-color.png[39m
Reading app/images/eaa_branding/eaa-logo-color.png...[32mOK[39m
Writing dist/images/eaa_branding/eaa-logo-color.png...[32mOK[39m
Copying [36mapp/images/eaa_branding/eahcp-logo-color.png[39m -> [36mdist/images/eaa_branding/eahcp-logo-color.png[39m
Reading app/images/eaa_branding/eahcp-logo-color.png...[32mOK[39m
Writing dist/images/eaa_branding/eahcp-logo-color.png...[32mOK[39m
Copying [36mapp/images/springs/Boat_0054_web_hd.jpg[39m -> [36mdist/images/springs/Boat_0054_web_hd.jpg[39m
Reading app/images/springs/Boat_0054_web_hd.jpg...[32mOK[39m
Writing dist/images/springs/Boat_0054_web_hd.jpg...[32mOK[39m
Copying [36mapp/images/springs/Boat_0054_web_lg.jpg[39m -> [36mdist/images/springs/Boat_0054_web_lg.jpg[39m
Reading app/images/springs/Boat_0054_web_lg.jpg...[32mOK[39m
Writing dist/images/springs/Boat_0054_web_lg.jpg...[32mOK[39m
Copying [36mapp/images/springs/Boat_0054_web_md.jpg[39m -> [36mdist/images/springs/Boat_0054_web_md.jpg[39m
Reading app/images/springs/Boat_0054_web_md.jpg...[32mOK[39m
Writing dist/images/springs/Boat_0054_web_md.jpg...[32mOK[39m
Copying [36mapp/images/springs/Boat_0054_web_sm.jpg[39m -> [36mdist/images/springs/Boat_0054_web_sm.jpg[39m
Reading app/images/springs/Boat_0054_web_sm.jpg...[32mOK[39m
Writing dist/images/springs/Boat_0054_web_sm.jpg...[32mOK[39m
Copying [36mapp/images/springs/Boat_0054_web_xlg.jpg[39m -> [36mdist/images/springs/Boat_0054_web_xlg.jpg[39m
Reading app/images/springs/Boat_0054_web_xlg.jpg...[32mOK[39m
Writing dist/images/springs/Boat_0054_web_xlg.jpg...[32mOK[39m
Copying [36mapp/images/springs/EAAOriparianrandy20120801_0404_web_hd.jpg[39m -> [36mdist/images/springs/EAAOriparianrandy20120801_0404_web_hd.jpg[39m
Reading app/images/springs/EAAOriparianrandy20120801_0404_web_hd.jpg...[32mOK[39m
Writing dist/images/springs/EAAOriparianrandy20120801_0404_web_hd.jpg...[32mOK[39m
Copying [36mapp/images/springs/EAAOriparianrandy20120801_0404_web_lg.jpg[39m -> [36mdist/images/springs/EAAOriparianrandy20120801_0404_web_lg.jpg[39m
Reading app/images/springs/EAAOriparianrandy20120801_0404_web_lg.jpg...[32mOK[39m
Writing dist/images/springs/EAAOriparianrandy20120801_0404_web_lg.jpg...[32mOK[39m
Copying [36mapp/images/springs/EAAOriparianrandy20120801_0404_web_md.jpg[39m -> [36mdist/images/springs/EAAOriparianrandy20120801_0404_web_md.jpg[39m
Reading app/images/springs/EAAOriparianrandy20120801_0404_web_md.jpg...[32mOK[39m
Writing dist/images/springs/EAAOriparianrandy20120801_0404_web_md.jpg...[32mOK[39m
Copying [36mapp/images/springs/EAAOriparianrandy20120801_0404_web_sm.jpg[39m -> [36mdist/images/springs/EAAOriparianrandy20120801_0404_web_sm.jpg[39m
Reading app/images/springs/EAAOriparianrandy20120801_0404_web_sm.jpg...[32mOK[39m
Writing dist/images/springs/EAAOriparianrandy20120801_0404_web_sm.jpg...[32mOK[39m
Copying [36mapp/images/springs/EAAOriparianrandy20120801_0404_web_xlg.jpg[39m -> [36mdist/images/springs/EAAOriparianrandy20120801_0404_web_xlg.jpg[39m
Reading app/images/springs/EAAOriparianrandy20120801_0404_web_xlg.jpg...[32mOK[39m
Writing dist/images/springs/EAAOriparianrandy20120801_0404_web_xlg.jpg...[32mOK[39m
Copying [36mapp/images/springs/EAAaquarena20120702_8316_web_hd.jpg[39m -> [36mdist/images/springs/EAAaquarena20120702_8316_web_hd.jpg[39m
Reading app/images/springs/EAAaquarena20120702_8316_web_hd.jpg...[32mOK[39m
Writing dist/images/springs/EAAaquarena20120702_8316_web_hd.jpg...[32mOK[39m
Copying [36mapp/images/springs/EAAaquarena20120702_8316_web_lg.jpg[39m -> [36mdist/images/springs/EAAaquarena20120702_8316_web_lg.jpg[39m
Reading app/images/springs/EAAaquarena20120702_8316_web_lg.jpg...[32mOK[39m
Writing dist/images/springs/EAAaquarena20120702_8316_web_lg.jpg...[32mOK[39m
Copying [36mapp/images/springs/EAAaquarena20120702_8316_web_md.jpg[39m -> [36mdist/images/springs/EAAaquarena20120702_8316_web_md.jpg[39m
Reading app/images/springs/EAAaquarena20120702_8316_web_md.jpg...[32mOK[39m
Writing dist/images/springs/EAAaquarena20120702_8316_web_md.jpg...[32mOK[39m
Copying [36mapp/images/springs/EAAaquarena20120702_8316_web_sm.jpg[39m -> [36mdist/images/springs/EAAaquarena20120702_8316_web_sm.jpg[39m
Reading app/images/springs/EAAaquarena20120702_8316_web_sm.jpg...[32mOK[39m
Writing dist/images/springs/EAAaquarena20120702_8316_web_sm.jpg...[32mOK[39m
Copying [36mapp/images/springs/EAAaquarena20120702_8316_web_xlg.jpg[39m -> [36mdist/images/springs/EAAaquarena20120702_8316_web_xlg.jpg[39m
Reading app/images/springs/EAAaquarena20120702_8316_web_xlg.jpg...[32mOK[39m
Writing dist/images/springs/EAAaquarena20120702_8316_web_xlg.jpg...[32mOK[39m
Copying [36mapp/images/springs/EAArice20120503_3620_web_hd.jpg[39m -> [36mdist/images/springs/EAArice20120503_3620_web_hd.jpg[39m
Reading app/images/springs/EAArice20120503_3620_web_hd.jpg...[32mOK[39m
Writing dist/images/springs/EAArice20120503_3620_web_hd.jpg...[32mOK[39m
Copying [36mapp/images/springs/EAArice20120503_3620_web_lg.jpg[39m -> [36mdist/images/springs/EAArice20120503_3620_web_lg.jpg[39m
Reading app/images/springs/EAArice20120503_3620_web_lg.jpg...[32mOK[39m
Writing dist/images/springs/EAArice20120503_3620_web_lg.jpg...[32mOK[39m
Copying [36mapp/images/springs/EAArice20120503_3620_web_md.jpg[39m -> [36mdist/images/springs/EAArice20120503_3620_web_md.jpg[39m
Reading app/images/springs/EAArice20120503_3620_web_md.jpg...[32mOK[39m
Writing dist/images/springs/EAArice20120503_3620_web_md.jpg...[32mOK[39m
Copying [36mapp/images/springs/EAArice20120503_3620_web_sm.jpg[39m -> [36mdist/images/springs/EAArice20120503_3620_web_sm.jpg[39m
Reading app/images/springs/EAArice20120503_3620_web_sm.jpg...[32mOK[39m
Writing dist/images/springs/EAArice20120503_3620_web_sm.jpg...[32mOK[39m
Copying [36mapp/images/springs/EAArice20120503_3620_web_xlg.jpg[39m -> [36mdist/images/springs/EAArice20120503_3620_web_xlg.jpg[39m
Reading app/images/springs/EAArice20120503_3620_web_xlg.jpg...[32mOK[39m
Writing dist/images/springs/EAArice20120503_3620_web_xlg.jpg...[32mOK[39m
Copying [36mapp/images/springs/Looking-Underwater_0017_web_hd.jpg[39m -> [36mdist/images/springs/Looking-Underwater_0017_web_hd.jpg[39m
Reading app/images/springs/Looking-Underwater_0017_web_hd.jpg...[32mOK[39m
Writing dist/images/springs/Looking-Underwater_0017_web_hd.jpg...[32mOK[39m
Copying [36mapp/images/springs/Looking-Underwater_0017_web_lg.jpg[39m -> [36mdist/images/springs/Looking-Underwater_0017_web_lg.jpg[39m
Reading app/images/springs/Looking-Underwater_0017_web_lg.jpg...[32mOK[39m
Writing dist/images/springs/Looking-Underwater_0017_web_lg.jpg...[32mOK[39m
Copying [36mapp/images/springs/Looking-Underwater_0017_web_md.jpg[39m -> [36mdist/images/springs/Looking-Underwater_0017_web_md.jpg[39m
Reading app/images/springs/Looking-Underwater_0017_web_md.jpg...[32mOK[39m
Writing dist/images/springs/Looking-Underwater_0017_web_md.jpg...[32mOK[39m
Copying [36mapp/images/springs/Looking-Underwater_0017_web_sm.jpg[39m -> [36mdist/images/springs/Looking-Underwater_0017_web_sm.jpg[39m
Reading app/images/springs/Looking-Underwater_0017_web_sm.jpg...[32mOK[39m
Writing dist/images/springs/Looking-Underwater_0017_web_sm.jpg...[32mOK[39m
Copying [36mapp/images/springs/Looking-Underwater_0017_web_xlg.jpg[39m -> [36mdist/images/springs/Looking-Underwater_0017_web_xlg.jpg[39m
Reading app/images/springs/Looking-Underwater_0017_web_xlg.jpg...[32mOK[39m
Writing dist/images/springs/Looking-Underwater_0017_web_xlg.jpg...[32mOK[39m
Copying [36mapp/images/springs/Looking-Underwater_0020_web_hd.jpg[39m -> [36mdist/images/springs/Looking-Underwater_0020_web_hd.jpg[39m
Reading app/images/springs/Looking-Underwater_0020_web_hd.jpg...[32mOK[39m
Writing dist/images/springs/Looking-Underwater_0020_web_hd.jpg...[32mOK[39m
Copying [36mapp/images/springs/Looking-Underwater_0020_web_lg.jpg[39m -> [36mdist/images/springs/Looking-Underwater_0020_web_lg.jpg[39m
Reading app/images/springs/Looking-Underwater_0020_web_lg.jpg...[32mOK[39m
Writing dist/images/springs/Looking-Underwater_0020_web_lg.jpg...[32mOK[39m
Copying [36mapp/images/springs/Looking-Underwater_0020_web_md.jpg[39m -> [36mdist/images/springs/Looking-Underwater_0020_web_md.jpg[39m
Reading app/images/springs/Looking-Underwater_0020_web_md.jpg...[32mOK[39m
Writing dist/images/springs/Looking-Underwater_0020_web_md.jpg...[32mOK[39m
Copying [36mapp/images/springs/Looking-Underwater_0020_web_sm.jpg[39m -> [36mdist/images/springs/Looking-Underwater_0020_web_sm.jpg[39m
Reading app/images/springs/Looking-Underwater_0020_web_sm.jpg...[32mOK[39m
Writing dist/images/springs/Looking-Underwater_0020_web_sm.jpg...[32mOK[39m
Copying [36mapp/images/springs/Looking-Underwater_0020_web_xlg.jpg[39m -> [36mdist/images/springs/Looking-Underwater_0020_web_xlg.jpg[39m
Reading app/images/springs/Looking-Underwater_0020_web_xlg.jpg...[32mOK[39m
Writing dist/images/springs/Looking-Underwater_0020_web_xlg.jpg...[32mOK[39m
Copying [36mapp/images/springs/aerial_view_web_hd.jpg[39m -> [36mdist/images/springs/aerial_view_web_hd.jpg[39m
Reading app/images/springs/aerial_view_web_hd.jpg...[32mOK[39m
Writing dist/images/springs/aerial_view_web_hd.jpg...[32mOK[39m
Copying [36mapp/images/springs/aerial_view_web_lg.jpg[39m -> [36mdist/images/springs/aerial_view_web_lg.jpg[39m
Reading app/images/springs/aerial_view_web_lg.jpg...[32mOK[39m
Writing dist/images/springs/aerial_view_web_lg.jpg...[32mOK[39m
Copying [36mapp/images/springs/aerial_view_web_md.jpg[39m -> [36mdist/images/springs/aerial_view_web_md.jpg[39m
Reading app/images/springs/aerial_view_web_md.jpg...[32mOK[39m
Writing dist/images/springs/aerial_view_web_md.jpg...[32mOK[39m
Copying [36mapp/images/springs/aerial_view_web_sm.jpg[39m -> [36mdist/images/springs/aerial_view_web_sm.jpg[39m
Reading app/images/springs/aerial_view_web_sm.jpg...[32mOK[39m
Writing dist/images/springs/aerial_view_web_sm.jpg...[32mOK[39m
Copying [36mapp/images/springs/aerial_view_web_xlg.jpg[39m -> [36mdist/images/springs/aerial_view_web_xlg.jpg[39m
Reading app/images/springs/aerial_view_web_xlg.jpg...[32mOK[39m
Writing dist/images/springs/aerial_view_web_xlg.jpg...[32mOK[39m
Copying [36mapp/images/springs/com-springs2_web_hd.jpg[39m -> [36mdist/images/springs/com-springs2_web_hd.jpg[39m
Reading app/images/springs/com-springs2_web_hd.jpg...[32mOK[39m
Writing dist/images/springs/com-springs2_web_hd.jpg...[32mOK[39m
Copying [36mapp/images/springs/com-springs2_web_lg.jpg[39m -> [36mdist/images/springs/com-springs2_web_lg.jpg[39m
Reading app/images/springs/com-springs2_web_lg.jpg...[32mOK[39m
Writing dist/images/springs/com-springs2_web_lg.jpg...[32mOK[39m
Copying [36mapp/images/springs/com-springs2_web_md.jpg[39m -> [36mdist/images/springs/com-springs2_web_md.jpg[39m
Reading app/images/springs/com-springs2_web_md.jpg...[32mOK[39m
Writing dist/images/springs/com-springs2_web_md.jpg...[32mOK[39m
Copying [36mapp/images/springs/com-springs2_web_sm.jpg[39m -> [36mdist/images/springs/com-springs2_web_sm.jpg[39m
Reading app/images/springs/com-springs2_web_sm.jpg...[32mOK[39m
Writing dist/images/springs/com-springs2_web_sm.jpg...[32mOK[39m
Copying [36mapp/images/springs/com-springs2_web_xlg.jpg[39m -> [36mdist/images/springs/com-springs2_web_xlg.jpg[39m
Reading app/images/springs/com-springs2_web_xlg.jpg...[32mOK[39m
Writing dist/images/springs/com-springs2_web_xlg.jpg...[32mOK[39m
Copying [36mapp/images/springs/waterfall_web_hd.jpg[39m -> [36mdist/images/springs/waterfall_web_hd.jpg[39m
Reading app/images/springs/waterfall_web_hd.jpg...[32mOK[39m
Writing dist/images/springs/waterfall_web_hd.jpg...[32mOK[39m
Copying [36mapp/images/springs/waterfall_web_lg.jpg[39m -> [36mdist/images/springs/waterfall_web_lg.jpg[39m
Reading app/images/springs/waterfall_web_lg.jpg...[32mOK[39m
Writing dist/images/springs/waterfall_web_lg.jpg...[32mOK[39m
Copying [36mapp/images/springs/waterfall_web_md.jpg[39m -> [36mdist/images/springs/waterfall_web_md.jpg[39m
Reading app/images/springs/waterfall_web_md.jpg...[32mOK[39m
Writing dist/images/springs/waterfall_web_md.jpg...[32mOK[39m
Copying [36mapp/images/springs/waterfall_web_sm.jpg[39m -> [36mdist/images/springs/waterfall_web_sm.jpg[39m
Reading app/images/springs/waterfall_web_sm.jpg...[32mOK[39m
Writing dist/images/springs/waterfall_web_sm.jpg...[32mOK[39m
Copying [36mapp/images/springs/waterfall_web_xlg.jpg[39m -> [36mdist/images/springs/waterfall_web_xlg.jpg[39m
Reading app/images/springs/waterfall_web_xlg.jpg...[32mOK[39m
Writing dist/images/springs/waterfall_web_xlg.jpg...[32mOK[39m
Copying [36mapp/videos/San Marcos Springs_2.mp4[39m -> [36mdist/videos/San Marcos Springs_2.mp4[39m
Reading app/videos/San Marcos Springs_2.mp4...[32mOK[39m
Writing dist/videos/San Marcos Springs_2.mp4...[32mOK[39m
Copying [36mapp/scripts/app.js[39m -> [36mdist/scripts/app.js[39m
Reading app/scripts/app.js...[32mOK[39m
Writing dist/scripts/app.js...[32mOK[39m
Copying [36mapp/scripts/controllers/about-controller.js[39m -> [36mdist/scripts/controllers/about-controller.js[39m
Reading app/scripts/controllers/about-controller.js...[32mOK[39m
Writing dist/scripts/controllers/about-controller.js...[32mOK[39m
Copying [36mapp/scripts/controllers/caves-karsts-controller.js[39m -> [36mdist/scripts/controllers/caves-karsts-controller.js[39m
Reading app/scripts/controllers/caves-karsts-controller.js...[32mOK[39m
Writing dist/scripts/controllers/caves-karsts-controller.js...[32mOK[39m
Copying [36mapp/scripts/controllers/conservation-controller.js[39m -> [36mdist/scripts/controllers/conservation-controller.js[39m
Reading app/scripts/controllers/conservation-controller.js...[32mOK[39m
Writing dist/scripts/controllers/conservation-controller.js...[32mOK[39m
Copying [36mapp/scripts/controllers/contact-controller.js[39m -> [36mdist/scripts/controllers/contact-controller.js[39m
Reading app/scripts/controllers/contact-controller.js...[32mOK[39m
Writing dist/scripts/controllers/contact-controller.js...[32mOK[39m
Copying [36mapp/scripts/controllers/explore-controller.js[39m -> [36mdist/scripts/controllers/explore-controller.js[39m
Reading app/scripts/controllers/explore-controller.js...[32mOK[39m
Writing dist/scripts/controllers/explore-controller.js...[32mOK[39m
Copying [36mapp/scripts/controllers/navigation-controller.js[39m -> [36mdist/scripts/controllers/navigation-controller.js[39m
Reading app/scripts/controllers/navigation-controller.js...[32mOK[39m
Writing dist/scripts/controllers/navigation-controller.js...[32mOK[39m
Copying [36mapp/scripts/controllers/springs-controller.js[39m -> [36mdist/scripts/controllers/springs-controller.js[39m
Reading app/scripts/controllers/springs-controller.js...[32mOK[39m
Writing dist/scripts/controllers/springs-controller.js...[32mOK[39m
Copying [36mapp/scripts/directives/eaa-aquifers-boundary-map-directive.js[39m -> [36mdist/scripts/directives/eaa-aquifers-boundary-map-directive.js[39m
Reading app/scripts/directives/eaa-aquifers-boundary-map-directive.js...[32mOK[39m
Writing dist/scripts/directives/eaa-aquifers-boundary-map-directive.js...[32mOK[39m
Copying [36mapp/scripts/directives/eaa-aquifers-map-directive.js[39m -> [36mdist/scripts/directives/eaa-aquifers-map-directive.js[39m
Reading app/scripts/directives/eaa-aquifers-map-directive.js...[32mOK[39m
Writing dist/scripts/directives/eaa-aquifers-map-directive.js...[32mOK[39m
Copying [36mapp/scripts/directives/eaa-gauge-data-chart-directive.js[39m -> [36mdist/scripts/directives/eaa-gauge-data-chart-directive.js[39m
Reading app/scripts/directives/eaa-gauge-data-chart-directive.js...[32mOK[39m
Writing dist/scripts/directives/eaa-gauge-data-chart-directive.js...[32mOK[39m
Copying [36mapp/scripts/directives/eaa-gauge-data-interactive-directive.js[39m -> [36mdist/scripts/directives/eaa-gauge-data-interactive-directive.js[39m
Reading app/scripts/directives/eaa-gauge-data-interactive-directive.js...[32mOK[39m
Writing dist/scripts/directives/eaa-gauge-data-interactive-directive.js...[32mOK[39m
Copying [36mapp/scripts/directives/eaa-gauge-data-interactive-springs-directive.js[39m -> [36mdist/scripts/directives/eaa-gauge-data-interactive-springs-directive.js[39m
Reading app/scripts/directives/eaa-gauge-data-interactive-springs-directive.js...[32mOK[39m
Writing dist/scripts/directives/eaa-gauge-data-interactive-springs-directive.js...[32mOK[39m
Copying [36mapp/data/eaaAquiferium-allSprings-markerData.csv[39m -> [36mdist/data/eaaAquiferium-allSprings-markerData.csv[39m
Reading app/data/eaaAquiferium-allSprings-markerData.csv...[32mOK[39m
Writing dist/data/eaaAquiferium-allSprings-markerData.csv...[32mOK[39m
Copying [36mapp/data/eaaAquiferium-allSpringsData-annualAvg-byDate.csv[39m -> [36mdist/data/eaaAquiferium-allSpringsData-annualAvg-byDate.csv[39m
Reading app/data/eaaAquiferium-allSpringsData-annualAvg-byDate.csv...[32mOK[39m
Writing dist/data/eaaAquiferium-allSpringsData-annualAvg-byDate.csv...[32mOK[39m
Copying [36mapp/data/eaaAquiferium-allSpringsData-annualAvg.csv[39m -> [36mdist/data/eaaAquiferium-allSpringsData-annualAvg.csv[39m
Reading app/data/eaaAquiferium-allSpringsData-annualAvg.csv...[32mOK[39m
Writing dist/data/eaaAquiferium-allSpringsData-annualAvg.csv...[32mOK[39m
Copying [36mapp/data/eaaAquiferium-allSpringsData-annualAvg_byGauge.csv[39m -> [36mdist/data/eaaAquiferium-allSpringsData-annualAvg_byGauge.csv[39m
Reading app/data/eaaAquiferium-allSpringsData-annualAvg_byGauge.csv...[32mOK[39m
Writing dist/data/eaaAquiferium-allSpringsData-annualAvg_byGauge.csv...[32mOK[39m
Copying [36mapp/data/geojson/NEW_major_aquifers_dd_reduced100.geo.json[39m -> [36mdist/data/geojson/NEW_major_aquifers_dd_reduced100.geo.json[39m
Reading app/data/geojson/NEW_major_aquifers_dd_reduced100.geo.json...[32mOK[39m
Writing dist/data/geojson/NEW_major_aquifers_dd_reduced100.geo.json...[32mOK[39m
Copying [36mapp/data/geojson/TX.geo.json[39m -> [36mdist/data/geojson/TX.geo.json[39m
Reading app/data/geojson/TX.geo.json...[32mOK[39m
Writing dist/data/geojson/TX.geo.json...[32mOK[39m
Copying [36mapp/data/geojson/USA.geo.json[39m -> [36mdist/data/geojson/USA.geo.json[39m
Reading app/data/geojson/USA.geo.json...[32mOK[39m
Writing dist/data/geojson/USA.geo.json...[32mOK[39m
Copying [36mapp/data/geojson/eaa_boundary_EPSG-3081.geo.json[39m -> [36mdist/data/geojson/eaa_boundary_EPSG-3081.geo.json[39m
Reading app/data/geojson/eaa_boundary_EPSG-3081.geo.json...[32mOK[39m
Writing dist/data/geojson/eaa_boundary_EPSG-3081.geo.json...[32mOK[39m
Copied [36m153[39m files

[4mRunning "copy:data" (copy) task[24m
Verifying property [36mcopy.data[39m exists in config...[32mOK[39m
Files: [36mapp/data[39m -> [36mdist/data[39m
Files: [36mapp/data/eaaAquiferium-allSprings-markerData.csv[39m -> [36mdist/data/eaaAquiferium-allSprings-markerData.csv[39m
Files: [36mapp/data/eaaAquiferium-allSpringsData-annualAvg-byDate.csv[39m -> [36mdist/data/eaaAquiferium-allSpringsData-annualAvg-byDate.csv[39m
Files: [36mapp/data/eaaAquiferium-allSpringsData-annualAvg.csv[39m -> [36mdist/data/eaaAquiferium-allSpringsData-annualAvg.csv[39m
Files: [36mapp/data/eaaAquiferium-allSpringsData-annualAvg_byGauge.csv[39m -> [36mdist/data/eaaAquiferium-allSpringsData-annualAvg_byGauge.csv[39m
Files: [36mapp/data/geojson[39m -> [36mdist/data/geojson[39m
Files: [36mapp/data/geojson/NEW_major_aquifers_dd_reduced100.geo.json[39m -> [36mdist/data/geojson/NEW_major_aquifers_dd_reduced100.geo.json[39m
Files: [36mapp/data/geojson/TX.geo.json[39m -> [36mdist/data/geojson/TX.geo.json[39m
Files: [36mapp/data/geojson/USA.geo.json[39m -> [36mdist/data/geojson/USA.geo.json[39m
Files: [36mapp/data/geojson/eaa_boundary_EPSG-3081.geo.json[39m -> [36mdist/data/geojson/eaa_boundary_EPSG-3081.geo.json[39m
Options: [36mprocessContent=false[39m, [36mprocessContentExclude=[][39m
Options: [36mprocessContent=false[39m, [36mprocessContentExclude=[][39m
Creating [36mdist/data[39m
Copying [36mapp/data/eaaAquiferium-allSprings-markerData.csv[39m -> [36mdist/data/eaaAquiferium-allSprings-markerData.csv[39m
Reading app/data/eaaAquiferium-allSprings-markerData.csv...[32mOK[39m
Writing dist/data/eaaAquiferium-allSprings-markerData.csv...[32mOK[39m
Copying [36mapp/data/eaaAquiferium-allSpringsData-annualAvg-byDate.csv[39m -> [36mdist/data/eaaAquiferium-allSpringsData-annualAvg-byDate.csv[39m
Reading app/data/eaaAquiferium-allSpringsData-annualAvg-byDate.csv...[32mOK[39m
Writing dist/data/eaaAquiferium-allSpringsData-annualAvg-byDate.csv...[32mOK[39m
Copying [36mapp/data/eaaAquiferium-allSpringsData-annualAvg.csv[39m -> [36mdist/data/eaaAquiferium-allSpringsData-annualAvg.csv[39m
Reading app/data/eaaAquiferium-allSpringsData-annualAvg.csv...[32mOK[39m
Writing dist/data/eaaAquiferium-allSpringsData-annualAvg.csv...[32mOK[39m
Copying [36mapp/data/eaaAquiferium-allSpringsData-annualAvg_byGauge.csv[39m -> [36mdist/data/eaaAquiferium-allSpringsData-annualAvg_byGauge.csv[39m
Reading app/data/eaaAquiferium-allSpringsData-annualAvg_byGauge.csv...[32mOK[39m
Writing dist/data/eaaAquiferium-allSpringsData-annualAvg_byGauge.csv...[32mOK[39m
Creating [36mdist/data/geojson[39m
Copying [36mapp/data/geojson/NEW_major_aquifers_dd_reduced100.geo.json[39m -> [36mdist/data/geojson/NEW_major_aquifers_dd_reduced100.geo.json[39m
Reading app/data/geojson/NEW_major_aquifers_dd_reduced100.geo.json...[32mOK[39m
Writing dist/data/geojson/NEW_major_aquifers_dd_reduced100.geo.json...[32mOK[39m
Copying [36mapp/data/geojson/TX.geo.json[39m -> [36mdist/data/geojson/TX.geo.json[39m
Reading app/data/geojson/TX.geo.json...[32mOK[39m
Writing dist/data/geojson/TX.geo.json...[32mOK[39m
Copying [36mapp/data/geojson/USA.geo.json[39m -> [36mdist/data/geojson/USA.geo.json[39m
Reading app/data/geojson/USA.geo.json...[32mOK[39m
Writing dist/data/geojson/USA.geo.json...[32mOK[39m
Copying [36mapp/data/geojson/eaa_boundary_EPSG-3081.geo.json[39m -> [36mdist/data/geojson/eaa_boundary_EPSG-3081.geo.json[39m
Reading app/data/geojson/eaa_boundary_EPSG-3081.geo.json...[32mOK[39m
Writing dist/data/geojson/eaa_boundary_EPSG-3081.geo.json...[32mOK[39m
Created [36m2[39m directories, copied [36m8[39m files

[4mRunning "copy:videos" (copy) task[24m
Verifying property [36mcopy.videos[39m exists in config...[32mOK[39m
Files: [36mapp/videos[39m -> [36mdist/videos[39m
Files: [36mapp/videos/San Marcos Springs_2.mp4[39m -> [36mdist/videos/San Marcos Springs_2.mp4[39m
Options: [36mprocessContent=false[39m, [36mprocessContentExclude=[][39m
Options: [36mprocessContent=false[39m, [36mprocessContentExclude=[][39m
Creating [36mdist/videos[39m
Copying [36mapp/videos/San Marcos Springs_2.mp4[39m -> [36mdist/videos/San Marcos Springs_2.mp4[39m
Reading app/videos/San Marcos Springs_2.mp4...[32mOK[39m
Writing dist/videos/San Marcos Springs_2.mp4...[32mOK[39m
Created [36m1[39m directories, copied [36m1[39m files

[4mRunning "cdnify" task[24m

[4mRunning "cdnify:dist" (cdnify) task[24m
Verifying property [36mcdnify.dist[39m exists in config...[32mOK[39m
File: [33m[no files][39m
Reading bower.json...[32mOK[39m
Parsing bower.json...[32mOK[39m
Going through [36mdist/404.html[39m, [36mdist/index.html[39m to update script refs
Reading dist/404.html...[32mOK[39m
Reading dist/index.html...[32mOK[39m
Writing dist/404.html...[32mOK[39m
Writing dist/index.html...[32mOK[39m

[4mRunning "cssmin" task[24m

[4mRunning "uglify" task[24m

[4mRunning "uglify:generated" (uglify) task[24m
Verifying property [36muglify.generated[39m exists in config...[32mOK[39m
Files: [36m.tmp/concat/scripts/vendor.js[39m -> [36mdist\scripts\vendor.js[39m
Files: [36m.tmp/concat/scripts/scripts.js[39m -> [36mdist\scripts\scripts.js[39m
Options: [36mbanner=""[39m, [36mfooter=""[39m, [36mcompress={"warnings":false}[39m, [36mmangle={}[39m, [36mbeautify=false[39m, [36mreport=false[39m
Minifying with UglifyJS...Reading .tmp/concat/scripts/vendor.js...[32mOK[39m
[32mOK[39m
Writing dist\scripts\vendor.js...[32mOK[39m
File "dist\scripts\vendor.js" created.
Minifying with UglifyJS...Reading .tmp/concat/scripts/scripts.js...[32mOK[39m
[32mOK[39m
Writing dist\scripts\scripts.js...[32mOK[39m
File "dist\scripts\scripts.js" created.

[4mRunning "rev" task[24m

[4mRunning "rev:dist" (rev) task[24m
Verifying property [36mrev.dist[39m exists in config...[32mOK[39m
Files: [36mdist/scripts/app.js[39m, [36mdist/scripts/controllers/about-controller.js[39m, [36mdist/scripts/controllers/caves-karsts-controller.js[39m, [36mdist/scripts/controllers/conservation-controller.js[39m, [36mdist/scripts/controllers/contact-controller.js[39m, [36mdist/scripts/controllers/explore-controller.js[39m, [36mdist/scripts/controllers/navigation-controller.js[39m, [36mdist/scripts/controllers/springs-controller.js[39m, [36mdist/scripts/directives/eaa-aquifers-boundary-map-directive.js[39m, [36mdist/scripts/directives/eaa-aquifers-map-directive.js[39m, [36mdist/scripts/directives/eaa-gauge-data-chart-directive.js[39m, [36mdist/scripts/directives/eaa-gauge-data-interactive-directive.js[39m, [36mdist/scripts/directives/eaa-gauge-data-interactive-springs-directive.js[39m, [36mdist/scripts/scripts.js[39m, [36mdist/scripts/vendor.js[39m, [36mdist/images/about/concept-01-opt.jpg[39m, [36mdist/images/about/concept-02-opt.jpg[39m, [36mdist/images/caves_karsts/DSC_0318_web_hd.jpg[39m, [36mdist/images/caves_karsts/DSC_0318_web_lg.jpg[39m, [36mdist/images/caves_karsts/DSC_0318_web_md.jpg[39m, [36mdist/images/caves_karsts/DSC_0318_web_sm.jpg[39m, [36mdist/images/caves_karsts/DSC_0318_web_xlg.jpg[39m, [36mdist/images/caves_karsts/For-Doty1_1280x979_web_hd.jpg[39m, [36mdist/images/caves_karsts/For-Doty1_1280x979_web_lg.jpg[39m, [36mdist/images/caves_karsts/For-Doty1_1280x979_web_md.jpg[39m, [36mdist/images/caves_karsts/For-Doty1_1280x979_web_sm.jpg[39m, [36mdist/images/caves_karsts/For-Doty1_1280x979_web_xlg.jpg[39m, [36mdist/images/caves_karsts/Valdina_Farms_Cave_IMG0017_web_hd.jpg[39m, [36mdist/images/caves_karsts/Valdina_Farms_Cave_IMG0017_web_lg.jpg[39m, [36mdist/images/caves_karsts/Valdina_Farms_Cave_IMG0017_web_md.jpg[39m, [36mdist/images/caves_karsts/Valdina_Farms_Cave_IMG0017_web_sm.jpg[39m, [36mdist/images/caves_karsts/Valdina_Farms_Cave_IMG0017_web_xlg.jpg[39m, [36mdist/images/caves_karsts/edwards-limestone_web_hd.jpg[39m, [36mdist/images/caves_karsts/edwards-limestone_web_lg.jpg[39m, [36mdist/images/caves_karsts/edwards-limestone_web_md.jpg[39m, [36mdist/images/caves_karsts/edwards-limestone_web_sm.jpg[39m, [36mdist/images/caves_karsts/edwards-limestone_web_xlg.jpg[39m, [36mdist/images/caves_karsts/valdina_8r_web_hd.jpg[39m, [36mdist/images/caves_karsts/valdina_8r_web_lg.jpg[39m, [36mdist/images/caves_karsts/valdina_8r_web_md.jpg[39m, [36mdist/images/caves_karsts/valdina_8r_web_sm.jpg[39m, [36mdist/images/caves_karsts/valdina_8r_web_xlg.jpg[39m, [36mdist/images/conservation/05May_MartinMarietta_CMYK_web_hd.jpg[39m, [36mdist/images/conservation/05May_MartinMarietta_CMYK_web_lg.jpg[39m, [36mdist/images/conservation/05May_MartinMarietta_CMYK_web_md.jpg[39m, [36mdist/images/conservation/05May_MartinMarietta_CMYK_web_sm.jpg[39m, [36mdist/images/conservation/05May_MartinMarietta_CMYK_web_xlg.jpg[39m, [36mdist/images/conservation/07Jul_PumpStation_CMYK_web_hd.jpg[39m, [36mdist/images/conservation/07Jul_PumpStation_CMYK_web_lg.jpg[39m, [36mdist/images/conservation/07Jul_PumpStation_CMYK_web_md.jpg[39m, [36mdist/images/conservation/07Jul_PumpStation_CMYK_web_sm.jpg[39m, [36mdist/images/conservation/07Jul_PumpStation_CMYK_web_xlg.jpg[39m, [36mdist/images/conservation/08Aug_Landa_CMYK_web_hd.jpg[39m, [36mdist/images/conservation/08Aug_Landa_CMYK_web_lg.jpg[39m, [36mdist/images/conservation/08Aug_Landa_CMYK_web_md.jpg[39m, [36mdist/images/conservation/08Aug_Landa_CMYK_web_sm.jpg[39m, [36mdist/images/conservation/08Aug_Landa_CMYK_web_xlg.jpg[39m, [36mdist/images/conservation/Board-Room-corner_Panorama1-P_web_hd.jpg[39m, [36mdist/images/conservation/Board-Room-corner_Panorama1-P_web_lg.jpg[39m, [36mdist/images/conservation/Board-Room-corner_Panorama1-P_web_md.jpg[39m, [36mdist/images/conservation/Board-Room-corner_Panorama1-P_web_sm.jpg[39m, [36mdist/images/conservation/Board-Room-corner_Panorama1-P_web_xlg.jpg[39m, [36mdist/images/conservation/EAA-rainGauge_web_hd.jpg[39m, [36mdist/images/conservation/EAA-rainGauge_web_lg.jpg[39m, [36mdist/images/conservation/EAA-rainGauge_web_md.jpg[39m, [36mdist/images/conservation/EAA-rainGauge_web_sm.jpg[39m, [36mdist/images/conservation/EAA-rainGauge_web_xlg.jpg[39m, [36mdist/images/conservation/EAAgilleland_web_hd.jpg[39m, [36mdist/images/conservation/EAAgilleland_web_lg.jpg[39m, [36mdist/images/conservation/EAAgilleland_web_md.jpg[39m, [36mdist/images/conservation/EAAgilleland_web_sm.jpg[39m, [36mdist/images/conservation/EAAgilleland_web_xlg.jpg[39m, [36mdist/images/conservation/GBRA_20121017_6763_web_hd.jpg[39m, [36mdist/images/conservation/GBRA_20121017_6763_web_lg.jpg[39m, [36mdist/images/conservation/GBRA_20121017_6763_web_md.jpg[39m, [36mdist/images/conservation/GBRA_20121017_6763_web_sm.jpg[39m, [36mdist/images/conservation/GBRA_20121017_6763_web_xlg.jpg[39m, [36mdist/images/conservation/SM_salamander_XO5J9266_web_hd.jpg[39m, [36mdist/images/conservation/SM_salamander_XO5J9266_web_lg.jpg[39m, [36mdist/images/conservation/SM_salamander_XO5J9266_web_md.jpg[39m, [36mdist/images/conservation/SM_salamander_XO5J9266_web_sm.jpg[39m, [36mdist/images/conservation/SM_salamander_XO5J9266_web_xlg.jpg[39m, [36mdist/images/conservation/XO5J7652_web_hd.jpg[39m, [36mdist/images/conservation/XO5J7652_web_lg.jpg[39m, [36mdist/images/conservation/XO5J7652_web_md.jpg[39m, [36mdist/images/conservation/XO5J7652_web_sm.jpg[39m, [36mdist/images/conservation/XO5J7652_web_xlg.jpg[39m, [36mdist/images/eaa_branding/eaa-logo-bw.png[39m, [36mdist/images/eaa_branding/eaa-logo-color.png[39m, [36mdist/images/eaa_branding/eahcp-logo-color.png[39m, [36mdist/images/springs/Boat_0054_web_hd.jpg[39m, [36mdist/images/springs/Boat_0054_web_lg.jpg[39m, [36mdist/images/springs/Boat_0054_web_md.jpg[39m, [36mdist/images/springs/Boat_0054_web_sm.jpg[39m, [36mdist/images/springs/Boat_0054_web_xlg.jpg[39m, [36mdist/images/springs/EAAOriparianrandy20120801_0404_web_hd.jpg[39m, [36mdist/images/springs/EAAOriparianrandy20120801_0404_web_lg.jpg[39m, [36mdist/images/springs/EAAOriparianrandy20120801_0404_web_md.jpg[39m, [36mdist/images/springs/EAAOriparianrandy20120801_0404_web_sm.jpg[39m, [36mdist/images/springs/EAAOriparianrandy20120801_0404_web_xlg.jpg[39m, [36mdist/images/springs/EAAaquarena20120702_8316_web_hd.jpg[39m, [36mdist/images/springs/EAAaquarena20120702_8316_web_lg.jpg[39m, [36mdist/images/springs/EAAaquarena20120702_8316_web_md.jpg[39m, [36mdist/images/springs/EAAaquarena20120702_8316_web_sm.jpg[39m, [36mdist/images/springs/EAAaquarena20120702_8316_web_xlg.jpg[39m, [36mdist/images/springs/EAArice20120503_3620_web_hd.jpg[39m, [36mdist/images/springs/EAArice20120503_3620_web_lg.jpg[39m, [36mdist/images/springs/EAArice20120503_3620_web_md.jpg[39m, [36mdist/images/springs/EAArice20120503_3620_web_sm.jpg[39m, [36mdist/images/springs/EAArice20120503_3620_web_xlg.jpg[39m, [36mdist/images/springs/Looking-Underwater_0017_web_hd.jpg[39m, [36mdist/images/springs/Looking-Underwater_0017_web_lg.jpg[39m, [36mdist/images/springs/Looking-Underwater_0017_web_md.jpg[39m, [36mdist/images/springs/Looking-Underwater_0017_web_sm.jpg[39m, [36mdist/images/springs/Looking-Underwater_0017_web_xlg.jpg[39m, [36mdist/images/springs/Looking-Underwater_0020_web_hd.jpg[39m, [36mdist/images/springs/Looking-Underwater_0020_web_lg.jpg[39m, [36mdist/images/springs/Looking-Underwater_0020_web_md.jpg[39m, [36mdist/images/springs/Looking-Underwater_0020_web_sm.jpg[39m, [36mdist/images/springs/Looking-Underwater_0020_web_xlg.jpg[39m, [36mdist/images/springs/aerial_view_web_hd.jpg[39m, [36mdist/images/springs/aerial_view_web_lg.jpg[39m, [36mdist/images/springs/aerial_view_web_md.jpg[39m, [36mdist/images/springs/aerial_view_web_sm.jpg[39m, [36mdist/images/springs/aerial_view_web_xlg.jpg[39m, [36mdist/images/springs/com-springs2_web_hd.jpg[39m, [36mdist/images/springs/com-springs2_web_lg.jpg[39m, [36mdist/images/springs/com-springs2_web_md.jpg[39m, [36mdist/images/springs/com-springs2_web_sm.jpg[39m, [36mdist/images/springs/com-springs2_web_xlg.jpg[39m, [36mdist/images/springs/waterfall_web_hd.jpg[39m, [36mdist/images/springs/waterfall_web_lg.jpg[39m, [36mdist/images/springs/waterfall_web_md.jpg[39m, [36mdist/images/springs/waterfall_web_sm.jpg[39m, [36mdist/images/springs/waterfall_web_xlg.jpg[39m -> [36msrc[39m
Options: [36malgorithm="md5"[39m, [36mlength=8[39m
Hashing dist/scripts/app.js...Reading dist/scripts/app.js...[32mOK[39m
[32mOK[39m
[32m>> [39m95fa1f231bab55cd4c97e0f60eed88b3
dist/scripts/app.js [32m>> [39m95fa1f23.app.js
Hashing dist/scripts/controllers/about-controller.js...Reading dist/scripts/controllers/about-controller.js...[32mOK[39m
[32mOK[39m
[32m>> [39m32c94b129e44a03cd00f9c2cfef6b649
dist/scripts/controllers/about-controller.js [32m>> [39m32c94b12.about-controller.js
Hashing dist/scripts/controllers/caves-karsts-controller.js...Reading dist/scripts/controllers/caves-karsts-controller.js...[32mOK[39m
[32mOK[39m
[32m>> [39m91bb4cd279cdcb72de236c9fb0dbdfd8
dist/scripts/controllers/caves-karsts-controller.js [32m>> [39m91bb4cd2.caves-karsts-controller.js
Hashing dist/scripts/controllers/conservation-controller.js...Reading dist/scripts/controllers/conservation-controller.js...[32mOK[39m
[32mOK[39m
[32m>> [39m1f82315e8e09a79c6e382a50f2111010
dist/scripts/controllers/conservation-controller.js [32m>> [39m1f82315e.conservation-controller.js
Hashing dist/scripts/controllers/contact-controller.js...Reading dist/scripts/controllers/contact-controller.js...[32mOK[39m
[32mOK[39m
[32m>> [39m1a78d559abacc72b273347813682e339
dist/scripts/controllers/contact-controller.js [32m>> [39m1a78d559.contact-controller.js
Hashing dist/scripts/controllers/explore-controller.js...Reading dist/scripts/controllers/explore-controller.js...[32mOK[39m
[32mOK[39m
[32m>> [39m01ac2d70a27d10fe82eac2bc177b92f2
dist/scripts/controllers/explore-controller.js [32m>> [39m01ac2d70.explore-controller.js
Hashing dist/scripts/controllers/navigation-controller.js...Reading dist/scripts/controllers/navigation-controller.js...[32mOK[39m
[32mOK[39m
[32m>> [39mb7593bd9f23bbf5835824188df7367d0
dist/scripts/controllers/navigation-controller.js [32m>> [39mb7593bd9.navigation-controller.js
Hashing dist/scripts/controllers/springs-controller.js...Reading dist/scripts/controllers/springs-controller.js...[32mOK[39m
[32mOK[39m
[32m>> [39me6039a60bbb8c70dea5960d7bce2d7ec
dist/scripts/controllers/springs-controller.js [32m>> [39me6039a60.springs-controller.js
Hashing dist/scripts/directives/eaa-aquifers-boundary-map-directive.js...Reading dist/scripts/directives/eaa-aquifers-boundary-map-directive.js...[32mOK[39m
[32mOK[39m
[32m>> [39mabd70f93b930ecd931a1f4bc280220a3
dist/scripts/directives/eaa-aquifers-boundary-map-directive.js [32m>> [39mabd70f93.eaa-aquifers-boundary-map-directive.js
Hashing dist/scripts/directives/eaa-aquifers-map-directive.js...Reading dist/scripts/directives/eaa-aquifers-map-directive.js...[32mOK[39m
[32mOK[39m
[32m>> [39m145d52a65a40a0b8595abb761405d91d
dist/scripts/directives/eaa-aquifers-map-directive.js [32m>> [39m145d52a6.eaa-aquifers-map-directive.js
Hashing dist/scripts/directives/eaa-gauge-data-chart-directive.js...Reading dist/scripts/directives/eaa-gauge-data-chart-directive.js...[32mOK[39m
[32mOK[39m
[32m>> [39ma999a88895cfcf9fc9c0d9cae469abed
dist/scripts/directives/eaa-gauge-data-chart-directive.js [32m>> [39ma999a888.eaa-gauge-data-chart-directive.js
Hashing dist/scripts/directives/eaa-gauge-data-interactive-directive.js...Reading dist/scripts/directives/eaa-gauge-data-interactive-directive.js...[32mOK[39m
[32mOK[39m
[32m>> [39m6a2073e61e61ad14bfd7c5a1b9c0b549
dist/scripts/directives/eaa-gauge-data-interactive-directive.js [32m>> [39m6a2073e6.eaa-gauge-data-interactive-directive.js
Hashing dist/scripts/directives/eaa-gauge-data-interactive-springs-directive.js...Reading dist/scripts/directives/eaa-gauge-data-interactive-springs-directive.js...[32mOK[39m
[32mOK[39m
[32m>> [39me64946a8f656f3de2ba9b81392734abb
dist/scripts/directives/eaa-gauge-data-interactive-springs-directive.js [32m>> [39me64946a8.eaa-gauge-data-interactive-springs-directive.js
Hashing dist/scripts/scripts.js...Reading dist/scripts/scripts.js...[32mOK[39m
[32mOK[39m
[32m>> [39m279c9928901eb35b63409cb7d18327b6
dist/scripts/scripts.js [32m>> [39m279c9928.scripts.js
Hashing dist/scripts/vendor.js...Reading dist/scripts/vendor.js...[32mOK[39m
[32mOK[39m
[32m>> [39m5a7fecf27bc5ed10915b2e25c1935c16
dist/scripts/vendor.js [32m>> [39m5a7fecf2.vendor.js
Hashing dist/images/about/concept-01-opt.jpg...Reading dist/images/about/concept-01-opt.jpg...[32mOK[39m
[32mOK[39m
[32m>> [39mb4e715d0cdaad9fc37d8582c09812edd
dist/images/about/concept-01-opt.jpg [32m>> [39mb4e715d0.concept-01-opt.jpg
Hashing dist/images/about/concept-02-opt.jpg...Reading dist/images/about/concept-02-opt.jpg...[32mOK[39m
[32mOK[39m
[32m>> [39m1135c21af134c2f6c857e323af5edcd6
dist/images/about/concept-02-opt.jpg [32m>> [39m1135c21a.concept-02-opt.jpg
Hashing dist/images/caves_karsts/DSC_0318_web_hd.jpg...Reading dist/images/caves_karsts/DSC_0318_web_hd.jpg...[32mOK[39m
[32mOK[39m
[32m>> [39ma45e684bc217d1ef2bbedc7eb5d9f5b7
dist/images/caves_karsts/DSC_0318_web_hd.jpg [32m>> [39ma45e684b.DSC_0318_web_hd.jpg
Hashing dist/images/caves_karsts/DSC_0318_web_lg.jpg...Reading dist/images/caves_karsts/DSC_0318_web_lg.jpg...[32mOK[39m
[32mOK[39m
[32m>> [39mb8425a76548bdb3d6399b28f23c60b60
dist/images/caves_karsts/DSC_0318_web_lg.jpg [32m>> [39mb8425a76.DSC_0318_web_lg.jpg
Hashing dist/images/caves_karsts/DSC_0318_web_md.jpg...Reading dist/images/caves_karsts/DSC_0318_web_md.jpg...[32mOK[39m
[32mOK[39m
[32m>> [39m96a93852ee42ba49c9ac632dd26fb34c
dist/images/caves_karsts/DSC_0318_web_md.jpg [32m>> [39m96a93852.DSC_0318_web_md.jpg
Hashing dist/images/caves_karsts/DSC_0318_web_sm.jpg...Reading dist/images/caves_karsts/DSC_0318_web_sm.jpg...[32mOK[39m
[32mOK[39m
[32m>> [39m67a7739d399e48a9984d153d46c34587
dist/images/caves_karsts/DSC_0318_web_sm.jpg [32m>> [39m67a7739d.DSC_0318_web_sm.jpg
Hashing dist/images/caves_karsts/DSC_0318_web_xlg.jpg...Reading dist/images/caves_karsts/DSC_0318_web_xlg.jpg...[32mOK[39m
[32mOK[39m
[32m>> [39m1aa3fd72d7f40c35fc459297b0471fb5
dist/images/caves_karsts/DSC_0318_web_xlg.jpg [32m>> [39m1aa3fd72.DSC_0318_web_xlg.jpg
Hashing dist/images/caves_karsts/For-Doty1_1280x979_web_hd.jpg...Reading dist/images/caves_karsts/For-Doty1_1280x979_web_hd.jpg...[32mOK[39m
[32mOK[39m
[32m>> [39m525cb81960852f498b8844e5b8a85e03
dist/images/caves_karsts/For-Doty1_1280x979_web_hd.jpg [32m>> [39m525cb819.For-Doty1_1280x979_web_hd.jpg
Hashing dist/images/caves_karsts/For-Doty1_1280x979_web_lg.jpg...Reading dist/images/caves_karsts/For-Doty1_1280x979_web_lg.jpg...[32mOK[39m
[32mOK[39m
[32m>> [39m3e9f877a1b5d4fbb70b857af786eb26f
dist/images/caves_karsts/For-Doty1_1280x979_web_lg.jpg [32m>> [39m3e9f877a.For-Doty1_1280x979_web_lg.jpg
Hashing dist/images/caves_karsts/For-Doty1_1280x979_web_md.jpg...Reading dist/images/caves_karsts/For-Doty1_1280x979_web_md.jpg...[32mOK[39m
[32mOK[39m
[32m>> [39mbb306c8fb5dad08d4f81b7bf782f9552
dist/images/caves_karsts/For-Doty1_1280x979_web_md.jpg [32m>> [39mbb306c8f.For-Doty1_1280x979_web_md.jpg
Hashing dist/images/caves_karsts/For-Doty1_1280x979_web_sm.jpg...Reading dist/images/caves_karsts/For-Doty1_1280x979_web_sm.jpg...[32mOK[39m
[32mOK[39m
[32m>> [39m69222ffd05a3230d600f891c19313443
dist/images/caves_karsts/For-Doty1_1280x979_web_sm.jpg [32m>> [39m69222ffd.For-Doty1_1280x979_web_sm.jpg
Hashing dist/images/caves_karsts/For-Doty1_1280x979_web_xlg.jpg...Reading dist/images/caves_karsts/For-Doty1_1280x979_web_xlg.jpg...[32mOK[39m
[32mOK[39m
[32m>> [39mbbba590424bcf24d76b0653bb83056d7
dist/images/caves_karsts/For-Doty1_1280x979_web_xlg.jpg [32m>> [39mbbba5904.For-Doty1_1280x979_web_xlg.jpg
Hashing dist/images/caves_karsts/Valdina_Farms_Cave_IMG0017_web_hd.jpg...Reading dist/images/caves_karsts/Valdina_Farms_Cave_IMG0017_web_hd.jpg...[32mOK[39m
[32mOK[39m
[32m>> [39m3e8b005992d4675187e2ecbcbc59f375
dist/images/caves_karsts/Valdina_Farms_Cave_IMG0017_web_hd.jpg [32m>> [39m3e8b0059.Valdina_Farms_Cave_IMG0017_web_hd.jpg
Hashing dist/images/caves_karsts/Valdina_Farms_Cave_IMG0017_web_lg.jpg...Reading dist/images/caves_karsts/Valdina_Farms_Cave_IMG0017_web_lg.jpg...[32mOK[39m
[32mOK[39m
[32m>> [39m4822dcc9793035835feae8aecec7677b
dist/images/caves_karsts/Valdina_Farms_Cave_IMG0017_web_lg.jpg [32m>> [39m4822dcc9.Valdina_Farms_Cave_IMG0017_web_lg.jpg
Hashing dist/images/caves_karsts/Valdina_Farms_Cave_IMG0017_web_md.jpg...Reading dist/images/caves_karsts/Valdina_Farms_Cave_IMG0017_web_md.jpg...[32mOK[39m
[32mOK[39m
[32m>> [39m30aa01ec220c7ad20b82b280473a86b8
dist/images/caves_karsts/Valdina_Farms_Cave_IMG0017_web_md.jpg [32m>> [39m30aa01ec.Valdina_Farms_Cave_IMG0017_web_md.jpg
Hashing dist/images/caves_karsts/Valdina_Farms_Cave_IMG0017_web_sm.jpg...Reading dist/images/caves_karsts/Valdina_Farms_Cave_IMG0017_web_sm.jpg...[32mOK[39m
[32mOK[39m
[32m>> [39mc1d9f8cf84ffa7f5ec6d8951250b9957
dist/images/caves_karsts/Valdina_Farms_Cave_IMG0017_web_sm.jpg [32m>> [39mc1d9f8cf.Valdina_Farms_Cave_IMG0017_web_sm.jpg
Hashing dist/images/caves_karsts/Valdina_Farms_Cave_IMG0017_web_xlg.jpg...Reading dist/images/caves_karsts/Valdina_Farms_Cave_IMG0017_web_xlg.jpg...[32mOK[39m
[32mOK[39m
[32m>> [39maa4033d3117343bcb21a97404a541384
dist/images/caves_karsts/Valdina_Farms_Cave_IMG0017_web_xlg.jpg [32m>> [39maa4033d3.Valdina_Farms_Cave_IMG0017_web_xlg.jpg
Hashing dist/images/caves_karsts/edwards-limestone_web_hd.jpg...Reading dist/images/caves_karsts/edwards-limestone_web_hd.jpg...[32mOK[39m
[32mOK[39m
[32m>> [39m9495531f686876a04578218ceaed35a8
dist/images/caves_karsts/edwards-limestone_web_hd.jpg [32m>> [39m9495531f.edwards-limestone_web_hd.jpg
Hashing dist/images/caves_karsts/edwards-limestone_web_lg.jpg...Reading dist/images/caves_karsts/edwards-limestone_web_lg.jpg...[32mOK[39m
[32mOK[39m
[32m>> [39ma4c40630002bc00c6918d34cd23470d6
dist/images/caves_karsts/edwards-limestone_web_lg.jpg [32m>> [39ma4c40630.edwards-limestone_web_lg.jpg
Hashing dist/images/caves_karsts/edwards-limestone_web_md.jpg...Reading dist/images/caves_karsts/edwards-limestone_web_md.jpg...[32mOK[39m
[32mOK[39m
[32m>> [39m76fb4a385eb45d97771f1387268cccd0
dist/images/caves_karsts/edwards-limestone_web_md.jpg [32m>> [39m76fb4a38.edwards-limestone_web_md.jpg
Hashing dist/images/caves_karsts/edwards-limestone_web_sm.jpg...Reading dist/images/caves_karsts/edwards-limestone_web_sm.jpg...[32mOK[39m
[32mOK[39m
[32m>> [39m85d77ea57c212ed6d41d6dcce437cc88
dist/images/caves_karsts/edwards-limestone_web_sm.jpg [32m>> [39m85d77ea5.edwards-limestone_web_sm.jpg
Hashing dist/images/caves_karsts/edwards-limestone_web_xlg.jpg...Reading dist/images/caves_karsts/edwards-limestone_web_xlg.jpg...[32mOK[39m
[32mOK[39m
[32m>> [39md70dc49fef9766a0f1fc58a1a01e6469
dist/images/caves_karsts/edwards-limestone_web_xlg.jpg [32m>> [39md70dc49f.edwards-limestone_web_xlg.jpg
Hashing dist/images/caves_karsts/valdina_8r_web_hd.jpg...Reading dist/images/caves_karsts/valdina_8r_web_hd.jpg...[32mOK[39m
[32mOK[39m
[32m>> [39mb0886dcb9dbf61f02cc0afb1e08c2afc
dist/images/caves_karsts/valdina_8r_web_hd.jpg [32m>> [39mb0886dcb.valdina_8r_web_hd.jpg
Hashing dist/images/caves_karsts/valdina_8r_web_lg.jpg...Reading dist/images/caves_karsts/valdina_8r_web_lg.jpg...[32mOK[39m
[32mOK[39m
[32m>> [39m8878586abccbd8ef1df22482dd110838
dist/images/caves_karsts/valdina_8r_web_lg.jpg [32m>> [39m8878586a.valdina_8r_web_lg.jpg
Hashing dist/images/caves_karsts/valdina_8r_web_md.jpg...Reading dist/images/caves_karsts/valdina_8r_web_md.jpg...[32mOK[39m
[32mOK[39m
[32m>> [39m768c28152289b8527dbdac5ce3eef75a
dist/images/caves_karsts/valdina_8r_web_md.jpg [32m>> [39m768c2815.valdina_8r_web_md.jpg
Hashing dist/images/caves_karsts/valdina_8r_web_sm.jpg...Reading dist/images/caves_karsts/valdina_8r_web_sm.jpg...[32mOK[39m
[32mOK[39m
[32m>> [39mec207bcea31396e0f6b6803382b6d3e3
dist/images/caves_karsts/valdina_8r_web_sm.jpg [32m>> [39mec207bce.valdina_8r_web_sm.jpg
Hashing dist/images/caves_karsts/valdina_8r_web_xlg.jpg...Reading dist/images/caves_karsts/valdina_8r_web_xlg.jpg...[32mOK[39m
[32mOK[39m
[32m>> [39m679a764ed1445792fcee719cb92ea649
dist/images/caves_karsts/valdina_8r_web_xlg.jpg [32m>> [39m679a764e.valdina_8r_web_xlg.jpg
Hashing dist/images/conservation/05May_MartinMarietta_CMYK_web_hd.jpg...Reading dist/images/conservation/05May_MartinMarietta_CMYK_web_hd.jpg...[32mOK[39m
[32mOK[39m
[32m>> [39m54be8d0f9bb9eb2138397773f6ed5c7a
dist/images/conservation/05May_MartinMarietta_CMYK_web_hd.jpg [32m>> [39m54be8d0f.05May_MartinMarietta_CMYK_web_hd.jpg
Hashing dist/images/conservation/05May_MartinMarietta_CMYK_web_lg.jpg...Reading dist/images/conservation/05May_MartinMarietta_CMYK_web_lg.jpg...[32mOK[39m
[32mOK[39m
[32m>> [39m6cebcc8cbfd26fb0bce47cb3e79941d4
dist/images/conservation/05May_MartinMarietta_CMYK_web_lg.jpg [32m>> [39m6cebcc8c.05May_MartinMarietta_CMYK_web_lg.jpg
Hashing dist/images/conservation/05May_MartinMarietta_CMYK_web_md.jpg...Reading dist/images/conservation/05May_MartinMarietta_CMYK_web_md.jpg...[32mOK[39m
[32mOK[39m
[32m>> [39m42553ba4e0ae741cb972225d4fc4b21c
dist/images/conservation/05May_MartinMarietta_CMYK_web_md.jpg [32m>> [39m42553ba4.05May_MartinMarietta_CMYK_web_md.jpg
Hashing dist/images/conservation/05May_MartinMarietta_CMYK_web_sm.jpg...Reading dist/images/conservation/05May_MartinMarietta_CMYK_web_sm.jpg...[32mOK[39m
[32mOK[39m
[32m>> [39m9e031463c0a32828ac1e48303df00ed3
dist/images/conservation/05May_MartinMarietta_CMYK_web_sm.jpg [32m>> [39m9e031463.05May_MartinMarietta_CMYK_web_sm.jpg
Hashing dist/images/conservation/05May_MartinMarietta_CMYK_web_xlg.jpg...Reading dist/images/conservation/05May_MartinMarietta_CMYK_web_xlg.jpg...[32mOK[39m
[32mOK[39m
[32m>> [39mb5c425b46ac067d23b10e999ca59aeb9
dist/images/conservation/05May_MartinMarietta_CMYK_web_xlg.jpg [32m>> [39mb5c425b4.05May_MartinMarietta_CMYK_web_xlg.jpg
Hashing dist/images/conservation/07Jul_PumpStation_CMYK_web_hd.jpg...Reading dist/images/conservation/07Jul_PumpStation_CMYK_web_hd.jpg...[32mOK[39m
[32mOK[39m
[32m>> [39mec0fe63eac8a94aa62d891d8080a0963
dist/images/conservation/07Jul_PumpStation_CMYK_web_hd.jpg [32m>> [39mec0fe63e.07Jul_PumpStation_CMYK_web_hd.jpg
Hashing dist/images/conservation/07Jul_PumpStation_CMYK_web_lg.jpg...Reading dist/images/conservation/07Jul_PumpStation_CMYK_web_lg.jpg...[32mOK[39m
[32mOK[39m
[32m>> [39ma27380eabb9a65b958981594181d73d3
dist/images/conservation/07Jul_PumpStation_CMYK_web_lg.jpg [32m>> [39ma27380ea.07Jul_PumpStation_CMYK_web_lg.jpg
Hashing dist/images/conservation/07Jul_PumpStation_CMYK_web_md.jpg...Reading dist/images/conservation/07Jul_PumpStation_CMYK_web_md.jpg...[32mOK[39m
[32mOK[39m
[32m>> [39m9ac1a27bcbfe0045c1639f5d6af9f918
dist/images/conservation/07Jul_PumpStation_CMYK_web_md.jpg [32m>> [39m9ac1a27b.07Jul_PumpStation_CMYK_web_md.jpg
Hashing dist/images/conservation/07Jul_PumpStation_CMYK_web_sm.jpg...Reading dist/images/conservation/07Jul_PumpStation_CMYK_web_sm.jpg...[32mOK[39m
[32mOK[39m
[32m>> [39mbb38a05b28217dd70631a9754adb1641
dist/images/conservation/07Jul_PumpStation_CMYK_web_sm.jpg [32m>> [39mbb38a05b.07Jul_PumpStation_CMYK_web_sm.jpg
Hashing dist/images/conservation/07Jul_PumpStation_CMYK_web_xlg.jpg...Reading dist/images/conservation/07Jul_PumpStation_CMYK_web_xlg.jpg...[32mOK[39m
[32mOK[39m
[32m>> [39ma37f8642ce865c6b887fb3d9a7f4fb8d
dist/images/conservation/07Jul_PumpStation_CMYK_web_xlg.jpg [32m>> [39ma37f8642.07Jul_PumpStation_CMYK_web_xlg.jpg
Hashing dist/images/conservation/08Aug_Landa_CMYK_web_hd.jpg...Reading dist/images/conservation/08Aug_Landa_CMYK_web_hd.jpg...[32mOK[39m
[32mOK[39m
[32m>> [39m923c310cd7b32388040e70e21ad54bfc
dist/images/conservation/08Aug_Landa_CMYK_web_hd.jpg [32m>> [39m923c310c.08Aug_Landa_CMYK_web_hd.jpg
Hashing dist/images/conservation/08Aug_Landa_CMYK_web_lg.jpg...Reading dist/images/conservation/08Aug_Landa_CMYK_web_lg.jpg...[32mOK[39m
[32mOK[39m
[32m>> [39mdda12c3e1df63b32cb419f3a75447b54
dist/images/conservation/08Aug_Landa_CMYK_web_lg.jpg [32m>> [39mdda12c3e.08Aug_Landa_CMYK_web_lg.jpg
Hashing dist/images/conservation/08Aug_Landa_CMYK_web_md.jpg...Reading dist/images/conservation/08Aug_Landa_CMYK_web_md.jpg...[32mOK[39m
[32mOK[39m
[32m>> [39m9b263fd1d4fb1131f2db3a747d699071
dist/images/conservation/08Aug_Landa_CMYK_web_md.jpg [32m>> [39m9b263fd1.08Aug_Landa_CMYK_web_md.jpg
Hashing dist/images/conservation/08Aug_Landa_CMYK_web_sm.jpg...Reading dist/images/conservation/08Aug_Landa_CMYK_web_sm.jpg...[32mOK[39m
[32mOK[39m
[32m>> [39m1cedc3e681b76c5a097c20057e72b487
dist/images/conservation/08Aug_Landa_CMYK_web_sm.jpg [32m>> [39m1cedc3e6.08Aug_Landa_CMYK_web_sm.jpg
Hashing dist/images/conservation/08Aug_Landa_CMYK_web_xlg.jpg...Reading dist/images/conservation/08Aug_Landa_CMYK_web_xlg.jpg...[32mOK[39m
[32mOK[39m
[32m>> [39ma31854f0cd2c230210f3abefb88ebcd9
dist/images/conservation/08Aug_Landa_CMYK_web_xlg.jpg [32m>> [39ma31854f0.08Aug_Landa_CMYK_web_xlg.jpg
Hashing dist/images/conservation/Board-Room-corner_Panorama1-P_web_hd.jpg...Reading dist/images/conservation/Board-Room-corner_Panorama1-P_web_hd.jpg...[32mOK[39m
[32mOK[39m
[32m>> [39m873099dedf41422bd34b927dbb100a0a
dist/images/conservation/Board-Room-corner_Panorama1-P_web_hd.jpg [32m>> [39m873099de.Board-Room-corner_Panorama1-P_web_hd.jpg
Hashing dist/images/conservation/Board-Room-corner_Panorama1-P_web_lg.jpg...Reading dist/images/conservation/Board-Room-corner_Panorama1-P_web_lg.jpg...[32mOK[39m
[32mOK[39m
[32m>> [39m0d934c44e574a51851868f0863633c89
dist/images/conservation/Board-Room-corner_Panorama1-P_web_lg.jpg [32m>> [39m0d934c44.Board-Room-corner_Panorama1-P_web_lg.jpg
Hashing dist/images/conservation/Board-Room-corner_Panorama1-P_web_md.jpg...Reading dist/images/conservation/Board-Room-corner_Panorama1-P_web_md.jpg...[32mOK[39m
[32mOK[39m
[32m>> [39m6809ea8e83f32aaf8b6693ba76904427
dist/images/conservation/Board-Room-corner_Panorama1-P_web_md.jpg [32m>> [39m6809ea8e.Board-Room-corner_Panorama1-P_web_md.jpg
Hashing dist/images/conservation/Board-Room-corner_Panorama1-P_web_sm.jpg...Reading dist/images/conservation/Board-Room-corner_Panorama1-P_web_sm.jpg...[32mOK[39m
[32mOK[39m
[32m>> [39me79d078f8b20c69cd2bf7eb4604eff2d
dist/images/conservation/Board-Room-corner_Panorama1-P_web_sm.jpg [32m>> [39me79d078f.Board-Room-corner_Panorama1-P_web_sm.jpg
Hashing dist/images/conservation/Board-Room-corner_Panorama1-P_web_xlg.jpg...Reading dist/images/conservation/Board-Room-corner_Panorama1-P_web_xlg.jpg...[32mOK[39m
[32mOK[39m
[32m>> [39mb706049fc36f0f9b38707f1f4cadc6cd
dist/images/conservation/Board-Room-corner_Panorama1-P_web_xlg.jpg [32m>> [39mb706049f.Board-Room-corner_Panorama1-P_web_xlg.jpg
Hashing dist/images/conservation/EAA-rainGauge_web_hd.jpg...Reading dist/images/conservation/EAA-rainGauge_web_hd.jpg...[32mOK[39m
[32mOK[39m
[32m>> [39m9cf963bfb1ad34a70dc9a357296d621b
dist/images/conservation/EAA-rainGauge_web_hd.jpg [32m>> [39m9cf963bf.EAA-rainGauge_web_hd.jpg
Hashing dist/images/conservation/EAA-rainGauge_web_lg.jpg...Reading dist/images/conservation/EAA-rainGauge_web_lg.jpg...[32mOK[39m
[32mOK[39m
[32m>> [39m59a98b0f6405fc581029e9bb2344a06e
dist/images/conservation/EAA-rainGauge_web_lg.jpg [32m>> [39m59a98b0f.EAA-rainGauge_web_lg.jpg
Hashing dist/images/conservation/EAA-rainGauge_web_md.jpg...Reading dist/images/conservation/EAA-rainGauge_web_md.jpg...[32mOK[39m
[32mOK[39m
[32m>> [39m06f8157a963bfe47c47357b6b26bde4c
dist/images/conservation/EAA-rainGauge_web_md.jpg [32m>> [39m06f8157a.EAA-rainGauge_web_md.jpg
Hashing dist/images/conservation/EAA-rainGauge_web_sm.jpg...Reading dist/images/conservation/EAA-rainGauge_web_sm.jpg...[32mOK[39m
[32mOK[39m
[32m>> [39mfb35e2d8ef8a38d5428864eddbe61f87
dist/images/conservation/EAA-rainGauge_web_sm.jpg [32m>> [39mfb35e2d8.EAA-rainGauge_web_sm.jpg
Hashing dist/images/conservation/EAA-rainGauge_web_xlg.jpg...Reading dist/images/conservation/EAA-rainGauge_web_xlg.jpg...[32mOK[39m
[32mOK[39m
[32m>> [39m258b36072e516a002900e2e7b49abccd
dist/images/conservation/EAA-rainGauge_web_xlg.jpg [32m>> [39m258b3607.EAA-rainGauge_web_xlg.jpg
Hashing dist/images/conservation/EAAgilleland_web_hd.jpg...Reading dist/images/conservation/EAAgilleland_web_hd.jpg...[32mOK[39m
[32mOK[39m
[32m>> [39ma9a0d6547dc76f4d2b42828ad8754274
dist/images/conservation/EAAgilleland_web_hd.jpg [32m>> [39ma9a0d654.EAAgilleland_web_hd.jpg
Hashing dist/images/conservation/EAAgilleland_web_lg.jpg...Reading dist/images/conservation/EAAgilleland_web_lg.jpg...[32mOK[39m
[32mOK[39m
[32m>> [39m360821baed0dcc679daab9fb2cc0cbab
dist/images/conservation/EAAgilleland_web_lg.jpg [32m>> [39m360821ba.EAAgilleland_web_lg.jpg
Hashing dist/images/conservation/EAAgilleland_web_md.jpg...Reading dist/images/conservation/EAAgilleland_web_md.jpg...[32mOK[39m
[32mOK[39m
[32m>> [39m0d6974f4e65c3ed5f9893c22bedcf50f
dist/images/conservation/EAAgilleland_web_md.jpg [32m>> [39m0d6974f4.EAAgilleland_web_md.jpg
Hashing dist/images/conservation/EAAgilleland_web_sm.jpg...Reading dist/images/conservation/EAAgilleland_web_sm.jpg...[32mOK[39m
[32mOK[39m
[32m>> [39m4759eeb919685398755fe8a67b5f3cf7
dist/images/conservation/EAAgilleland_web_sm.jpg [32m>> [39m4759eeb9.EAAgilleland_web_sm.jpg
Hashing dist/images/conservation/EAAgilleland_web_xlg.jpg...Reading dist/images/conservation/EAAgilleland_web_xlg.jpg...[32mOK[39m
[32mOK[39m
[32m>> [39md8d1fc8a02478880fd30dbe40d9937eb
dist/images/conservation/EAAgilleland_web_xlg.jpg [32m>> [39md8d1fc8a.EAAgilleland_web_xlg.jpg
Hashing dist/images/conservation/GBRA_20121017_6763_web_hd.jpg...Reading dist/images/conservation/GBRA_20121017_6763_web_hd.jpg...[32mOK[39m
[32mOK[39m
[32m>> [39m8da3b8e9aa7a6c8e5ad69d88043f30f3
dist/images/conservation/GBRA_20121017_6763_web_hd.jpg [32m>> [39m8da3b8e9.GBRA_20121017_6763_web_hd.jpg
Hashing dist/images/conservation/GBRA_20121017_6763_web_lg.jpg...Reading dist/images/conservation/GBRA_20121017_6763_web_lg.jpg...[32mOK[39m
[32mOK[39m
[32m>> [39mac15104ebe70a96a7f4a5efbd3260f18
dist/images/conservation/GBRA_20121017_6763_web_lg.jpg [32m>> [39mac15104e.GBRA_20121017_6763_web_lg.jpg
Hashing dist/images/conservation/GBRA_20121017_6763_web_md.jpg...Reading dist/images/conservation/GBRA_20121017_6763_web_md.jpg...[32mOK[39m
[32mOK[39m
[32m>> [39m89abf706009609e087e2057555a600b9
dist/images/conservation/GBRA_20121017_6763_web_md.jpg [32m>> [39m89abf706.GBRA_20121017_6763_web_md.jpg
Hashing dist/images/conservation/GBRA_20121017_6763_web_sm.jpg...Reading dist/images/conservation/GBRA_20121017_6763_web_sm.jpg...[32mOK[39m
[32mOK[39m
[32m>> [39m4965c1bfbf0d9629aa34233bd36963fe
dist/images/conservation/GBRA_20121017_6763_web_sm.jpg [32m>> [39m4965c1bf.GBRA_20121017_6763_web_sm.jpg
Hashing dist/images/conservation/GBRA_20121017_6763_web_xlg.jpg...Reading dist/images/conservation/GBRA_20121017_6763_web_xlg.jpg...[32mOK[39m
[32mOK[39m
[32m>> [39m6b16c2ef63c0bc39e25929497f615211
dist/images/conservation/GBRA_20121017_6763_web_xlg.jpg [32m>> [39m6b16c2ef.GBRA_20121017_6763_web_xlg.jpg
Hashing dist/images/conservation/SM_salamander_XO5J9266_web_hd.jpg...Reading dist/images/conservation/SM_salamander_XO5J9266_web_hd.jpg...[32mOK[39m
[32mOK[39m
[32m>> [39m24dc50774823b865b7309cb12d2944df
dist/images/conservation/SM_salamander_XO5J9266_web_hd.jpg [32m>> [39m24dc5077.SM_salamander_XO5J9266_web_hd.jpg
Hashing dist/images/conservation/SM_salamander_XO5J9266_web_lg.jpg...Reading dist/images/conservation/SM_salamander_XO5J9266_web_lg.jpg...[32mOK[39m
[32mOK[39m
[32m>> [39m6f776fe13280061716df2d0bc4e8256b
dist/images/conservation/SM_salamander_XO5J9266_web_lg.jpg [32m>> [39m6f776fe1.SM_salamander_XO5J9266_web_lg.jpg
Hashing dist/images/conservation/SM_salamander_XO5J9266_web_md.jpg...Reading dist/images/conservation/SM_salamander_XO5J9266_web_md.jpg...[32mOK[39m
[32mOK[39m
[32m>> [39mc3e8515e27ee14127cf7cf41d18193e9
dist/images/conservation/SM_salamander_XO5J9266_web_md.jpg [32m>> [39mc3e8515e.SM_salamander_XO5J9266_web_md.jpg
Hashing dist/images/conservation/SM_salamander_XO5J9266_web_sm.jpg...Reading dist/images/conservation/SM_salamander_XO5J9266_web_sm.jpg...[32mOK[39m
[32mOK[39m
[32m>> [39m65053773d6807119b22ce6f69eaf3487
dist/images/conservation/SM_salamander_XO5J9266_web_sm.jpg [32m>> [39m65053773.SM_salamander_XO5J9266_web_sm.jpg
Hashing dist/images/conservation/SM_salamander_XO5J9266_web_xlg.jpg...Reading dist/images/conservation/SM_salamander_XO5J9266_web_xlg.jpg...[32mOK[39m
[32mOK[39m
[32m>> [39m49bb3978bd36c32a271d7b169a975b1e
dist/images/conservation/SM_salamander_XO5J9266_web_xlg.jpg [32m>> [39m49bb3978.SM_salamander_XO5J9266_web_xlg.jpg
Hashing dist/images/conservation/XO5J7652_web_hd.jpg...Reading dist/images/conservation/XO5J7652_web_hd.jpg...[32mOK[39m
[32mOK[39m
[32m>> [39mf618c1be1b2c1e51a2ada1bb0ad9fb8e
dist/images/conservation/XO5J7652_web_hd.jpg [32m>> [39mf618c1be.XO5J7652_web_hd.jpg
Hashing dist/images/conservation/XO5J7652_web_lg.jpg...Reading dist/images/conservation/XO5J7652_web_lg.jpg...[32mOK[39m
[32mOK[39m
[32m>> [39mec5b30a34d7afcbe34dc88ad385660c0
dist/images/conservation/XO5J7652_web_lg.jpg [32m>> [39mec5b30a3.XO5J7652_web_lg.jpg
Hashing dist/images/conservation/XO5J7652_web_md.jpg...Reading dist/images/conservation/XO5J7652_web_md.jpg...[32mOK[39m
[32mOK[39m
[32m>> [39mda11abe5476e1adf0b9902e2aa7fd23f
dist/images/conservation/XO5J7652_web_md.jpg [32m>> [39mda11abe5.XO5J7652_web_md.jpg
Hashing dist/images/conservation/XO5J7652_web_sm.jpg...Reading dist/images/conservation/XO5J7652_web_sm.jpg...[32mOK[39m
[32mOK[39m
[32m>> [39me80a4ff958f0d2c4c539f4e9c701d21d
dist/images/conservation/XO5J7652_web_sm.jpg [32m>> [39me80a4ff9.XO5J7652_web_sm.jpg
Hashing dist/images/conservation/XO5J7652_web_xlg.jpg...Reading dist/images/conservation/XO5J7652_web_xlg.jpg...[32mOK[39m
[32mOK[39m
[32m>> [39mee50a6060cb07424fb2bbeb7a05fd962
dist/images/conservation/XO5J7652_web_xlg.jpg [32m>> [39mee50a606.XO5J7652_web_xlg.jpg
Hashing dist/images/eaa_branding/eaa-logo-bw.png...Reading dist/images/eaa_branding/eaa-logo-bw.png...[32mOK[39m
[32mOK[39m
[32m>> [39m0ced61a7314cabc03b4aee7806876149
dist/images/eaa_branding/eaa-logo-bw.png [32m>> [39m0ced61a7.eaa-logo-bw.png
Hashing dist/images/eaa_branding/eaa-logo-color.png...Reading dist/images/eaa_branding/eaa-logo-color.png...[32mOK[39m
[32mOK[39m
[32m>> [39m40976657fe7a976631b510b1f51dc6e6
dist/images/eaa_branding/eaa-logo-color.png [32m>> [39m40976657.eaa-logo-color.png
Hashing dist/images/eaa_branding/eahcp-logo-color.png...Reading dist/images/eaa_branding/eahcp-logo-color.png...[32mOK[39m
[32mOK[39m
[32m>> [39m267c6d213ed1a2acce10535b619cde9d
dist/images/eaa_branding/eahcp-logo-color.png [32m>> [39m267c6d21.eahcp-logo-color.png
Hashing dist/images/springs/Boat_0054_web_hd.jpg...Reading dist/images/springs/Boat_0054_web_hd.jpg...[32mOK[39m
[32mOK[39m
[32m>> [39m0d2d1834aed6645b53216082ad1d15c3
dist/images/springs/Boat_0054_web_hd.jpg [32m>> [39m0d2d1834.Boat_0054_web_hd.jpg
Hashing dist/images/springs/Boat_0054_web_lg.jpg...Reading dist/images/springs/Boat_0054_web_lg.jpg...[32mOK[39m
[32mOK[39m
[32m>> [39m711b1246febe29313ab38e5ccd89221b
dist/images/springs/Boat_0054_web_lg.jpg [32m>> [39m711b1246.Boat_0054_web_lg.jpg
Hashing dist/images/springs/Boat_0054_web_md.jpg...Reading dist/images/springs/Boat_0054_web_md.jpg...[32mOK[39m
[32mOK[39m
[32m>> [39m24962f3c9e43571d7cb8dba875928fed
dist/images/springs/Boat_0054_web_md.jpg [32m>> [39m24962f3c.Boat_0054_web_md.jpg
Hashing dist/images/springs/Boat_0054_web_sm.jpg...Reading dist/images/springs/Boat_0054_web_sm.jpg...[32mOK[39m
[32mOK[39m
[32m>> [39meef6ef9407485c14bd4c764592394e01
dist/images/springs/Boat_0054_web_sm.jpg [32m>> [39meef6ef94.Boat_0054_web_sm.jpg
Hashing dist/images/springs/Boat_0054_web_xlg.jpg...Reading dist/images/springs/Boat_0054_web_xlg.jpg...[32mOK[39m
[32mOK[39m
[32m>> [39mc1454b797d62a57c5ae83000d8cb2a81
dist/images/springs/Boat_0054_web_xlg.jpg [32m>> [39mc1454b79.Boat_0054_web_xlg.jpg
Hashing dist/images/springs/EAAOriparianrandy20120801_0404_web_hd.jpg...Reading dist/images/springs/EAAOriparianrandy20120801_0404_web_hd.jpg...[32mOK[39m
[32mOK[39m
[32m>> [39m64ee8dfd1b1cf70d8bdfed4125b65d51
dist/images/springs/EAAOriparianrandy20120801_0404_web_hd.jpg [32m>> [39m64ee8dfd.EAAOriparianrandy20120801_0404_web_hd.jpg
Hashing dist/images/springs/EAAOriparianrandy20120801_0404_web_lg.jpg...Reading dist/images/springs/EAAOriparianrandy20120801_0404_web_lg.jpg...[32mOK[39m
[32mOK[39m
[32m>> [39m78163c04cb5dd464883626ad51885a77
dist/images/springs/EAAOriparianrandy20120801_0404_web_lg.jpg [32m>> [39m78163c04.EAAOriparianrandy20120801_0404_web_lg.jpg
Hashing dist/images/springs/EAAOriparianrandy20120801_0404_web_md.jpg...Reading dist/images/springs/EAAOriparianrandy20120801_0404_web_md.jpg...[32mOK[39m
[32mOK[39m
[32m>> [39mec2071031fe222ddfb8cc308790569e5
dist/images/springs/EAAOriparianrandy20120801_0404_web_md.jpg [32m>> [39mec207103.EAAOriparianrandy20120801_0404_web_md.jpg
Hashing dist/images/springs/EAAOriparianrandy20120801_0404_web_sm.jpg...Reading dist/images/springs/EAAOriparianrandy20120801_0404_web_sm.jpg...[32mOK[39m
[32mOK[39m
[32m>> [39m0d4248e0f9a821b04473c07d134e82c9
dist/images/springs/EAAOriparianrandy20120801_0404_web_sm.jpg [32m>> [39m0d4248e0.EAAOriparianrandy20120801_0404_web_sm.jpg
Hashing dist/images/springs/EAAOriparianrandy20120801_0404_web_xlg.jpg...Reading dist/images/springs/EAAOriparianrandy20120801_0404_web_xlg.jpg...[32mOK[39m
[32mOK[39m
[32m>> [39mefaa009c4049132c8181b273378ced4c
dist/images/springs/EAAOriparianrandy20120801_0404_web_xlg.jpg [32m>> [39mefaa009c.EAAOriparianrandy20120801_0404_web_xlg.jpg
Hashing dist/images/springs/EAAaquarena20120702_8316_web_hd.jpg...Reading dist/images/springs/EAAaquarena20120702_8316_web_hd.jpg...[32mOK[39m
[32mOK[39m
[32m>> [39m67ed11247844b4afa2c19f7da6cd913e
dist/images/springs/EAAaquarena20120702_8316_web_hd.jpg [32m>> [39m67ed1124.EAAaquarena20120702_8316_web_hd.jpg
Hashing dist/images/springs/EAAaquarena20120702_8316_web_lg.jpg...Reading dist/images/springs/EAAaquarena20120702_8316_web_lg.jpg...[32mOK[39m
[32mOK[39m
[32m>> [39m67a57d663d1c358fc90097578c4582ce
dist/images/springs/EAAaquarena20120702_8316_web_lg.jpg [32m>> [39m67a57d66.EAAaquarena20120702_8316_web_lg.jpg
Hashing dist/images/springs/EAAaquarena20120702_8316_web_md.jpg...Reading dist/images/springs/EAAaquarena20120702_8316_web_md.jpg...[32mOK[39m
[32mOK[39m
[32m>> [39m47b04ef59a54b2d426535402bdc15503
dist/images/springs/EAAaquarena20120702_8316_web_md.jpg [32m>> [39m47b04ef5.EAAaquarena20120702_8316_web_md.jpg
Hashing dist/images/springs/EAAaquarena20120702_8316_web_sm.jpg...Reading dist/images/springs/EAAaquarena20120702_8316_web_sm.jpg...[32mOK[39m
[32mOK[39m
[32m>> [39mea3be7198d3e8a3028f8218f7b1155bb
dist/images/springs/EAAaquarena20120702_8316_web_sm.jpg [32m>> [39mea3be719.EAAaquarena20120702_8316_web_sm.jpg
Hashing dist/images/springs/EAAaquarena20120702_8316_web_xlg.jpg...Reading dist/images/springs/EAAaquarena20120702_8316_web_xlg.jpg...[32mOK[39m
[32mOK[39m
[32m>> [39ma3b5b2aac17193a70c05aceefce9f8cb
dist/images/springs/EAAaquarena20120702_8316_web_xlg.jpg [32m>> [39ma3b5b2aa.EAAaquarena20120702_8316_web_xlg.jpg
Hashing dist/images/springs/EAArice20120503_3620_web_hd.jpg...Reading dist/images/springs/EAArice20120503_3620_web_hd.jpg...[32mOK[39m
[32mOK[39m
[32m>> [39m25869133b3a4e1c0cd25c118ed3448e4
dist/images/springs/EAArice20120503_3620_web_hd.jpg [32m>> [39m25869133.EAArice20120503_3620_web_hd.jpg
Hashing dist/images/springs/EAArice20120503_3620_web_lg.jpg...Reading dist/images/springs/EAArice20120503_3620_web_lg.jpg...[32mOK[39m
[32mOK[39m
[32m>> [39me31fcdb442d416fd519839250baf1e0a
dist/images/springs/EAArice20120503_3620_web_lg.jpg [32m>> [39me31fcdb4.EAArice20120503_3620_web_lg.jpg
Hashing dist/images/springs/EAArice20120503_3620_web_md.jpg...Reading dist/images/springs/EAArice20120503_3620_web_md.jpg...[32mOK[39m
[32mOK[39m
[32m>> [39mc7714ed3184da4e47588e53a519f72ae
dist/images/springs/EAArice20120503_3620_web_md.jpg [32m>> [39mc7714ed3.EAArice20120503_3620_web_md.jpg
Hashing dist/images/springs/EAArice20120503_3620_web_sm.jpg...Reading dist/images/springs/EAArice20120503_3620_web_sm.jpg...[32mOK[39m
[32mOK[39m
[32m>> [39m7d49e6a1e72e82ef5832958d67a9a3d2
dist/images/springs/EAArice20120503_3620_web_sm.jpg [32m>> [39m7d49e6a1.EAArice20120503_3620_web_sm.jpg
Hashing dist/images/springs/EAArice20120503_3620_web_xlg.jpg...Reading dist/images/springs/EAArice20120503_3620_web_xlg.jpg...[32mOK[39m
[32mOK[39m
[32m>> [39m720efa23fa47561a02be313d1e4e0415
dist/images/springs/EAArice20120503_3620_web_xlg.jpg [32m>> [39m720efa23.EAArice20120503_3620_web_xlg.jpg
Hashing dist/images/springs/Looking-Underwater_0017_web_hd.jpg...Reading dist/images/springs/Looking-Underwater_0017_web_hd.jpg...[32mOK[39m
[32mOK[39m
[32m>> [39m38881c8ead77b43d1dea962b062da26e
dist/images/springs/Looking-Underwater_0017_web_hd.jpg [32m>> [39m38881c8e.Looking-Underwater_0017_web_hd.jpg
Hashing dist/images/springs/Looking-Underwater_0017_web_lg.jpg...Reading dist/images/springs/Looking-Underwater_0017_web_lg.jpg...[32mOK[39m
[32mOK[39m
[32m>> [39m555c0aa82636b778981386582d782688
dist/images/springs/Looking-Underwater_0017_web_lg.jpg [32m>> [39m555c0aa8.Looking-Underwater_0017_web_lg.jpg
Hashing dist/images/springs/Looking-Underwater_0017_web_md.jpg...Reading dist/images/springs/Looking-Underwater_0017_web_md.jpg...[32mOK[39m
[32mOK[39m
[32m>> [39mf380df264e630b06bc1f51a68f7dcf67
dist/images/springs/Looking-Underwater_0017_web_md.jpg [32m>> [39mf380df26.Looking-Underwater_0017_web_md.jpg
Hashing dist/images/springs/Looking-Underwater_0017_web_sm.jpg...Reading dist/images/springs/Looking-Underwater_0017_web_sm.jpg...[32mOK[39m
[32mOK[39m
[32m>> [39mb727c96b76ad9046f8fa16da18b134ce
dist/images/springs/Looking-Underwater_0017_web_sm.jpg [32m>> [39mb727c96b.Looking-Underwater_0017_web_sm.jpg
Hashing dist/images/springs/Looking-Underwater_0017_web_xlg.jpg...Reading dist/images/springs/Looking-Underwater_0017_web_xlg.jpg...[32mOK[39m
[32mOK[39m
[32m>> [39mfbf11bc57ade4bc063673b7a3e8815e3
dist/images/springs/Looking-Underwater_0017_web_xlg.jpg [32m>> [39mfbf11bc5.Looking-Underwater_0017_web_xlg.jpg
Hashing dist/images/springs/Looking-Underwater_0020_web_hd.jpg...Reading dist/images/springs/Looking-Underwater_0020_web_hd.jpg...[32mOK[39m
[32mOK[39m
[32m>> [39m8d42b05aa92f181fd8aac99fbdd527cb
dist/images/springs/Looking-Underwater_0020_web_hd.jpg [32m>> [39m8d42b05a.Looking-Underwater_0020_web_hd.jpg
Hashing dist/images/springs/Looking-Underwater_0020_web_lg.jpg...Reading dist/images/springs/Looking-Underwater_0020_web_lg.jpg...[32mOK[39m
[32mOK[39m
[32m>> [39m5437cac18a3f8abc73da967d5b585a4d
dist/images/springs/Looking-Underwater_0020_web_lg.jpg [32m>> [39m5437cac1.Looking-Underwater_0020_web_lg.jpg
Hashing dist/images/springs/Looking-Underwater_0020_web_md.jpg...Reading dist/images/springs/Looking-Underwater_0020_web_md.jpg...[32mOK[39m
[32mOK[39m
[32m>> [39me362c2e9f58389f1e13e2406dfe73a10
dist/images/springs/Looking-Underwater_0020_web_md.jpg [32m>> [39me362c2e9.Looking-Underwater_0020_web_md.jpg
Hashing dist/images/springs/Looking-Underwater_0020_web_sm.jpg...Reading dist/images/springs/Looking-Underwater_0020_web_sm.jpg...[32mOK[39m
[32mOK[39m
[32m>> [39m910e34788a1ecd01f92295f4e0209582
dist/images/springs/Looking-Underwater_0020_web_sm.jpg [32m>> [39m910e3478.Looking-Underwater_0020_web_sm.jpg
Hashing dist/images/springs/Looking-Underwater_0020_web_xlg.jpg...Reading dist/images/springs/Looking-Underwater_0020_web_xlg.jpg...[32mOK[39m
[32mOK[39m
[32m>> [39m710c8b28bda17992e817dbfee3b4d334
dist/images/springs/Looking-Underwater_0020_web_xlg.jpg [32m>> [39m710c8b28.Looking-Underwater_0020_web_xlg.jpg
Hashing dist/images/springs/aerial_view_web_hd.jpg...Reading dist/images/springs/aerial_view_web_hd.jpg...[32mOK[39m
[32mOK[39m
[32m>> [39m97de7d592d130e2afc18d387a048d093
dist/images/springs/aerial_view_web_hd.jpg [32m>> [39m97de7d59.aerial_view_web_hd.jpg
Hashing dist/images/springs/aerial_view_web_lg.jpg...Reading dist/images/springs/aerial_view_web_lg.jpg...[32mOK[39m
[32mOK[39m
[32m>> [39mb307309e3d275949b98c1fa56d9d81f3
dist/images/springs/aerial_view_web_lg.jpg [32m>> [39mb307309e.aerial_view_web_lg.jpg
Hashing dist/images/springs/aerial_view_web_md.jpg...Reading dist/images/springs/aerial_view_web_md.jpg...[32mOK[39m
[32mOK[39m
[32m>> [39m14e725066950b1a64387191e5fda1c4b
dist/images/springs/aerial_view_web_md.jpg [32m>> [39m14e72506.aerial_view_web_md.jpg
Hashing dist/images/springs/aerial_view_web_sm.jpg...Reading dist/images/springs/aerial_view_web_sm.jpg...[32mOK[39m
[32mOK[39m
[32m>> [39mcc9b359144cc2be2c2eb82ae18f00bf4
dist/images/springs/aerial_view_web_sm.jpg [32m>> [39mcc9b3591.aerial_view_web_sm.jpg
Hashing dist/images/springs/aerial_view_web_xlg.jpg...Reading dist/images/springs/aerial_view_web_xlg.jpg...[32mOK[39m
[32mOK[39m
[32m>> [39m059676a4e9e5d8671f57d2bbf7f0da62
dist/images/springs/aerial_view_web_xlg.jpg [32m>> [39m059676a4.aerial_view_web_xlg.jpg
Hashing dist/images/springs/com-springs2_web_hd.jpg...Reading dist/images/springs/com-springs2_web_hd.jpg...[32mOK[39m
[32mOK[39m
[32m>> [39mbfc50c4cd5bcabe5d4405cbd8b113b5e
dist/images/springs/com-springs2_web_hd.jpg [32m>> [39mbfc50c4c.com-springs2_web_hd.jpg
Hashing dist/images/springs/com-springs2_web_lg.jpg...Reading dist/images/springs/com-springs2_web_lg.jpg...[32mOK[39m
[32mOK[39m
[32m>> [39m58ed0fb4714be3275bdee56fea194a4c
dist/images/springs/com-springs2_web_lg.jpg [32m>> [39m58ed0fb4.com-springs2_web_lg.jpg
Hashing dist/images/springs/com-springs2_web_md.jpg...Reading dist/images/springs/com-springs2_web_md.jpg...[32mOK[39m
[32mOK[39m
[32m>> [39m8e5ee74c45c5cb281e3912e5f4dd9c12
dist/images/springs/com-springs2_web_md.jpg [32m>> [39m8e5ee74c.com-springs2_web_md.jpg
Hashing dist/images/springs/com-springs2_web_sm.jpg...Reading dist/images/springs/com-springs2_web_sm.jpg...[32mOK[39m
[32mOK[39m
[32m>> [39m0d3d9c428c73812794eb85804e21b0ae
dist/images/springs/com-springs2_web_sm.jpg [32m>> [39m0d3d9c42.com-springs2_web_sm.jpg
Hashing dist/images/springs/com-springs2_web_xlg.jpg...Reading dist/images/springs/com-springs2_web_xlg.jpg...[32mOK[39m
[32mOK[39m
[32m>> [39me97617e04ecd5dabdcadc6554a4e1b86
dist/images/springs/com-springs2_web_xlg.jpg [32m>> [39me97617e0.com-springs2_web_xlg.jpg
Hashing dist/images/springs/waterfall_web_hd.jpg...Reading dist/images/springs/waterfall_web_hd.jpg...[32mOK[39m
[32mOK[39m
[32m>> [39mfa2732044a14c0a9496fed0c42d38988
dist/images/springs/waterfall_web_hd.jpg [32m>> [39mfa273204.waterfall_web_hd.jpg
Hashing dist/images/springs/waterfall_web_lg.jpg...Reading dist/images/springs/waterfall_web_lg.jpg...[32mOK[39m
[32mOK[39m
[32m>> [39m166b41bf7d0af3c5ceabd6cb396af3d5
dist/images/springs/waterfall_web_lg.jpg [32m>> [39m166b41bf.waterfall_web_lg.jpg
Hashing dist/images/springs/waterfall_web_md.jpg...Reading dist/images/springs/waterfall_web_md.jpg...[32mOK[39m
[32mOK[39m
[32m>> [39mb66166b6718562809005dcc37d27de3f
dist/images/springs/waterfall_web_md.jpg [32m>> [39mb66166b6.waterfall_web_md.jpg
Hashing dist/images/springs/waterfall_web_sm.jpg...Reading dist/images/springs/waterfall_web_sm.jpg...[32mOK[39m
[32mOK[39m
[32m>> [39m45d211c25bb5d26383631347f658cd18
dist/images/springs/waterfall_web_sm.jpg [32m>> [39m45d211c2.waterfall_web_sm.jpg
Hashing dist/images/springs/waterfall_web_xlg.jpg...Reading dist/images/springs/waterfall_web_xlg.jpg...[32mOK[39m
[32mOK[39m
[32m>> [39m2f8fb7e89177ea26d7ac2e31086fceab
dist/images/springs/waterfall_web_xlg.jpg [32m>> [39m2f8fb7e8.waterfall_web_xlg.jpg

[4mRunning "usemin" task[24m

[4mRunning "usemin:html" (usemin) task[24m
Verifying property [36musemin.html[39m exists in config...[32mOK[39m
Files: [36mdist/404.html[39m, [36mdist/index.html[39m, [36mdist/views/about.html[39m, [36mdist/views/caves-karsts.html[39m, [36mdist/views/conservation.html[39m, [36mdist/views/contact.html[39m, [36mdist/views/explore.html[39m, [36mdist/views/springs.html[39m -> [36mhtml[39m
Options: [36mtype="html"[39m, [36massetsDirs=["dist","dist/images"][39m

[1mProcessing as HTML - dist/404.html[22m
Update the HTML to reference our concat/min/revved script files
Update the HTML with the new css filenames
Update the HTML with the new img filenames
Update the HTML with data-main tags
Update the HTML with data-* tags
Update the HTML with background imgs, case there is some inline style
Update the HTML with anchors images
Update the HTML with reference in input
Writing dist/404.html...[32mOK[39m

[1mProcessing as HTML - dist/index.html[22m
Update the HTML to reference our concat/min/revved script files
<script src="scripts/vendor.js" changed to <script src="scripts/5a7fecf2.vendor.js"
<script src="scripts/scripts.js" changed to <script src="scripts/279c9928.scripts.js"
Update the HTML with the new css filenames
Update the HTML with the new img filenames
<img class="img-responsive pull-left eaa-logo" src="./images/eaa_branding/eaa-logo-color.png" changed to <img class="img-responsive pull-left eaa-logo" src="./images/eaa_branding/40976657.eaa-logo-color.png"
Update the HTML with data-main tags
Update the HTML with data-* tags
Update the HTML with background imgs, case there is some inline style
Update the HTML with anchors images
Update the HTML with reference in input
Writing dist/index.html...[32mOK[39m

[1mProcessing as HTML - dist/views/about.html[22m
Update the HTML to reference our concat/min/revved script files
Update the HTML with the new css filenames
Update the HTML with the new img filenames
Update the HTML with data-main tags
Update the HTML with data-* tags
Update the HTML with background imgs, case there is some inline style
Update the HTML with anchors images
Update the HTML with reference in input
Writing dist/views/about.html...[32mOK[39m

[1mProcessing as HTML - dist/views/caves-karsts.html[22m
Update the HTML to reference our concat/min/revved script files
Update the HTML with the new css filenames
Update the HTML with the new img filenames
Update the HTML with data-main tags
Update the HTML with data-* tags
Update the HTML with background imgs, case there is some inline style
Update the HTML with anchors images
Update the HTML with reference in input
Writing dist/views/caves-karsts.html...[32mOK[39m

[1mProcessing as HTML - dist/views/conservation.html[22m
Update the HTML to reference our concat/min/revved script files
Update the HTML with the new css filenames
Update the HTML with the new img filenames
Update the HTML with data-main tags
Update the HTML with data-* tags
Update the HTML with background imgs, case there is some inline style
Update the HTML with anchors images
Update the HTML with reference in input
Writing dist/views/conservation.html...[32mOK[39m

[1mProcessing as HTML - dist/views/contact.html[22m
Update the HTML to reference our concat/min/revved script files
Update the HTML with the new css filenames
Update the HTML with the new img filenames
Update the HTML with data-main tags
Update the HTML with data-* tags
Update the HTML with background imgs, case there is some inline style
Update the HTML with anchors images
Update the HTML with reference in input
Writing dist/views/contact.html...[32mOK[39m

[1mProcessing as HTML - dist/views/explore.html[22m
Update the HTML to reference our concat/min/revved script files
Update the HTML with the new css filenames
Update the HTML with the new img filenames
Update the HTML with data-main tags
Update the HTML with data-* tags
Update the HTML with background imgs, case there is some inline style
Update the HTML with anchors images
Update the HTML with reference in input
Writing dist/views/explore.html...[32mOK[39m

[1mProcessing as HTML - dist/views/springs.html[22m
Update the HTML to reference our concat/min/revved script files
Update the HTML with the new css filenames
Update the HTML with the new img filenames
Update the HTML with data-main tags
Update the HTML with data-* tags
Update the HTML with background imgs, case there is some inline style
Update the HTML with anchors images
Update the HTML with reference in input
Writing dist/views/springs.html...[32mOK[39m

[4mRunning "usemin:css" (usemin) task[24m
Verifying property [36musemin.css[39m exists in config...[32mOK[39m
Files: [33m[no src][39m -> [36mcss[39m
Options: [36mtype="css"[39m, [36massetsDirs=["dist","dist/images"][39m

[4mRunning "htmlmin" task[24m

[4mRunning "htmlmin:dist" (htmlmin) task[24m
Verifying property [36mhtmlmin.dist[39m exists in config...[32mOK[39m
Files: [36mdist/404.html[39m -> [36mdist/404.html[39m
Files: [36mdist/index.html[39m -> [36mdist/index.html[39m
Files: [36mdist/views/about.html[39m -> [36mdist/views/about.html[39m
Files: [36mdist/views/caves-karsts.html[39m -> [36mdist/views/caves-karsts.html[39m
Files: [36mdist/views/conservation.html[39m -> [36mdist/views/conservation.html[39m
Files: [36mdist/views/contact.html[39m -> [36mdist/views/contact.html[39m
Files: [36mdist/views/explore.html[39m -> [36mdist/views/explore.html[39m
Files: [36mdist/views/springs.html[39m -> [36mdist/views/springs.html[39m
Options: [36mcollapseWhitespace[39m, [36mcollapseBooleanAttributes[39m, [36mremoveCommentsFromCDATA[39m, [36mremoveOptionalTags[39m
Options: [36mcollapseWhitespace[39m, [36mcollapseBooleanAttributes[39m, [36mremoveCommentsFromCDATA[39m, [36mremoveOptionalTags[39m
Reading dist/404.html...[32mOK[39m
Writing dist/404.html...[32mOK[39m
File dist/404.html created.
Reading dist/index.html...[32mOK[39m
Writing dist/index.html...[32mOK[39m
File dist/index.html created.
Reading dist/views/about.html...[32mOK[39m
Writing dist/views/about.html...[32mOK[39m
File dist/views/about.html created.
Reading dist/views/caves-karsts.html...[32mOK[39m
Writing dist/views/caves-karsts.html...[32mOK[39m
File dist/views/caves-karsts.html created.
Reading dist/views/conservation.html...[32mOK[39m
Writing dist/views/conservation.html...[32mOK[39m
File dist/views/conservation.html created.
Reading dist/views/contact.html...[32mOK[39m
Writing dist/views/contact.html...[32mOK[39m
File dist/views/contact.html created.
Reading dist/views/explore.html...[32mOK[39m
Writing dist/views/explore.html...[32mOK[39m
File dist/views/explore.html created.
Reading dist/views/springs.html...[32mOK[39m
Writing dist/views/springs.html...[32mOK[39m
File dist/views/springs.html created.

[32mDone, without errors.[39m


Execution Time (2014-07-23 22:05:27 UTC)
loading tasks         5ms  0%
build                 1ms  0%
clean:dist          224ms  0%
bowerInstall          1ms  0%
bowerInstall:app     94ms  0%
bowerInstall:sass    88ms  0%
useminPrepare         0ms  0%
useminPrepare:html   18ms  0%
concurrent:dist      8.7s  ■■■■■■■■ 17%
autoprefixer          0ms  0%
autoprefixer:dist   148ms  0%
concat                0ms  0%
concat:generated    478ms  ■ 1%
ngmin                 0ms  0%
ngmin:dist          31.6s  ■■■■■■■■■■■■■■■■■■■■■■■■■■ 60%
copy:dist           858ms  ■ 2%
copy:data            40ms  0%
copy:videos          17ms  0%
cdnify                0ms  0%
cdnify:dist          26ms  0%
cssmin                0ms  0%
uglify                1ms  0%
uglify:generated     8.6s  ■■■■■■■ 17%
rev                   0ms  0%
rev:dist            972ms  ■ 2%
usemin                0ms  0%
usemin:html         369ms  ■ 1%
usemin:css            1ms  0%
htmlmin               0ms  0%
htmlmin:dist         57ms  0%
Total 52.4s
